XXx---XX---XXX
XVx---XV---DXX
VVd--XDV---DVD
VVd--DDV-X-DVX
VVdX-DDV-V-DVd
DDdV-DDVXV-Ddd
dddV-DDvXV-Ddd
dddV-DdvXVXddd
dddV-ddvDDVddd
dddV-dddDVVddd
dddv-ddvDdDddd
dddd-dvddxDdvd
dddd-dxdddDdvd
ddxxXxxdddDdvd
ddxxXdxdddDdvd
dddxXdxdddDddd
ddddXdxdxxDdxx
ddddXdddxdDxxx
ddddVdddxdDdxd
ddddVdddvdDddd
ddddDdvvvdDdvd
ddddVdvdvdVvvd
ddddDdvdvdDvdd
vdddVdvdvdDvvx
xvDdVdvdvdDvdd
XvDdDdvdvdDvdX
XVVdDDvxxdXVXD
DVXdXXVxxdDVDD
DXXDXXVxvdDDDD
XXXDVXDxvXDDDD
XXXXXXDXVXDDDD
XXXXXXDXVXDXXD
XXXXXXXXXXDXXD
XXXXXXXXXXDDXD
XXXDDXXXDXDDXD
VVDDDXXXDDDDXD
VvdDVVVvvvDdvD
DvvDdVvvvvddvD
DvvDvvvvvvddvD
DvvDdvvvvd--vX
dddDddvdvdvddx
ddddddvdddvddv
ddddddvdxddddv
ddddddvdddvddd
ddddddxdddxddv
ddddddxdddxddv
ddddddxddddddd
dddddddddddddd
ddddddddddddxd
ddddddddddddxd
ddddddddddddxx
ddddddddddddxx
dxdddxdvdxddxx
dxdddddvdxddvx
dxdddvdxdDddvd
vddddvdvdDddvd
dddddvdvdDvdvd
ddddxvdxdDxdvd
vdddxvdXDDxdvd
VdDdxxdXDDddvd
VdDvxxdXDDddxd
XDDvxXdXXXddXD
XXXVXXXXXDDDXD
XXXVXXXXXDXDXD
VXDVXVDXVDXDVX
VXVV--XXVD-DVX
XVXVXVXXVD-XVX
XVXVVVXXXD-XXX
XVXXVXXVX-XXXV
VVXXVVXVXDXXXd
VvXXVVXVXXXXXd
vvXXVXDVXX----
vdXXDXDdXXVXVx
vdXXdXDdXDvVvd
vdDDdDDddVvVvd
vdDDdDdddVvVvd
vddDdDdddDvVvd
dddDdDdddVvVvd
vddDdDdddDvDdd
xddDdDdddDvddd
dddDdDdddDvddd
dddDdDdddDvdvd
dddDdDxdxDxdxd
ddxDdDxdxXxdxd
xddDddxdxxxdxd
xddDddxdddxdxd
xddDddxdddxdxd
vddDddddddddxd
dddDddddddddvd
vdddddddddddvd
vdddddddddddvd
v-ddddddddddvd
vdddddddddddvd
ddddddddddddvd
dvddvvdDddddxd
dddddddXdddddD
DDXvDddVDdddDD
XXXvXxdVXdDdDD
DDDvDddVVdDdDD
VVVvVvdVVvVvDD
VVVvVvDVVvVvDX
VVVxVvDVVvVvDX
VVVxVVVXVXVvDD
VVXxV-VDXXXvXD
XXXxXVXDXXXXDX
XXXxXXXDXXXXDD
XXXxXXXDXXXXDD
XXVxXXX-XX-XXD
XXXxXXX-XX-XXD
XXVXXDV-XVXXXD
XXVXXDV-XXXXXD
XDXXVXVDXXXXXX
XDXXVXVDXXXx-X
XXXXVXVXVXXx-X
VDVVVXvDXvXv-X
vVvvVxxDXvXv-V
vDvvvxxVXxvd-V
vDvvvvdXXdxd-d
dDvvvvdxxxddXd
ddvdvddxvdddvx
dddddddvvdddvd
ddddddddddddvd
ddddddddddddvd
ddddddddddddvd
dddddddddddddd
dddddddddddddd
ddddddddddvddd
ddddddddddvxdd
ddddddxdddxxdd
ddddddxdddxxdd
ddddddddddxXdd
dddxddddddxXdv
dvxxddddddvXdv
xdxddXvdddvXdv
xdxddXvdddvVdv
XvxddXvDxdvVdv
XvxddXxDxdvXdv
DXxDdXxDxdvXdv
DXXXxXXVXdXXDx
--XXvXXXXVXXDX
---X----------
DXXDvXXXXXXXDD
DXXVVXXXXXXXDD
XXXVVXXXXXXXXD
DXVVVXXXXVXXDX
DXVXXXXXXVXXXX
DXXXXVXXXVXXXX
XXXDXVX-XVXXDX
XVXDXVV-VVXVXV
XVXDXXV-VVXXVV
XVXXXXV-XVXXVV
XVXXXDV-XVXXVV
XVX-XDV-VXXXVD
DVX-XDXXXXXXXV
XVX-XDXXXXXXXV
-VXDXvXXXXXXDX
-DXDXvXXXDVXDX
-DXVXv--VDDXDX
--------V-----
XDXVVv--vDDXXX
XdXVDdDXvDDXXX
XdVDDvDVvDDVXD
XdvDddDvvdDVXD
VdvXdddvdddVXd
ddvDdddvdddVXd
dddddddvdddVXd
ddddddddxddVVd
ddddddddxddDVd
ddddddvdxdddXd
ddddddddddddvd
ddddddddddddvx
dddvdddddddddx
ddddddddddddxx
dddddDdddddddd
dddddDdddddddd
dddddDdddddddd
dddddDdddddddd
dddddDdddddddd
dddddDdddddddd
dddddDddvddddd
dddddDddvddddd
vddddDxdvddddd
xDdddDxdXddddd
vDDddDxDXddddd
vDDddDxDDddddd
vDDddDxDDdddvv
dDDddDdDVdddvv
dDDdDDVDVDvdVv
dDDdDDVDVDDvVX
DDDdDDVDVDVvVX
DDDDDDVDVDVvVX
DDDDDDVDXDDvXX
DDDDDXVDDDDVXX
DDDDDXDDDDDXXX
DDDDDXDDDDDDXX
DDDDDXXDDDDDXX
DDDDDXXDDVDDDX
DDDDDXXDDVDDDX
DDDDDXXDDVXDDX
DDDDDXXDDXDDDX
DDDDDXXDDXXDDX
XDDDDXXDDXXXDX
XDXDDDXDDXXDDX
XXXDDDXDDXXXDD
XXXDDDXDDXXvdD
XXXDDDXDDXX-dX
XXXDD-DDDXX-dX
XXXDD-DdDXX--X
XXXDX-ddDXX--X
XxDDV-ddDXX--X
VvDDV-ddDXV--X
VvDDV---DXV--X
VvdDdD--VVvddx
vvdDdDddvdvddv
vvdddDddvdvddv
dvdddDddddvddd
dddddddddddddd
ddddddddddvddd
dddddddddddddd
dddddddddddddd
dddddddddddddd
ddddddddddddvd
dddddddddvvddd
dvddddddddvddd
dvddddddddvddx
dxddddddxvxdvd
dXdddddDxxxdxd
dXdddddXdxxdxd
vXdddddDdxxDvd
vXdddddDdvxDvd
vXdddddDdvxDvd
VVvdDv-DDvDDvd
XVvdDv-VDvDDVd
XVvdDv-VDvVDXd
XVvVDX-VD-XDXd
XVvDD-dVD-XDXd
X-XDD-dXD-XDVX
XVXXX-dXDvXDVX
XXXXXXDXXvXXdD
XXXXXXXXXvXXdD
--XXXXXXXXXXdD
--XX--XDXDXXdX
--DDXXXXDXDXdD
--DDDXXXDXDXdD
--DDDXXDDXdDdd
DXddDXVDdXdVdd
DXdddVDddXdDdd
DXdddVDddXdDxd
DXdddvDddXdDxd
dDdddvDddvdDxd
dvdddvVddvdDxd
ddddddVddvdDvd
dvddddXddvdDvd
dddddddddddDvd
dvdddddddxdDvd
vddddddddxdDxd
dddddddddxvddd
dddddddddxxdxd
ddddddddddxdvd
ddddxddxdxxdvd
dddddddddxxdvd
dddxxddxdxvdvd
dddDdddddvvdvd
dddDdddddvvdVd
vddVdddddvvdXv
dddVdxdddvvdXv
dddDdddddvvdDv
ddDXdddvvXvdXv
vdDXXdxVvXvdDx
DDDXXdxXXXXdDX
DDD-DdXDDVXdDD
DDD-DdXDDVDdDD
DDD-DdDDDVXdDD
DDD-DDDDDVXDXD
DDD-DDDDDXDDXD
DDD-DDVDD-XDVD
DDD-DDVDX-VDVD
DDD-DDVDX-XXVD
DDV-DDVDX-XXVD
DDX-DDXD--XXVX
XXX-XXXX--XXXX
