----------X------------------------
----------V------------------------
----------V----------------X-------
----------V----------------V-------
----------V----------------D-------
----------V----------------V-------
----------D------------X---V-----X-
----------D------------V---V-----V-
-X--------V------------V---V-----V-
-X--------X--X---------V---D-----V-
-X--------X--X---------V---V-----V-
-X-X------XX-X---------V---X-----V-
-X-X-----XXX-X---------X---X-----X-
-X-XX----XXX-X----X-X-XX---X-----X-
-X-XV----XXX-X----XXX-XX---X-----X-
-X-XV----XXX-XX---XXD-XX---X-----X-
-X-XV----XXX-XX---XXD-XX---X-----X-
-X-XV----XXX-XX---XDD-XX---X-----X-
-X-VV-X--XVV-XV---XXD-XX---X-----X-
-XXVd-V--XVV-VV---XVD-VX---VX----X-
-VXVd-V-XXVV-VV---XVD-VX---VXX--XXX
-VXVx-VXXVVV-VVX-XVXD-VVXX-VXX--XDX
-XXXxXVXDXVXXVVD-XVXD-VXXXXVXX--XDD
-XDXxXVXDXXXXXXD-XVXX-VXXXXVXX--XDD
XXDXxXXXDXXXXXXD-XX-X-XXXXXXXXXXXDD
XXDXxXXXXXXXXXXD-XX-X-XXXXXXXXXXXVX
XXDXxXXXXXXXXXXDXXXXX-XXXXXXXXXXXXX
XXXXxXXXXXXXXXXDXXXXXXXXXXXXXXDXXXX
XxXXxXXXXXXXXXXXDXXXXXXXXXXXXXDXXXX
XxDXxXXXXXXXXXXXXXXXXXXXXXXXDXDXXXX
VvXVxXXXXXDVXXVXXXXXXXVXXXXXDXDXXXX
xxXVvxXXXXXXXDVXXVXXXXXXXXXXDXXXXXX
xxXXvdXXXXDXXDDXXVXXXXXXXXXDXXXXXXX
xxXdvdDVXDDDXDDXXDXXXXXXXDXDDXXdXXX
vxDvvdVVDVDVXDDXDDXDdDVXDDxDDXXdXXX
vvDdxdVVVVDDxDDVvDVDvvdVDDdDdvDdDX-
----x---------------------------VD-
----x----------------------------D-
----x----------------------------D-
----X---------------------------DVV
----X------------------------------
----X------------------------------
----X------------------------------
----X------------------------------
----D------------------------------
----D------------------------------
----D------------------------------
----D------------------------------
----d------------------------------
vvDvddVVVVDVvDDVvDVDdvvVDDdDdvV-DVD
vvDdddDDvddvvdDDdDvDdddvdDdddvvddDv
vvdddddDddddvdDvdDvddddddDvddvvddDd
dddddddDddddvdDddDdddddddDdddddddDd
dddddddDddddddDddDdddddddDdddddddDd
dddddddDddddddDddDdddddddDdddddddDd
dddddddDddddddDddddddddddDdddddddDd
dddddddddddddddddddddddddddddddddDd
dddddddddddddddddddddddddddddddddDd
dDdddddddddddddddddddddddddddddddDd
dDdddddddddddddddddddddddddddddddDd
dDdddddddddddddddddddddddddddddddDd
dDdddddddddddddddddddddddddddddddDd
dDdddddddddddddddddddddddddddddddDd
dDdddddddddddddddddddddddddddddddDd
dddddDddddddddddddddddddddDddddddDd
dddddDddddddddddddddddddddDddddddDd
dddddDddddddddddddddddddddDddddddDd
DddddDddddddddddddddddddddDddddddDd
DddddDdddddddddddddddxddDdDddddDdDd
XxxxxXxxxxxxxxxxxxxxxxxxXxXxxxxXxXx
DdddddddddddddddddddddddDddddddDdDd
DddDDddddDDdDdddDdddDdddDddddddDdDd
DdDDDdddDDDDDDddDdddDDDdDddDDDDDdDD
ddDDDdddDDDDDDddDdddDDDdDddDDDDDdDD
ddDDDdddDDDDDDddDdddDDDdDddDDDDDdDD
vvVVVvvvVVVVVVvvVvVvVVVVVvvVVVVVVVV
ddDDDdDdDDDDDDdDDdDDDDDDDddDDDDDDDD
ddDDDdDdDDDDDDdDDdDDDDDDDddDDDDDDDD
ddDDDdDdDDDDDDdDDdDDDDDDDddDDDDDDDD
ddDDDdDdDDDDDDdDDdDDDDDDDddDDDDDDDD
ddDDDdDdDDDDDDdDDDDDDDDDDddDDDDDDDD
dDDDDdDDDDDDDDDDDDDDDDDDDDdDDDDDDDD
dDDDDdDDDDDDDDDDDDDDDDDDDDdDDDDDDDD
xXXXXxXXXXXXXXXXXXXXXXXXXXxXXXXXXXX
xXXXXxXXXXXXXXXXXXXXXXXXXXxXXXXXXXX
xXXXXxXXXXXXXXXXXXXXXXXXXXxXXXXXXXX
xXXXXxXXXXXXXXXXXXXXXXXXXXxXXXXXXXX
xXXXXXXXXXXXXXXXXXXXXXXXXXXXXXXXXXX
xXXXXXXXXXXXXXXXXXXXXXXXXXXXXXXXXXX
xXXXXXXXXXXXXXXXXXXXXXXXXXXxXXXXXXX
XXXXXXXXXXXXXXXXXXXXXXXXXXXxXXXXXXX
XXXXXXDXXXXXXXXXXXXXXXXXXXXxXXXXDXX
DDDDDDDDDDDdDDDDDDDDDDDDDDDdDDDDDDd
DDdDDddDDDDdDDDddDDDDdDDDdDdDDdd-Dd
DddddddddddddddddDDDdddddddddddd-Dd
DddddddddddddddddDDDdddddddddddd-Dd
dddddddddddddddddDDDddddddddddddDDd
dddddddddddddddddDDDddddddddddddDDd
dddddddddddddddddDDDddddddddddddDDd
dddddddddddddddddDDDddddddddddddDDd
dddddddddddddddddDDDddddddddddddDDd
dddddddddddddddddDDDddddddddddddDDd
dddddddddddddddddDDDddddddddddddDDd
dddddddddddddddddDDDddddddddddddDDd
dddddddddddddddddDDDddddddddddddDDd
dddddddddddddddddDDDddddddddddddDDd
dddddddddddddddddDDDddddddddddddDDd
dddddddddddddddddDDDdddddddddddxDDx
dddddddddddddddddDDDdddddddddddxDDx
dddddddddddDdddddDDDdddddddddddxDDD
dddddddddddDdddddDDDddddddddddddDDD
dddddddddddDdddddDDDddddddddddddDDD
ddddDDDDDDDDDDDDdDDDdDddDDDDDDddDDD
DDdDDDDDDDDDDDDDDDDDdDdDDDDDDDDDDDD
DDdDDDDDDDDDDDDDDDDDdDdDDDDDDDDDDDD
DDDDDDDDDDDDDDDDDDDDdDdDDDDDDDDDDDD
DDDDDDDDDDDDDDDDDDDDDDDDDDDDDDDDDDD
DDDDDDDDDDDDDDDDDDDDDDDDDDDDDDDDDDD
DDDDDDDDDDDDDDDDDDDDXDDDDDDDDDDDDD-
DDDXDDXDXDXDXXXDDDDX-XXXDDDDXDXXXDX
XXXXXXXXXXXXXXXXXXXXXXXXXXXXXDXXXXX
XDDXDDDDXDXDXXXDDDXXXDXDXDXDDDDXDXX
DDDDDDDDDDDDXDDDDDDDDDDDDDDDDDDDDDD
DDDDDDDDDDDDDDDDDDDDDDDDDDDDXDDXDDD
XXXXXXXXXXXXXXXXXXXXXXXXXXXXXXXXXXX
XXXXXXXXXXXXXXXXXXXXXXXXXXXXXXXXXXX
XXXXXXXXXXXXXXXXXXXXXXXXXXXXXXXXXXX
XXXXXXXXXXXXXXXXXXXXXDXXXXXXXXXDXXX
XXXXXXXXXXXXXXXXXXXXXDXXXXXXXXXDXXX
DDDDDDDDDDDDDDDDDDDDDDDDDDDDDDDDDDD
DDDDDDDDDDDDDDDDDDDDDDDDDDDDDDDDDDD
DDDDDDDDDDDDDDDDDDDDDDDDDDDDDDDDDDD
DDDDDDDDDDDDDDDDDDDDDDDDDDDDDDDDDDD
DDDDDDDDDDDDDDDDDDDDDDDDDDDDDDDDDDD
DDDDDDDDDDDDDDDDDDDDDDDDDDDDDDDDDDD
DDDDDDDDDDDDDDDDDDDDDDDDDDDDDDDDDDD
DDDDDDDDDDDDDDDDDXDDDDDDDDDDDDXDDDD
DDDDDDDDDDDDDDDDDDDXDDDDDDDDDDXDDDD
DDDDDDDDDDDDDDDDDDDDDDDDDDDDDDDDDDD
DDDDDDDDDDDDDDDDDDDDDDDDDDDDDDDDDDD
DDDDDDDDDDDDDDDDDDDDDDDDDDDDDDDDDDD
DDDDDDDDDDDDDDDDDDDDDDDDDDDDDDDDDDD
DDDDDDDDDDDDDDDDDDDDDDDDDDDDDDDDDDD
DDDDDDDDDDDDDDDDDDDDDDDDDDDDDDDDDDD
DDDDDDDDDDDDDDDDDDDDDDDDDDDDDDDDDDD
DDDDDDDDDDDDDDDDDDDDDDDDDDDDDDDDDDD
DDDDDDDDDDDDDDDDDDDDDDDDDDDDDDDDDDD
DDDDDDDXDDDDDDDDDDDDDDDDDDDDDDXDXDD
XXXXXXXXXXXXXXXXXXXXXXXXXXXXXXXXXXX
XXXXXXXXXXXXXXXXXXXXXXXXXXXXXXXXXXX
DDDDDDDDDDXDDDDDDDDDDDDDDDDDDDDDDDD
DDDDDDDDDDDDDDDDDDDDDDDDDDDDDDDDDDD
DDDDDDDDDDDDDDDDDDDDDDDDDDDDDDDDDDD
DDDDDDDDDDDDDDDDDDDDDDDDDDDDDDDDDDD
DDDDDDDDDDDDDDDDDDDDDDDDDDDDDDDDDDD
DDDDDDDDDDDDDDDDDDDDDDDDDDDDDDDDDDD
DDDDDDDDDDDDDDDDDDDDDDDDDDDDDDDDDDD
DDDDDDDDDDDDDDDDDDDDDDDDDDDDDDDDDDD
DDDDDDDDDDDDDDDDDDDDDDDDDDDDDDDDDDD
DDDDDDDDDDXDDDDDDDDDDDDDDDDDDDDDDDD
DDDXDDDXDXXDDXXDDDDXDXXDXDDDXXDXXXD
XXXXXXXXXXXXXXXXXXXXXXXXXXXXXXXXXXX
XXXXXXXXXXXXXXXXXXXXXXXXXXXXXXXXXXX
XXXXXXXXXXXXXXXXXXXXXXXXXXXXXXXXXXX
XXXXXXX-XXXXXXXXXXXXXXXXXXXXXXXXXXX
XXXXXXXXXXXXXXXXXXXXXXXXXXXXXXXXXXX
XXXXXX--XXXXXXXXXXXXXXXXXXXXXXXXXXX
XXXXXXXXxXXXXX-XXXXXXXXXXXXxXXXXXXX
XXXXXXXXxXXXXXXXXXX-XX-XXXXxXXXXXXX
XXXXXXXXxXXXXXXXXXXXXXXXXXXxXXXXXXX
XXXXXXXXxXXXXXXXXXXXXXXXXXXxXXXXXXX
XXXXXXXXxXXxXXXXXXXXXXXXXXXxXXXXXXX
XXXXXXXXxXXxXXXXXXXXXXXXXXXxXXXXXXX
VXXXXXVVxXXxXVXVXVVVXVVDXVXxvVVxXXX
VVVVVVVVvVVvVVVVVVVVVVVVVVVvvVVvVVV
VVVVVVVVvVVvVVVVVVVVVVVVVVVvvVVvVVV
VVVVVVVVvVVvVVVVVVVVVVVVVVVvvVVvVVV
VVVVVVVVvVXvVVVVVVVVVVVVVVVvvVVvVVV
DDDDDDDDdDDdDDDDDDDXDDDDDDDddDDdDDX
DDDDDDDDdDDdDDDDDDDDDDDDDDDddDDdDDD
DDDDDDDDdDDdDDDDDDDDDDDDDDDddDDdDDD
DDDDDDDDdDDdDDDDDDDDDDDDDDDddDDdDDD
DDDDDDDDdDDdDDDDDDDDDDDDDDDddDDdDDD
DDDDDDDDdDDdDDDDDDDDDDDDDDDddDDdDDD
DDDDDDDDDDDdDDDDDDDDDDDDDDDDdDDdDDD
DDDDDDDDDDDdDDDDDDDDDDDDDDDDdDDdDDD
DDDDDDDDDDDdDDDDDDDDDDDDDDDDdDDdDDD
DDDDDDDDDDDdDDDDDDDDDDDDDDDDdDDdDDD
DDDDDDDDDDDDDDDDDDDDDDDDDdDDdDDdDDD
DDDdDDDDDDDDDDDDDDDDDDddDdDDdDDdDDD
DDDdDDDDdDDDDDDDDDDDDDddDdDdDDDDDDD
dddddddddddDdddddDDDxdddddddDddDDDD
vvvvvvvvvvvVvvvvvVVVvvvvvvvvVvvVVVV
dddddddddddDdddddDDDddddddddDddDDDD
dddddddddddddddddDDDddddddddDddDDDD
dddddddddddddddddDDDddddddddDddDDDd
dddddddddddddddddDDDddddddddddddDDd
dddddddddddddddddDDDddddddddddddDDd
dddddddddddddddddDDDddddddddddddDDd
dddddddddddddddddDDDddddddddddddDDd
dddddddddddddddddDDDddddddddddddDDd
dddddddddddddddddDDDddddddddddddDDd
dddddddddddddddddDDDddddddddddddDDd
dddddddddddddddddDDDddddddddddddDDd
dddddddddddddddddDDDddddddddddddDDd
dddddddddddddddddDDDddddddddddddDDd
dddddddddddddddddDDDddddddddddddDDd
dddddddddddddddddDDDddddddddddddDDd
dddddddddddddddDdDDDdddddddddDddDDd
dddddddddddddddDdDDDdddddddddDddDDd
dddddddddddddddDdDDDdddddDdddDddDDd
dddddddddddddDdDdDDDdddddDdddDddDDd
dddddddddddddDdDdDDDdddddDdddDddDDD
dddddddddddddDdDdDDDdddddDdddDddDDD
xxXXXxxXxXxxXXXXxXXXxxXXXXxXxXxxXXX
xXXXXxxXXXXxXXXxxXXXXXXXXXxXXxXxXXX
DDDDDDDDDDDdDDDdDDDDDDDDDdDDDdDDDDD
DDDDDDDDDDDdDdDdDDDDDDDDDdDDDdDDDDX
XXXXXXXXXXXxXxXxXXXXXXXXXxXXXxXXXXx
XXXXXXXXXXXXXxXxXXXXXXXXXxXXXxXXXXx
DDDDDDDDDDDDDdDdDDDDDDDDDdDDDdDDDDd
DddddDDddddDddddDDDDddddddDddddDDDd
DddddddddddDddddDDDDddddddDddddDDDd
DddddddddddDddddDDDDddddddddddddDdd
DddddddddddDddddDDDDddddddddddddDdd
DdddddddddddddddDDDDddddddddddddDdd
DdddddddddddddddDDDDddddddddddddDdd
DdddddddddddddddDDDDddddddddddddDdd
DdddddddddddddddDDDDddddddddddddDdd
DdddddddddddddddDDDDddddddddddddDdd
DdddddddddddddddDDDDddddddddddddDdd
DdddddddddddddddDDDDddddddddddddDdd
VvvvvvvvvvvvvvvvVVVVvvvvvvvvvvvvVvv
VvvvvvvvvvvvvvvvVVVVvvvvvvvvvvvvVvv
VvvvvvvvvvvvvvvvVVVVvvvvvvvvvvvvVvv
VvvvvvvvvvvvvvvvVVVVvvvvvvvvvvvvVvV
XxxxxxxxxxxxxXxXXXXXxxxxxXxxxXxxXxX
XxxxxxxxxxxxxXxXXXXXxxxxxXxxxXxxXxX
DddddddddddddDdDDDDDdddddDdddDddDdD
DDddddddddDddDdDDDDDdddDdDdddDddDdD
DDddddddddDddDdDDDDDdddDdDdddDddDdD
DDddddddddDddDdDDDDDdddDdDdddDddDdD
DDddddddddDDdDdDDDDDdDdDdDddDDddDDD
DDDddDdDDdDDDDDDDDDDDDDDDDDDDDdDDDX
DDDDDDDDDDDDDDDDDDDDDDDDDDDDDDDDDDX
DDDDDDDDDDDDDDDDDDDDDDDDDDDDDDDDDDX
DDDDDDDDDDDDDDDDDDDDDDDDDDDDDDDDDD-
DDXDDDDXXDDXDDDDDDDDDDDXDDDDDDDDDD-
DXXXXXXXXXXXXXXDXDXDXDD-XXDDDDXXXX-
DX-XXXX--XX-XXXXXXXXXXX-XXXXXXXXXX-
X-------------XX-X-X-XX-X-XXXX-----
X----------------------------------
