-XXXxXXXXXXXXXXX-XXXX-XXXXXXXX--XXX
XXXXxXXXXXXXXXXX-XX-X-XXXXXXXXXXXXX
XXXXxXXXXXXXXXXX-XX-X-XXXXXXXXXXXXX
XXXXxXXXXXXXXXXDXXXXX-XXXXXXXXXXXXX
XXXXxXXXXXXXXXXXXXXXXXXXXXXXXXDXXXX
XxXXxXXXXXXXXXXXXXXXXXXXDXXXXXDXXXX
XxXXvXXXXXXXXXXXXXXXXXVXXXXXDXDXXXX
VxVXvXXVXXXXXXXXXDXXXXVXXXXXDXDVXDD
xxXVvxVXXXXXXDXXXDXXXXXXXXXXDXXXXXD
xxXXxdXXXXXXXDXXXDXXXXXXXXXDXXXXXXD
xxXdddVXXXXXXDDXXDXXXXXXXDXDDXXdXXD
xxDvddVXDDDVXDDXDDXDxXXXDDxDDXXdXXD
vvDvddVVDDDVdDDVvDVDvvdVVDvDdvDdDD-
----D---------------------------DD-
vvDvddVVDVVVvDDVvDVDvvvVDDdDdvV-DVD
vvDdddVDdvdvvdDDvDvDvvdvdDdddvvddDd
vvddddvDddvvvdDvvDvdvddvvDvddvvddVd
vddddddDddddvdDddDdddddddDvddddddDd
dddddddDddddddDddDdddddddDdddddddDd
dddddddDddddddDddDdddddddDdddddddDd
dddddddDddddddDddddddddddDdddddddDd
dddddddddddddddddddddddddddddddddDd
dddddddddddddddddddddddddddddddddDd
dDdddddddddddddddddddddddddddddddDd
dDdddddddddddddddddddddddddddddddDd
dDdddddddddddddddddddddddddddddddDd
dDdddddddddddddddddddddddddddddddDd
dDdddddddddddddddddddddddddddddddDd
dDdddddddddddddddddddddddddddddddDd
dddddDddddddddddddddddddddDddddddDd
dddddDddddddddddddddddddddDddddddDd
dddddDddddddddddddddddddddDddddddDd
DddddDddddddddddddddddddddDddddddDd
DddddDddddddddddddddddddDdDddddDdDd
XxxxxXxxxxxxxxxxxxdxxxxxXxXxxxxXxXx
DdddddddddddddddddddddddDddddddDdDd
DddDDddddDDdDdddDdddDdddDddddddDdDd
DdDDDdddDDDDDDddDdddDDDdDddDDDDDdDD
ddDDDdddDDDDDDddDdddDDDdDddDDDDDdDD
ddDDDdddDDDDDDddDdddDDDdDddDDDDDdDD
vvVVVvvvVVVVVVvvVvVvVVVVVvvVVVVVVVV
ddDDDdDdDDDDDDdDDdDDDDDDDddDDDDDDDD
ddDDDdDdDDDDDDdDDdDDDDDDDddDDDDDDDD
ddDDDdDdDDDDDDdDDdDDDDDDDddDDDDDDDD
ddDDDdDdDDDDDDdDDdDDDDDDDddDDDDDDDD
ddDDDdDdDDDDDDdDDDDDDDDDDddDDDDDDDD
dDDDDdDDDDDDDDDDDDDDDDDDDDdDDDDDDDD
dDDDDdDDDDDDDDDDDDDDDDDDDDdDDDDDDDD
xXXXXxXXXXXXXXXXXXXXXXXXXXxXXXXXXXX
xXXXXxXXXXXXXXXXXXXXXXXXXXxXXXXXXXX
xXXXXxXXXXXXXXXXXXXXXXXXXXxXXXXXXXX
xXXXXxXXXXXXXXXXXXXXXXXXXXxXXXXXXXX
xXXXXXXXXXXXXXXXXXXXXXXXXXXXXXXXXXX
xXXXXXXXXXXXXXXXXXXXXXXXXXXXXXXXXXX
xXXXXXXXXXXXXXXXXXXXXXXXXXXxXXXXXXX
XXXXXXXXXXXXXXXXXXXXXXXXXXXxXXXXXXX
XXXXXXDXXXXXXXXXXXXXXXXXXXXxXXXXDXX
DDDDDDDDDDDdDDDDDDDDDDDDDDDdDDDDDDd
DDdDDddDDDDdDDDddDDDDdDDDdDdDDdd-Dd
DddddddddddddddddDDDdddddddddddd-Dd
DddddddddddddddddDDDdddddddddddd-Dd
dddddddddddddddddDDDddddddddddddDDd
dddddddddddddddddDDDddddddddddddDDd
dddddddddddddddddDDDddddddddddddDDd
dddddddddddddddddDDDddddddddddddDDd
dddddddddddddddddDDDddddddddddddDDd
dddddddddddddddddDDDddddddddddddDDd
dddddddddddddddddDDDddddddddddddDDd
dddddddddddddddddDDDddddddddddddDDd
dddddddddddddddddDDDddddddddddddDDd
dddddddddddddddddDDDddddddddddddDDd
dddddddddddddddddDDDddddddddddddDDd
dddddddddddddddddDDDdddddddddddxDDx
dddddddddddddddddDDDdddddddddddxDDx
dddddddddddDdddddDDDddddddddddddDDD
dddddddddddDdddddDDDddddddddddddVDD
dddddddddddDdddddDDDddddddddddddDDD
ddddDDDDDDDDDDDDdDDDdDddDDDDDDddDDD
DDdDDDDDDDDDDDDDDDDDdDdDDDDDDDDDDDD
DDdDDDDDDDDDDDDDDDDDdDdDDDDDDDDDDDD
DDDDDDDDDDDDDDDDDDDDdDdDDDDDDDDDDDD
DDDDDDDDDDDDDDDDDDDDDDDDDDDDDDDDDDD
DDDDDDDDDDDDDDDDDDDDDDDDDDDDDDDDDDD
DDDDDDDDDDDDDDDDDDDDXDDDDDDDDDDDDD-
DDDXDDXDXDXDXXXDDDDX-XXXDDDDXDXXXDX
XXXXXXXXXXXXXXXXXXXXXXXXXXXXXDXXXXX
XDDXDDDDXDXDXXXDDDXXXDXDXDXDDDDXDXX
DDDDDDDDDDDDXDDDDDDDDDDDDDDDDDDDDDD
DDDDDDDDDDDDDDDDDDDDDDDDDDDDDDDXDDD
XXXXXXXXXXXXXXXXXXXXXXXXXXXXXXXXXXX
XXXXXXXXXXXXXXXXXXXXXXXXXXXXXXXXXXX
XXXXXXXXXXXXXXXXXXXXXXXXXXXXXXXXXXX
XXXXXXXXXXXXXXXXXXXXXDXXXXXXXXXDXXX
XXXXXXXXXXXXXXXXXXXXXDXXXXXXXXXDXXX
DDDDDDDDDDDDDDDDDDDDDDDDDDDDDDDDDDD
DDDDDDDDDDDDDDDDDDDDDDDDDDDDDDDDDDD
DDDDDDDDDDDDDDDDDDDDDDDDDDDDDDDDDDD
DDDDDDDDDDDDDDDDDDDDDDDDDDDDDDDDDDD
DDDDDDDDDDDDDDDDDDDDDDDDDDDDDDDDDDD
DDDDDDDDDDDDDDDDDDDDDDDDDDDDDDDDDDD
DDDDDDDDDDDDDDDDDDDDDDDDDDDDDDDDDDD
DDDDDDDDDDDDDDDDDDDDDDDDDDDDXDXDDDD
DDDDDDDDDDDDDDDDDDDXDDDDDDDDDDXDDDD
DDDDDDDDDDDDDDDDDDDDDDDDDDDDDDDDDDD
DDDDDDDDDDDDDDDDDDDDDDDDDDDDDDDDDDD
DDDDDDDDDDDDDDDDDDDDDDDDDDDDDDDDDDD
DDDDDDDDDDDDDDDDDDDDDDDDDDDDDDDDDDD
DDDDDDDDDDDDDDDDDDDDDDDDDDDDDDDDDDD
DDDDDDDDDDDDDDDDDDDDDDDDDDDDDDDDDDD
DDDDDDDDDDDDDDDDDDDDDDDDDDDDDDDDDDD
DDDDDDDDDDDDDDDDDDDDDDDDDDDDDDDDDDD
DDDDDDDDDDDDDDDDDDDDDDDDDDDDDDDDDDD
DDDDDDDXDDDDDDDDDDDDDDDDDDDDDDXDXDD
XXXXXXXXXDXXXXXXXXXXXXXXXXXXDXXXXXX
XXXXXXXXXXXXXXXXXXXXXXXXXXXXXXXXXXX
DDDDDDDDDDXDDDDDDDDDDDDDDDDDDDDDDDD
DDDDDDDDDDDDDDDDDDDDDDDDDDDDDDDDDDD
DDDDDDDDDDDDDDDDDDDDDDDDDDDDDDDDDDD
DDDDDDDDDDDDDDDDDDDDDDDDDDDDDDDDDDD
DDDDDDDDDDDDDDDDDDDDDDDDDDDDDDDDDDD
DDDDDDDDDDDDDDDDDDDDDDDDDDDDDDDDDDD
DDDDDDDDDDDDDDDDDDDDDDDDDDDDDDDDDDD
DDDDDDDDDDDDDDDDDDDDDDDDDDDDDDDDDDD
DDDDDDDDDDDDDDDDDDDDDDDDDDDDDDDDDDD
DDDDDDDDDDXDDDDDDDDDDDDDDDDDDDDDDDD
DDDXDDDXDXXDDXXDDDDXDXXDXDDDXXDXXXD
XXXXXXXXXXXXXXXXXXXXXXXXXXXXXXXXXXX
XXXXXXXXXXXXXXXXXXXXXXXXXXXXXXXXXXX
XXXXXXXXXXXXXXXXXXXXXXXXXXXXXXXXXXX
XXXXXXX-XXXXXXXXXXXXXXXXXXXXXXXXXXX
XXXXXXXXXXXXXXXXXXXXXXXXXXXXXXXXXXX
XXXXXX--XXXXXXXXXXXXXXXXXXXXXXXXXXX
XXXXXXXXxXXXXX-XXXXXXXXXXXXxXXXXXXX
XXXXXXXXxXXXXXXXXXX-XX-XXXXxXXXXXXX
XXXXXXXXxXXXXXXXXXXXXXXXXXXxXXXXXXX
XXXXXXXXxXXXXXXXXXXXXXXXXXXxXXXXXXX
XXXXXXXXxXXxXXXXXXXXXXXXXXXxXXXXXXX
XXXXXXXXxXXxXXXXXXXXXXXXXXXxXXXXXXX
VXXXXXVVxXXxXXXVXVVVXVVDXVXxvVVxXXX
VVVVVVVVvVVvVVVVVVVVVVVVVVVvvVVvVVV
VVVVVVVVvVVvVVVVVVVVVVVVVVVvvVVvVVV
VVVVVVVVvVVvVVVVVVVVVVVVVVVvvVVvVVV
VVVVVVVVvVXvVVVVVVVVVVVVVVVvvVVvVVV
DDDDDDDDdDDdDDDDDDDXDDDDDDDddDDdDDX
DDDDDDDDdDDdDDDDDDDDDDDDDDDddDDdDDD
DDDDDDDDdDDdDDDDDDDDDDDDDDDddDDdDDD
DDDDDDDDdDDdDDDDDDDDDDDDDDDddDDdDDD
DDDDDDDDdDDdDDDDDDDDDDDDDDDddDDdDDD
DDDDDDDDdDDdDDDDDDDDDDDDDDDddDDdDDD
DDDDDDDDDDDdDDDDDDDDDDDDDDDDdDDdDDD
DDDDDDDDDDDdDDDDDDDDDDDDDDDDdDDdDDD
DDDDDDDDDDDdDDDDDDDDDDDDDDDDdDDdDDD
DDDDDDDDDDDdDDDDDDDDDDDDDDDDdDDdDDD
DDDDDDDDDDDDDDDDDDDDDDDDDdDDdDDdDDD
DDDdDDDDDDDDDDDDDDDDDDddDdDDdDDdDDD
DDDdDDDDdDDDDDDDDDDDDDddDdDdDDDDDDD
dddddddddddDdddddDDDxdddddddDddDDDD
vvvvvvvvvvvVvvvvvVVVvvvvvvvvVvvVVVV
dddddddddddDdddddDDDddddddddDddDDDD
dddddddddddddddddDDDddddddddDddDDDD
dddddddddddddddddDDDddddddddDddDDDd
dddddddddddddddddDDDddddddddddddDDd
dddddddddddddddddDDDddddddddddddDDd
dddddddddddddddddDDDddddddddddddDDd
dddddddddddddddddDDDddddddddddddDDd
dddddddddddddddddDDDddddddddddddDDd
dddddddddddddddddDDDddddddddddddDDd
dddddddddddddddddDDDddddddddddddDDd
dddddddddddddddddDDDddddddddddddDDd
dddddddddddddddddDDDddddddddddddDDd
dddddddddddddddddDDDddddddddddddDDd
dddddddddddddddddDDDddddddddddddDDd
dddddddddddddddddDDDddddddddddddDDd
dddddddddddddddDdDDDdddddddddDddDDd
dddddddddddddddDdDDDdddddddddDddDDd
dddddddddddddddDdDDDdddddDdddDddDDd
dddddddddddddDdDdDDDdddddDdddDddDDd
dddddddddddddDdDdDDDdddddDdddDddDDD
dddddddddddddDdDdDDDdddddDdddDddDDD
xxXXXxxXxXxxXXXXxXXXxxXXXXxXxXxxXXX
xXXXXxxXXXXxXXXxxXXXXXXXXXxXXxXxXXX
DDDDDDDDDDDdDDDdDDDDDDDDDdDDDdDDDDD
DDDDDDDDDDDdDdDdDDDDDXDDDdDDDdDDDDX
XXXXXXXXXXXxXxXxXXXXXXXXXxXXXxXXXXx
XXXXXXXXXXXXXxXxXXXXXXXXXxXXXxXXXXx
DDDDDDDDDDDDDdDdDDDDDDDDDdDDDdDDDDd
DddddDDddddDddddDDDDddddddDddddDDDd
DddddddddddDddddDDDDddddddDddddDDDd
DddddddddddDddddDDDDddddddddddddDdd
DddddddddddDddddDDDDddddddddddddDdd
DdddddddddddddddDDDDddddddddddddDdd
DdddddddddddddddDDDDddddddddddddDdd
DdddddddddddddddDDDDddddddddddddDdd
DdddddddddddddddDDDDddddddddddddDdd
DdddddddddddddddDDDDddddddddddddDdd
DdddddddddddddddDDDDddddddddddddDdd
DdddddddddddddddDDDDddddddddddddDdd
VvvvvvvvvvvvvvvvVVVVvvvvvvvvvvvvVvv
VvvvvvvvvvvvvvvvVVVVvvvvvvvvvvvvVvv
VvvvvvvvvvvvvvvvVVVVvvvvvvvvvvvvVvv
VvvvvvvvvvvvvvvvVVVVvvvvvvvvvvvvVvV
XxxxxxxxxxxxxXxXXXXXxxxxxXxxxXxxXxX
XxxxxxxxxxxxxXxXXXXXxxxxxXxxxXxxXxX
DddddddddddddDdDDDDDdddddDdddDddDdD
DDddddddddDddDdDDDDDdddDdDdddDddDdD
DDddddddddDddDdDDDDDdddDdDdddDddDdD
DDddddddddDddDdDDDDDdddDdDdddDddDdD
DDddddddddDDdDdDDDDDdDdDdDddDDddDDD
DDDddDdDDdDDDDDDDDDDDDDDDDDDDDdDDDX
DDDDDDDDDDDDDDDDDDDDDDDDDDDDDDDDDDX
DDDDDDDDDDDDDDDDDDDDDDDDDDDDDDDDDDX
DDDDDDDDDDDDDDDDDDDDDDDDDDDDDDDDDD-
DDXDDDDXXDDXDDDDDDDDDDDXDDDDDDDDDD-
DXXXXXXXXXXXXXXXXDXDXDD-XXDDDDXXXX-
DX-XXXX--XX-XXXXXXXXXXX-XXXXXXXXXX-
X-------------XX-X-X-XX-X-XXXX-----
X----------------------------------
