----XX-------
XX--VV-X-----
XXX-VV-V-----
VXVXVV-VX----
XXVVDV-VV----
DVVVDD-VV----
DVVVDDXDV-X--
DVVVDDXDXXXX-
DVXXXXXXXXXXX
DVXXXXXXXXXXX
DXXXXXXXXXXXX
DDvVvVVVVXXXX
DDvVvXVVVXXXX
DDxXxXVxXXXXX
XDxXxXXxXVVXX
DXxXxDXxXVVVV
DXxXxDXxXVVVV
DxxXxDXxXVVVV
dxxXxDXxXVVVV
dxxXxXXxXXVVV
dxxXxXXxXXXXX
dxxXxXXxXXXXX
dxxXxXXxXXXXX
dvxXxXXxXXXXX
xvxXxXXxXXXDX
xvxXxXXxXXX--
dvxXxXXxXXX--
dxvVvvVvVXX--
dxvVvvVvVXX--
ddvVvvVvVXXDX
dxvVvvVvVXX-D
dxVVVvVVVXX-X
ddXXVxXXXXX-X
dxX-XxXXXXX-X
-XX-XxXXXDD-D
dDXXXxXXXDD-D
dDXXXxXXXDD-D
dDXXXxXXXDDDD
DDXXXxXXXDDDD
DXXXXxXXXDDDD
VXXXXxXXXDDDD
VXXXX-XXXDDDD
VXXXX-XXXDDDD
VXXDX-XXXDDDD
VXXXX-XXXDDDd
XXXXV-XVXXXXx
XXXXXxXXXXXXx
XXXXXxXXXXXXx
XXXXXxVXXXXXx
XXXXXxVXXXXXx
VXXXXXVXXVVVv
VXXVXXXXXVVVv
------X-X----
VXXVXXXXXVVVv
VVXVXXXXDVVVv
VVXXXXXXDVVVv
VVXXXXXXDXVXx
XVXXVVXVXXVXx
XVXXVVXVDVVVv
XXXXVVXVXVVVv
XXXXVVXVXVVVv
XXXXVXXVXVVVv
XXXX-XXVXXXXV
DXXXXXXXXXXXX
XXXXXXXXXXXXX
XXXXXXXXVXXXX
XDXVXXXXVXXXX
XDXVDDVDV--XX
VDX-DDxDXXXXX
VXX-DDxDXXXXX
VXX-DDxDXXXXX
VXX-DDxDXXXXX
DXX-DDxDXXXXX
XXX-DDxDXXXVV
XXX-DDxDXXXVV
XXX-DDxDXXXXX
XXX-DDxDXXXXX
XXX-XXxXXXXXX
XXX-XXxXXXXXX
DXV-XXvXVXXXX
XXV-XXvXVXXXX
DXXVXXvXVXXX-
XXXVVVvVVXXXX
VXXVVVvVVXXDX
V-XXVVxVXXXXX
V-XXVVXVXXXXX
V-XXVVXVXXXXX
V-XXXXXXXXXXX
VXXXXXDXDXDXX
VXXXVVDVDXVXX
XXXXVVDVdXXVX
XXXDVVDVdXXVX
XXVDVVDVdXXXX
VXVDVVDVdXXXX
XXVDXXDXdXXXX
XVVVXXDXdXXXX
DVVDXXDXdXXXX
DVXDXXDXdXXXX
DVXXXXDXxXXXX
-----------VX
------------X
-----------VX
----XXXXxXXVX
----XXXDxXXXV
DVXXXVXDxXXXX
DDXXVVXDxXXXX
DDDXVVXDxXXXX
DDDXXXXDxXXXX
DDDVXXVDvXXXX
DDDVXXVXvXXXX
XXXV-XVXvXXXX
XXXV-XVXvXDXV
XXXVXXVXXVDXX
XXXXXXXXXXXXX
XXXXXXXXDXXXD
XVDVXXXXXXXXD
VVDVXXX-XXXXX
VVDVDXDXXXXDX
VVDVXXDXXXXDX
VVDVXXDXDXXDX
VXDVXXDXDXXDD
XXDXXXDXDXXDD
XVDXXXXXDXVDD
XVXXXXXXDVVXD
XVXXXXXXDVVXD
-VXXXXXXXXXXX
XVXXXXXXXXXXX
XXXVXXXXXXXXX
XXXVXXXXXDDXX
XXVVXXXXXDDXX
XXVXXVVXDDDXX
XVVXXVVXDDDXX
DVVXXVVDDDDXV
XVXXXXXDDDDXV
DXXvDXXVXXXXV
DXVvVXXVXXXXV
DXVxXVVVXXXDX
DXVxXVVVVXXXX
DXVxXVVXXXXDX
DXXxXVVXXXXXX
DXXvXVXXXXXXV
DXXxXXXXX--XV
DDXxXXXXV--XX
DDXxXXXXX--XX
DDXxXXXXXXXXX
XDXvVXXXXVVXX
DXXxVXVXXXVXX
XXXx---X-VVVX
XXXx---X-VVVX
XXDx--VXXVVVX
XXDxVXVVVVVVX
XXDXVXVVVVVVV
XXDXXXXXXXXXV
XXVVXDXXXXXXX
XXVVXXXXXXXXX
XXVVVDVVVVVVX
DXVVVVVVVVVVV
DXVVVXVVVVVVV
DXVXVXVVVVVVV
DDXXVXVVVVVVV
DXXXVXXVXVVXV
DXXXXXXXXXXXV
DXXXXXXXXXXXX
DXXXXXXXXXXXX
DXXXXXXXXXXXX
XXXXXXXXXXXXX
XVDXXXXXXXXXX
XVXXXXXXXXXXX
XVD-X-XXXXXXX
XVX-X-XXXXXXX
XXXXX-XXXXXxX
DXVVV-XVXvvvX
DXVXX-VVVvxvV
DXXXX-XXXxxxX
DVXXXXXXXxxxX
DVVXXXXXXxxxX
DVXXXXXXXxxxX
DVDDDDDDDdddX
DXDDDDDDDdddD
DXDDDXDDDdddD
DXDXXXDXDxxxD
DXXXVXXXDxxxX
DXXXXXXXXxxxX
VXX-DXDXDxxxX
VXXXDVDVDvvvX
VXXDDDXVDdddD
XXXDDVVVDvvvD
XXVVVVVVDvvdV
-XVVDVVVVvvVD
-XVVVVVVVvvVV
-XVXXXVXXVVXV
-XXXXXXXXXXXX
-XXXXXX--XXXX
