X----------------
X----------------
X-X--------------
D-D--X-------X---
D-D-XX--X--X-X---
D-DXXD-XX--D-D---
D-DDXDXDD-XDXD---
DXDDDDDDDXDDXD---
DXDDDDDDDXDDXD---
DXDDDDDDDXDDXD---
DXDDXDDDDXDDDD---
XXXXXXXXXXXDDX---
XXXXXXXXXXXxDX-X-
XXXXXXXXXXXxDXXDX
XXXXDDXXXDDxDXDDX
DDDDDDDDDDDdDDDDD
DDDDDDDDDDDdDDDDD
ddddDDddddDdDdDXV
ddddDDddddDdddDXD
ddddDdddddDdddDXD
ddddDdddddDdddDDD
ddddddddddDddddDD
ddddddddddDddddDd
ddddddddddDdddddd
ddddddddddddddddd
ddddddddddddddddd
ddddddddddddddddd
ddddddddddddddddd
ddddddddddddddddd
ddddddddddddddddd
ddddddddddddddddd
ddddddddddddddddd
ddddddddddddddddd
ddddddddddddddddd
ddddddddDddddDddd
ddddddddDddddDddd
DDDDdDDDDDdDDDddd
DDDDdDDDDDdDDDddd
XXXXxXXXXXxXXXxdx
VVVVvVVVVVdVVVvdv
VVVVvVVVvVvVVvvdv
VVVVvVVVvVvVVvvdv
VVVVVVVVvVvVVvV-V
XXXXXXXXxXxXXxXDX
XXXXXXXXxXXXXxXDX
XXXXXXXXxXXXXxXXX
XXXXXXXXxXXXXxXVX
XXXXXXXXxXXXXxXVX
VVVVvVVVvVVVVvVVV
VVVVvVVVvVVVVvVVV
VVVVvVVVvVVVVvVXV
VVVVvVVVvVVVVvVXV
VVVVvVVVvVVVVvVXV
VVVVvVVVvVVVVvVXV
XXXXxXXXxXXXXxXXX
XXXXxXXXxXXXXxXVX
XXXXxXXXxXXXXxXVX
XXXXxXXXXXXXXXXVX
XXXXxXXXXXXXXXXVX
XXXXxXXXXXXXXXXVX
XXXXxXXXXXXXXXXVX
XXXXxXXXXXXXXXXXX
XXXXxXXXXXXXXXXXX
XXXXxXXXXXXXXXXXX
XXXXxXXXXXXXXXXXX
VVVVvVVVVVVVVVVXV
VVVVvVVVVVVVVVVXV
VVVVvVVVVVVVVVVXV
VVVVvVVVVVVVVVVXV
VVXVXVXXVVVVVVXXV
XXXXXXXXXXXXXXXXX
XXXXXXXXXXXX-XXXX
XX--------XXXXXVX
XXXXXXXXXXXXXXXVX
XXXXXXXXXXXXXXXVX
--------X-X------
XXXXXXXXXXXXXXVVX
XVXXXXXXVXXXXX--X
VVVVVXVXVXXXVVVXX
XXXXXXXXXXXXXXXXX
XXXXXXXXXXXXXXXXX
XXXXXXXXXXXXXXXXX
VVVVVVVVVVVVVVVXV
VVVVVVVVVVVVVVVXV
VVVVVVVVVVVVVVVVV
VVVVVVVVVVVVVVVVV
VVVVVVVVVVVVVVVXV
VVVVVVVVVVVVVVVXV
XXXXXXXXXXXXXXX-X
XXXXXXXXXXXXXXX-X
XXXXXXXXXXXXXXX-X
-----------X-----
-----------X-----
XXXXXXXXXXXXXXXXX
XXXXXXXXXXXXXXXVX
XXXXXXXXXXXXXXXVX
VVVVVVVVVVVVVVVVV
VVVVVVVVVVVVVVVVV
VVVVVVVVVVVVVVVVV
VVVDVVVVVVVVVVDVV
VVVVVVVVVVVVVVVXV
VVVVVVVVVVVVVVVXV
VVVVVVVVVVVVVVVXV
VVVVVVVVVVDVVDDXD
XXXVXVVVVXXXVVXXX
XXXXXXXXXXXXXXXXX
-------------XXVX
----------------X
--------------XVX
XXXXXXXXXX--XXXVX
XXXXXXXXXXXXXXXXX
---XXXXXXXXXXXXXX
---XXXXXXXXXXXXXX
XXXXVXXXXXXXXXXXX
VVVVVXXVXVXXXXXXX
VVVVVVVVVVXVXVVXV
VVVV-VVVVVV-VVVVV
-----V--V-VVVVVVV
VVVV-V--VVVVVVVVV
VVVVVVVVVVVVVVVVV
XXVXXXXXVXXXVXXVX
XXXXXXXXXXXXXXXXX
XXXXXXXXXXXXXXXXX
XXXXXXXXXXXXXXXXX
XXXXXXXXXXXXXXXXX
XXXXXXXXXXXXXXXXX
XXXXXXXXXXDXDXXXX
XXXXXXXXXXXXXXXXX
XXXXXXXXXXXXXXXXX
XXXXXXXXXXDXDXXXD
---------------D-
DDDDDDDDDDDDDDDDD
XVVVVDVVDVDXDVVDD
XXXXXXXXXXXXXXXXX
XXXXXXXXXX----XXX
XXXXXXXXXXXXXXXX-
XXXXXXXXXXXXXXXXX
XXXXXXXXXXXXXXXXX
XXXXXXXXXXXXXXXXX
XXXXXXXXXXXXXXXXX
XXXXXXXXXXXXXXXXX
XXXXXXXXXXXXXXXX-
---------X----XDX
DDDDDDDDDXDDDDX-D
XXXXXXXXXXXXXXXXD
DDDDDXXDDXDDXDDDD
VVVVVVvvVvVvVVvVv
VVVVVVvvVvVvVVvVv
VVVVVVvvVvVvVVvVd
VVVVVVvvVvVvVVvVv
VVVVVVvvVvVvVVvVd
VVVVVVvvVvVvVVvVd
VVVVVVvvVvVvVVvVd
VVVVVVvvVvVvVVvVd
XXXXXXxxXxXxXXxXd
XXXXXXxxXxXxXXxXx
XXxxXXxxXxxxXXxXx
DdddDDddDdddDDddd
XxxxXXxxXxxxXXxxd
DdddDDddDdvdDDvdv
DdddDDddDdddDDddd
DdddDDddVdddDDddd
DdddDDddVdddDDddd
DdddDDddDdddDDddd
DdddDDddDdddDDddd
XxxxXXXXXXxXXXXxX
XxxxXXXXXXxXXXXxX
XxxxXXXXXXxXXXXxX
XxxxXXXXXXxXXXXxX
DdddDDDDDDdDDDDdX
DdddDDDDDDdDDDDdD
DdddDDDDDDdDDDDdD
DdddDDDDDDdDDDDdD
DdddDDDDDDdDDDDdD
DdddDDDDDDdDDDDdD
DdddDDDDDDdDDDDdD
DdddDDDDDDdDDDDdD
DdddDDDDDDdDDDDdD
DdddDDDDDDdDDDDdD
DdddDDDDDDdDDDDdD
DdddDDDDDDdDDDDdD
DdDDDDDDDDDDDDDdD
DDDDDDDDDDDDDDDDD
DDDDDDDDVDDDDDDDD
DDDDDDDDXVDDVVDDD
XVXXVXXXXVXXVVVXV
XXXXXXXX-XXXXXXXX
XX--X-XX-XXXXXXXX
