CUCUUAUCGAGAGUUGGGCGAGGGAUUGGCCUUUUGACCCCAACAGCAACCGACCGUAAUACCAUUGXGAUGUCUCAUAAGGCACGGUGCUAAUUCCAUCAGAUGUCUGAGAGAUGAGAG
((((((((....((((((((((((......))))))..))))))((((.(((..................(((((....)))))))))))).......((((....))))..)))))))) (-32.20)
GUGUUAUCACGAGUGGUGGAGGGAAUGGCCCUUUGAAACCACAGCAACCGGUCCUGACGUUCAGGAUGACAGGUGCUAAUUCCACCCCCGAAGGGGACAGAUGAGAC
((.(((((....(((((((((((.....))))))...)))))((((.((.(((((((...)))))))....)))))).......((((....))))...))))).)) (-37.00)
UUCUUAUCAAGAGAGGCAGAGGGACUGGCCCUGUGAAGCCUCAGCAACCGGUGUAGUAGAAAUCUAUUUUCUAUGACCAAGGUGCUAAAUCCAGCAAGCUGCUUGGAAGAUAAGAA
.(((((((....((((((.((((.....)))).)...)))))((((.((...((.(((((((.....))))))).))...))))))...(((((((...))).)))).))))))). (-39.90)
AUCUUAUCCGGAGUGGCAGAGGGACUGGCCCUGUGAAGCCACAGCAACCGGCCUGUUCAGAUUACGUCUGAACAUGGUGCAGGUGCUAAUUCCUGUCUCAAGUUGGGAAAAGAUAAGAU
((((((((....((((((.((((.....)))).)...)))))((((.((.((((((((((((...))))))))).)))...))))))..((((((........))))))..)))))))) (-44.50)
AUCUUAUCAAGAGCAGGUGGAGGGACUAGCCCGAUGAUACCCGGCAACCGGCGAUGAAACCCAUCGCAGCGGUGCUAAUUCUUGCAGGACCGXGGCUUCUGAGAGAUGAGAG
(((((.(((.((((.((((.(((((.(((((((........(((...)))((((((.....))))))..))).)))).))))).)...)))...)))).))))))))..... (-34.90)
UUCUUAUCAAGAGCGACCGAGGGACUGGCCCGGUGACGUCGCGGCAACCCGCCUGAAAAGGUACGGUGCCAAUUCCAGCAAAGCCCGGUUUUGACAGAUAAGGA
((((((((....(((((...(((.....)))......)))))((((.((.((((....))))..))))))........((((((...))))))...)))))))) (-32.40)
UCCUUAUCAAGAGUCGGGGGAGGAAUCUGGCCCAUUGAUCCCGCAGCAACCAGUUACAAUGAAGUAACAUGGUGCUCAUUCCAGCAAGCGGCUUGAUAGAUGAGAA
..((((((..((((((.((((((........)).....))))..((((.((((((((......))))).)))))))............))))))....)))))).. (-29.00)
CGCUCAUCCAGAGGGGCAGAGGGACACGGCCCGUUGAAGCCCCGGCAACCCUCCAGUCGGUUCUCGCGAUCGCGAGGUCCCCGGCUAGGGAAGGUGCCAAUUCCGUCUCAUGGGCCAUGGGGAAGAUGAGGA
..((((((....(((((((.(((......))).))...)))))((((.((.(((((((((.((((((....))))))...))))))..))).)))))).......(((((((...)))))))..)))))).. (-56.10)
GUCUUAUCCAGAGCAGCGGAGGGAACGGCCCUGUGAAGCUGCGGCAACCUGCGGAGGCCUUCUAAAGCGCCUACUAAGGUGCCAAUUCCGACCCGGUGUCCGGGAAAGAUAAGGA
.(((((((....(((((..((((.....)))).....)))))((((.(((..(((((((((...))).)))).)).)))))))........(((((...)))))...))))))). (-44.60)
CUGUCAUCAAGAAAGGUGGAGGGAAAGGCCCUGCGAAACCUUGGCAACCGCUCAAAUAAAAAUGUGAGUUGGUGCUAAUUCCUACCCGGUGCCAGCGGGAUAGAUGACGG
((((((((....((((((.((((.....)))).)...)))))((((.(((((((.((....)).)))).)))))))........((((.......))))...)))))))) (-37.30)
CUAUCAUCGAGAAAGGUGGAGGGACUGGCCCUGAGAAGCCUUGGCAACCGUCAUUGACCGUCAGUGAUUCAAUGUAUUGAGGUAAUGAUUGGUGCCAAUUCCAUCCCGGUUGCCGGGAAAGAUGAAG
...(((((....(((((..((((.....)))).....)))))((((.(((((((((.((.((((((........)))))))))))))).))))))).......((((((...))))))..))))).. (-45.10)
