CUCUUAUCGAGAGUUGGGCGAGGGAUUGGCCUUUUGACCCCAACAGCAACCGACCGUAAUACCAUUGUGAAAUGGGGCGCACUGCUUUUCGCGCCGAGACUGAUGUCUCAUAAGGCACGGUGCUAAUUCCAUCAGAUUGUGUCUGAGAGAUGAGAG
((((((((....((((((((((((......))))))..))))))((((.(((.((......(((((....)))))(((((..........)))))(((((....)))))....))..))))))).......((((((...))))))..)))))))) (-55.20)
AUCUUAUCAAGAGCAGGUGGAGGGACUAGCCCGAUGAUACCCGGCAACCGGCGAUGAAACCCAUCGCAGCGGUGCUAAUUCUUGCAGGACCGUCCGUUUCGAACGCUGGACGGCUUCUGAGAGAUGAGAG
.(((((((.......((((..(((.....))).....)))).((((.(((((((((.....))))))..)))))))...(((..((((((((((((..........))))))).))))))))))))))). (-45.80)
UCCUUAUCAAGAGUCGGGGGAGGAAUCUGGUCCAUUGAUCCCGCAGCAACCAGUUACAAUGAAGUAACAUGGUGCUCAUUCCAGCAAGCGUAGGCUUGAUAGAUGAGAA
..((((((.......(.(((((((......))).....)))).)((((.((((((((......))))).)))))))........(((((....)))))...)))))).. (-33.10)
UUCUUAUCAAGAGAGGCAGAGGGACUGGCCCUGUGAAGCCUCAGCAACCGGUGUAGUAGAAAUCUAUUUUCUAUGACCAAGGUGCUAAAUCCAGCAAGCAACUGCUUGGAAGAUAAGAA
.(((((((....((((((.((((.....)))).)...)))))((((.((...((.(((((((.....))))))).))...))))))...(((((((......))).)))).))))))). (-40.90)
CGCUCAUCCAGAGGGGCAGAGGGACACGGCCCGUUGAAGCCCCGGCAACCCUCCAGUCGGUUCUCGCGAUCGCCCGCACGGCGACACCAGCGAGGUCCCCGGCUAGGGAAGGUGCCAAUUCCGUCUCAUGGCGAAGUGCGCCAUGGGGAAGAUGAGGA
..((((((....(((((((.(((......))).))...)))))((((.((.(((((((((.((((((..(((((.....))))).....))))))...))))))..))).)))))).......((((((((((.....))))))))))..)))))).. (-73.60)
AUCUUAUCCGGAGUGGCAGAGGGACUGGCCCUGUGAAGCCACAGCAACCGGCCUGUUCAGAUUACGUCUGAACAUGGUGCAGGUGCUAAUUCCUGUCUCAAGUUUUUGGGAAAAGAUAAGAU
(((((((((((.((((((.((((.....)))).)...))))).....)))((((((((((((...))))))))).)))(((((........)))))(((((....)))))....)))))))) (-45.30)
CUGUCAUCAAGAAAGGUGGAGGGAAAGGCCCUGCGAAACCUUGGCAACCGCUCAAAUAAAAAUGUGAGUUGGUGCUAAUUCCUACCCGGUGUAAACUACCAGCGGGAUAGAUGACGG
((((((((....((((((.((((.....)))).)...)))))((((.(((((((.((....)).)))).)))))))........((((.((........)).))))...)))))))) (-40.10)
GUGUUAUCACGAGUGGUGGAGGGAAUGGCCCUUUGAAACCACAGCAACCGGUCCUGACGUUCAGGAUGACAGGUGCUAAUUCCACCCCCGCAAGGGGACAGAUGAGAC
((.(((((....(((((((((((.....))))))...)))))((((.((.(((((((...)))))))....))))))........((((....))))...))))).)) (-38.70)
GUCUUAUCCAGAGCAGCGGAGGGAACGGCCCUGUGAAGCUGCGGCAACCUGCGGAGGCCUUCUAAAGCGCCUACUAAGGUGCCAAUUCCGACCCGGUGGCCAUCCGGGAAAGAUAAGGA
.(((((((....(((((..((((.....)))).....)))))((((.(((..(((((((((...))).)))).)).)))))))........(((((.......)))))...))))))). (-45.60)
CUAUCAUCGAGAAAGGUGGAGGGACUGGCCCUGAGAAGCCUUGGCAACCGUCAUUGACCGUCAGUGAUUCAAUGGAUUGCAUUGAUUCAUGUAUUGAGGUAAUGAUUGGUGCCAAUUCCAUCCCGGUUGAAGGCCGGGAAAGAUGAAG
...(((((....(((((..((((.....)))).....)))))((((.(((((((((.((.(((((((.((((((.....)))))).))))....))))))))))).))))))).......((((((((...))))))))..))))).. (-55.00)
UUCUUAUCAAGAGCGACCGAGGGACUGGCCCGGUGACGUCGCGGCAACCCGCCUGAAAAGGUACGGUGCCAAUUCCAGCAAAGCCGCACAGCGGUUUUGACAGAUAAGGA
((((((((....(((((...(((.....)))......)))))((((.((.((((....))))..))))))........(((((((((...)))))))))...)))))))) (-41.50)
