>seqG1614 = G family seq 1614  0.000706 35 G
CQGLGGGRGGHLQRGGGLCTCGGSPNGHVLLGGQGGRGGPGTKQWGGSGCGFGGELGSMGVHWGSGIQLGTHMGLGGERQPGG
>seqM142 = M family seq 142  0.000860 70 M
MMMMMMMMMMMMMMMMMMMMMMMMMMMMMMMMMMMMMLMMMMCMMMMMMMMMMMMMMCMMMMMMMMMMMMMMM
>seqY1700 = Y family seq 1700  0.001147 34 Y
DQTVYYQGNYVYYYFYYDYYYSYVWYYYQMYNHYYDYLCDRFYYLYYLRCYYYYYTDYDDMYYSCYWQNYQYMFM
>seqF481 = F family seq 481  0.001372 40 F
CVQPVFALFMNSFFFFSFLFFFIFFFIFFSFFRFCFFMFFKLFFFFDFFFHFFVFCFFAFTFQFFIFFAIHP
>seqV17 = V family seq 17  0.001496 74 V
VVVVVVVVVVVVVVVVVVVVVVVVVVVVVVVVVVVVVVVVVVVVVVVVVVVVVVVVVVVVVVVVVVVVVVVVVV
>seqF1067 = F family seq 1067  0.001709 34 F
LVIFFFQEFFPFCFNFFFDHWEFFFRYPGFFFFFTGPMSFECSDVFFFAFTQHFFMVFFNQMFFFFFWAGWQDFYF
>seqL1459 = L family seq 1459  0.001713 34 L
KLFLILLGINTMSPYTELMELLILLLEILLYINGLLLLTLSTAGPLLDYTHELYMCFLLLPLAVLGLLLDLMMHLWLTLLL
>seqV1698 = V family seq 1698  0.001752 34 V
YVLVLVEVVVERVVCVVVTVKLLCVNVLQDARFWMNVAAVAVNEVVPWVNVVGVPYQVPVVLVVHMWVHNNVVVKHVVCA
>seqY704 = Y family seq 704  0.002022 34 Y
PEYYCRANIMREYTTYYWDLPVYYYYYHYYIYYRYYRYYRTGYPYLNYYVNYFLYYMYYVYYCYMTMYYYQYFWQ
>seqW1162 = W family seq 1162  0.002285 35 W
RLWWSWTGWWYWSIFPWFWRPWLNWWWWFVWSECWDWKWLEYWKGWWDWWCMNGWPPIWWGMWCWDLEVGTWWDLWKMWWMWWLWRH
>seqS778 = S family seq 778  0.002883 34 S
WSSCTVSISRHASFKSSLSSPLSDSSWKSSSQSSSSCSSDMSRSFFPSSMMPSSTKKINSSSSSPSWAGSQH
>seqS1764 = S family seq 1764  0.004374 34 S
DSNSFASSVNGSESVCSMHEMSSARLSAESSVISSSMVPSYFSNSSLQSSSSSMDKEWVLSSVQQNSSLHSSSAQSPVAQSQSQIDK
>seqK1210 = K family seq 1210  0.004529 34 K
NWKIKKKSKVKLKSAVKGPKTKKPKKKWKKKCSPCVWKKKAWMVSKHKKKKVKKKKNIYKKKMMKKRHV
>seqM1859 = M family seq 1859  0.004836 34 M
KFMMMMVMDYMMRMEMMMMDMMQMFVQQMMMHHMMEMPEMHMMGSSGMTNQVSMKGSHMSPQMMMMMPTMGRQFRMN
>seqT492 = T family seq 492  0.005525 36 T
HGWQTCKETTTTTGTTTTPTTTNDTPCCTHTLTTTGYTTTMATTGTTPTTTMTTTTHRYKTTTMIVMSC
>seqD1427 = D family seq 1427  0.005853 35 D
ANDDDTTETYDTDDTDDQGLDDYAADDNDFDDDEDAKEEDNKAWFDDQNNDDKWDADYDDMDDDKEDWDDIKADMDTPDV
>seqS169 = S family seq 169  0.005992 68 S
SSSSSSSSSSSSSSSSSSVSSSSSSSSSSSSSSQSSSSSSSKSSSSSSSSDSSSSSSSSSSSSSWSSSSSSSS
>seqK1678 = K family seq 1678  0.006297 34 K
CDKSFKPKKKKADFKSKKIKPHGWLHKHKKENKHPAGKFFSKKKKWPQKWHVKGKKWKSKISFKPKVNSKAMKKKKKK
>seqG1446 = G family seq 1446  0.008335 35 G
CGWGCLYGGGGHDQGFEGLGCGLFHSGKGLGLYGGGTGEPGPKEWGGGCGGGGNELGEQGGGMHGYQGKGRCIGGEKGQM
>seqM443 = M family seq 443  0.008342 41 M
PNMTFMLMMMAMMLLSVTVMMRMMPNMWHMMNMMMNMLMMLCSMMMMMPMMMMMMRMLSMDMMMMMMMM
>seqD760 = D family seq 760  0.009265 34 D
NMGDSTRNDRDDINDDDTDGVDDDNCACDDKDWDDGDDEDNDVWDCDPDDDDSNDPLDGDCDDDLMRRCGDDTCCQ
>seqN13 = N family seq 13  0.009293 74 N
NNNNNNNNNNNNNNNNNNNNNNNNNNNNNNNNNNNNNNNNNNNNNNNNNNNNNNNNNNNNNNNNNNNNNNNNNN
>seqY171 = Y family seq 171  0.009511 69 Y
YYTYYYYYYYYYYYYYYYYYYYYYYYYYYYYYYYYYQYYYYYYYLYYYYYYYYYYYYYYYYYYYYYPYYYYYY
>seqH60 = H family seq 60  0.009975 65 H
HHHHHHHHHHHHHHHHHHHHHHHHHHHHHHHHHHHHHHHHHHHHHHHHHHHHHHHHHHHHHHHHH
>seqM1938 = M family seq 1938  0.010567 34 M
KRMMMTMVQMDSMRMAMAMGQMQAAMFVMMMMKIMMMMMEMMHIWMMGMSGITNQVSFMDKGSHMMFMVTWMMPTMMNQMRNV
>seqT1445 = T family seq 1445  0.011489 34 T
YTQWATDFYTTTYDFGAGTTTGTYTDTSTNTTTEACTTYTTCTTNTLNTWMNSTTTTTTNTNWCTSCTRGTCTR
>seqA171 = A family seq 171  0.011656 66 A
AAPAAAAAAAAAAAAAAAAAAAAAAAAAAAAAAAAAAAAAAAAAAAAAAAAAAAAASASAAAKAAAAAAAYWL
>seqP1013 = P family seq 1013  0.011700 34 P
PNPPPYYPYPKQPNSDHVPPKPPAPASPPSLPSKSSFPPKESILPTPKHMPPIHPDFPSPPDPSPPLSWTNIPPPDMKNPNPP
>seqI1574 = I family seq 1574  0.012585 35 I
VIYFAINRDMIIYGMMSYMIIISIDIWLIIVICCIIQIIIIMIRDLIIIMDIFAIDIIYWIRHQILIIIRIILSYII
>seqS933 = S family seq 933  0.013100 34 S
FDSWWSSISCRSASSFKSTGSAFSWCMLSDSSHKMSEQPGSRQCSSRMWTSFFYSSSMSNSSSKSSVSNSSSSPSWAGSCQH
>seqW2000 = W family seq 2000  0.013785 34 W
WLWQTWGDKWLHQWWWWGWWPQWLWYWWWCICKIKGWWFWWFRWLWLWWGWTWWRTWWWRCWWWYWLIRVVWINVC
>seqV942 = V family seq 942  0.014115 34 V
VRHDVQVVVVHVTVVMVSTVIYQRPLSVDLVHPNNVVLFHVTVVVVVWHVVIWVVHNYVVVGVVKDTHPTVSCVRIPDVV
>seqK516 = K family seq 516  0.015164 35 K
WVWRIKYHKTNLKKYKKKDKKPQKKMIKKKKKKKWKKHKAKLKCMKKKIYSNEKLFHKKIEIAKKDSHKKKKMHA
>seqF1706 = F family seq 1706  0.016061 34 F
FYTFLYIFQCFDFKFNGNYADFFFFFFRYLTWFEAFRFRTNFFALEVFTFNLCFDFFYFHYHMFFFFIYFYFNFAFFFRHFQ
>seqE1641 = E family seq 1641  0.016692 34 E
RGEEWIVEWETERSEAEMEEEEGETFGVTFWEELTSKESELEATIEEESELEELTEEDEEEVEFSYLEEGEEE
>seqF18 = F family seq 18  0.016749 75 F
FFFFFFFFFFFFFFFFFFFFFFFFFFFFFFFFFFFFFFFFFFFFFFFFFFFFFFFFFFFFFFFFFFFFFFFFFFFA
>seqQ1025 = Q family seq 1025  0.018513 34 Q
KQNYEQCQQRVQQTICGFQKQIQQQMQGAQQRSQLYQCNGKQQTSQQQQRQKTNFFMIQQVNKKGQHQTDWMNDQTQQQQQQ
>seqR438 = R family seq 438  0.018520 54 R
NMTWRRRQRRTKRRRRRRRRRRRRRRLRPERDRSRRRRRRRRRARRRRRRRTRRRRCRRRRRRSRDRTRRRFRGCYF
>seqY1882 = Y family seq 1882  0.018917 34 Y
ATYYIVFYKYFVYFYSYYPCAWYPYYYYYNYAYNINYMGMDCYTRLSQVYWMYFEIYYYYDNCQCYMLYYYYNNYYYYYWDMV
>seqI1340 = I family seq 1340  0.019111 34 I
GIRIVAIQINCIMISMIMNIMEMFIAYIIIFWILIHIKSCIIIMTIHIICADISIIAFDIFHDIIMIEIIISLQIDDIESNDICH
>seqV1357 = V family seq 1357  0.019629 34 V
MMVVMVWHNNSCCVVTVVKVFVFVWECKYFGPVVVQMTSVVDVVVVNVVVCWRVVVGEFMTVVVATVNAVVIEVVVI
>seqP611 = P family seq 611  0.020513 34 P
YFPHPPWNQPGPWYPPFPPNQPPQPPAISMSFPGPPRPPHMEFPYNPPSPPPPPLPPPPIPPQMTPGPMHLN
>seqC1029 = C family seq 1029  0.021252 34 C
GNCCNFQCNICTMPTCYFHRWCPCICTPGDCGCENWWNMCCCCCCFWCCHGACICCCCIHNCCCCICTEECCCGCCCL
>seqW778 = W family seq 778  0.021607 34 W
EQWWWYGWWCWSIMWNFIWPPWWYWFWYWNWWNKCSEWALWWWYVWWACLHCGWQIPPIWWWWWILWCWSWAWWSFWKMNWC
>seqF1458 = F family seq 1458  0.022245 35 F
HTNYFFQPFPFTPFTFYTCCQFFFMFQQNFAFPFFFFFHQFFHEVCFQCTFFFHFFFHLFFHFPMFFFDFAFWCQPF
>seqQ1432 = Q family seq 1432  0.022245 34 Q
WPQQPMWMQWCQGQQTQPLGEQAQQWWAIQIQFCQRNWQQRMMQWMQHQQGQQVQQQGNINQMQQQFHQMQMQQQQ
>seqW51 = W family seq 51  0.022288 78 W
TWWWWWWWWWWWWWWWWWWWWWWWWWWWWWWWWWWWWWWWWWWWWWWWWWWWWWWWWWWWWWWWWWWWWWWWWWWWWWW
>seqD431 = D family seq 431  0.022334 48 D
MAMRNRTDDDDDDVGVDDDYDCDDDDDDDDDDDMADEDDHDDDDDDHDDDDDDMDDLDDDDDDDDMMRDDFNITCE
>seqQ553 = Q family seq 553  0.022843 40 Q
KQEMQMQQQQQQMQYGDQQHFQASQQQSQAHYQLQQKQTQQYVQQEGQQFGQQQQNMQNQQQLCNIQSQQQQWQC
>seqF1242 = F family seq 1242  0.023809 34 F
FEIFFFEFPCFNFSFESFFQFGPDFFQCFFFTYPMHFQFFFVFDAFTFFLHFMVVFFCMPFFFDFAGWYFDSFF
>seqY940 = Y family seq 940  0.024746 34 Y
YAGYCRYTAYIMYEYTYNYYGPIQYYYYHWYITYAEYTAYYYKTGPYWNYYVNYFYWMYYVYYCCKYEMSYSYYAYYLWMQ
>seqD1634 = D family seq 1634  0.025763 34 D
CPLDCRHHTDDLDIDDLDDDDSEDDGAHGDDTRNDIDDDDLQTDTDDFDDQNGDLKWEAILDWDDDWVGCDEDDKDDRIIV
>seqT903 = T family seq 903  0.025894 35 T
STQACTWDVTHMKTTPNTTPGTTQPWTTNKTTETRTTTTTDHFTIKTKYAATTRSTTTLTTTETTYYTTATQVRTIR
>seqW1614 = W family seq 1614  0.029151 34 W
WWQWQEVWWQDWFRWDWWQDWWEPKWPLRWWWWWWAWIWWMQSWMWWDCMWQWFLWWWWLSQWEGGPGWHGWWHLT
>seqL1584 = L family seq 1584  0.031940 34 L
KLVVLGIVTLPTLYLKMKYLLLLILYKLNLCLLTLQLLGCKLLLFHGHMLWLLPYLHLLLHYLLLMMLWVALTLL
>seqD1520 = D family seq 1520  0.032019 34 D
APPHDTTETYYDTCDQDLDQDDDDDYDADHGDDTNDFDDDDYEDLDQLDKTAVFDQNGGLKWRADYCWDLDDKEDDDDDKADIRPDV
>seqW559 = W family seq 559  0.032046 43 W
ETYWFWKRMWNWTWKPWWWTWWYWWWWHPWFWWWWWWWYWWAWCLWCWWIWWPWWIWFWWWWWWWSWAWWSFKMV
>seqG1245 = G family seq 1245  0.032228 35 G
RLDGLPGGHGGGRDGEGIGSGGEWGKESGGGGGYGGGTDERMPLQEGVIGEENGGEEGGNAHDGGGGTGCIGGIEPGGM
>seqA1856 = A family seq 1856  0.032382 35 A
AAEAACAAPAEAAFCRALACAAAANADEAFQLWAADCINGNAAASCVMAAPACAAWECSSAMACFEEAIASSAYIAAA
>seqE1402 = E family seq 1402  0.032491 34 E
EEKECEEEDEQEEESEFVEEEWECEGQCKKVNYREYEEHEEEEQEWEEKKELEEWMAVELEMEPAFEPDKE
>seqE1836 = E family seq 1836  0.032869 34 E
HERAYEAVEEFTNGEEEEFGEPEPIETAFQDGEEGEKEEPTETAEEQEPFEEEHPEPEMRQTREDGEEEAESSEEMPYEERR
>seqQ12 = Q family seq 12  0.032980 73 Q
QQQQQQQQQQQQQQQQQQQQQQQQQQQQQQQQQQQQQQQQQQQQQQQQQQQQQQQQQQQQQQQQQQQQQQQQQ
>seqV536 = V family seq 536  0.034561 36 V
VAIVQVVCVAMEATVFVQVVVSEVVINVVVTVVVVMVVAWVQVQVQVVKVFVVVQVIKVTVVYNTVVRG
>seqK966 = K family seq 966  0.034904 34 K
WKKKAYHKCKLKFKKKGIKKWKFKKGKCKMKKKVGKQKLCIKNKKDVIAQWPKSKHKKPKTIKKSKQKKHMYHA
>seqK284 = K family seq 284  0.035067 61 K
WVWRKYKKKTNLKKKYKKKKKKKKPKKKKKKKKKKKKKKKKKKKKKLKKMKKKKKHKKYEKKLGKKKKEKKKKKSKKKKKNA
>seqS1118 = S family seq 1118  0.035620 34 S
FVSWWSSISRSCAWSQCCSSGASFYSQESMDSMSSSSFHKSWEQCGSCCGSRRSELEEQSSSSFSSSSATKSFQSWHSFTQYTSWSSFC
>seqP296 = P family seq 296  0.036370 56 P
FRPHPWNPPPWAPPPPPPPPPPPPPDSPFPPPPPPPPPPPPPPPRNPYNPPPPPPPPLPPPLPPPPPPPPPPF
>seqQ1165 = Q family seq 1165  0.037351 34 Q
KQQYQCEQPQPYPVPQQTQGFQLYQVQWQGQQCLTERTCTEQQTYRQQLQHPNVQDMIVQQVQKQGQHQMPFWMFDQMQYQLQQQQQ
>seqA605 = A family seq 605  0.037937 38 A
SSCWDKATAAEFAAKIAQHAATKAAAWGAFDRAWAAAFAADLAAAAAAVAAAAAAAAQSSYAAKAAFAACWGK
>seqI1452 = I family seq 1452  0.038482 34 I
WIRAIINMIIYISMNMMIICIIAWILIHIKSLIIIMRIHIICIRDSIIIWFDIRDIMIWIHSIQIIIDIIEMSLCI
>seqH1898 = H family seq 1898  0.039047 36 H
KHIFHHHLHQHDKDHMASEFCHHHMHDKHIWHNEHHWCVDQHHHHHNHKIVHHHCHHHAHITDKRQHHSVEKKEEMHHQMHHKERVRHHI
>seqN1140 = N family seq 1140  0.039394 34 N
NKNGPTSNNNNRYSNGNNNENECEAACGNHNVNPNNNNNNENNPNNNHYEWWGCTEPINWNNNNCNPDNENVNFKWPA
>seqG429 = G family seq 429  0.040639 54 G
MMDAGGGGGKPAGGTGGGGGLGGQGGSGGGGWGGGGGGGGGGLGGGGLGQCGGGGGGGGGGGGGPGKGRGGGQCIFGH
>seqA1022 = A family seq 1022  0.041523 34 A
DAAALAAIRDKAAAANAEAVAAMMYEFAPEAFALFAMARVMPAAIFLARRFAEAVKDQVAVAEAATCAWAKAPAAQDAWLGAYK
>seqR841 = R family seq 841  0.042202 35 R
SHRRRRSEQRRCRQRRTVRCRDAHATHRYRARMWPWSMKIRNRRTQRQRRNRRARRVWTMHMCRKGRRRLRRKDRWQRFRLCCGRRK
>seqM1762 = M family seq 1762  0.042356 34 M
WMFMMMMVAMGYSMMMMNIILIMMMAMMMFLMMMGMMEHGPCESMHTMMGTYMLMVSMMMDFGMMPPIMVHGYVPTMSARMW
>seqH1027 = H family seq 1027  0.042422 34 H
WWEAHIHPHHHLNHSAHEHHPHVRHHPLHHHHTHNRVYFHSHHNFHHVALCHHHDYHELGINFTHWLHHELHHHHSEH
>seqE627 = E family seq 627  0.043548 34 E
EFGNEEPECEECWPNEEKEFIEADHEEECENQNEELCEYEEEEESEAIEEEVAKLEEKFEEEEHMEITVEN
>seqE365 = E family seq 365  0.044883 58 E
HEEEECEEEEAEEEYEEEEEDHEEEEEEEEEEEEEVEEEEEEEESEAEEEEEEESVEAMKIEEEENEEEEEEEEVN
>seqR1903 = R family seq 1903  0.045154 35 R
RNARCRSTRRQTSQRRNLVRRQRQRRRNRTRRRRERSRGLGSTASVESAIKRRVRRHYARNHCCRCRRRRTSIRVQRRQARR
>seqG1828 = G family seq 1828  0.046129 34 G
RFGWAKIPIGNALGAGKNIPVGGGVKCGIGKCGGEGQGLGLEGMGGGGCGIGDGGGGGIGGYGGGGGVCLFFGF
>seqN1304 = N family seq 1304  0.047141 34 N
NKENNDWRNYDVGNNNPENNENNAICGVCFVWPFNWNNNNENMNNNNVYNDWNCTQLNNWWNNIMNNNMNDCNNCTTWNA
>seqK1958 = K family seq 1958  0.047151 36 K
KPNPWNYMKAMKFWKKKILKKLWKDKKDKKKKRKKPKKNMKPDKKKDNKKYKWKMDKKACKVDMVKSKMWVKDTKTKKRHT
>seqM1412 = M family seq 1412  0.048363 34 M
MMMDIHHMMMMMMSLRQMNISMSMFMMWCSEMWMEDGMCMEGMNTMQCLMQKMMMDMMVKPNMPADPNMSMMMPGANMVYMML
>seqP1828 = P family seq 1828  0.048996 34 P
MPPKPPPWYPLEPPPPPPPLPWPPPPHRWPNPVPWWNTWPPPPNPPKWLIMWNKPWWSSPCYSPVPWVHDPNPPD
>seqH1396 = H family seq 1396  0.050315 35 H
HHECCQHHHHMFHMCSCHEHHEQGQHTGHVLTMHRHYHDRHSVHFHEHQHDHHHHHHHHQHHTAHHCHFHHWSET
>seqG1947 = G family seq 1947  0.050773 34 G
RMQGWAKIHCGNGGASGIVIDDVGGQGKCGGGGHGGAGLGDGHQGKWGCCGGACGEGDDGIIGGAWSMGGGGGVGFSGG
>seqI1145 = I family seq 1145  0.050899 35 I
GIVAIQINAWRLINYCSANDNEIIFIIKIIIDIIHIKFSVIHIIKIIIIIADRIPIIFDDKGHIIIGEPIQDIIWMIIIKPIC
>seqS1546 = S family seq 1546  0.050927 34 S
DSNYSSSNAPSPVCVCSSSCYSSSPSSSVSSSDNSYRNRDNSSQHSDIGCDSSNQSSTIMSKSEIIMSNSSLSRSSSK
>seqP1521 = P family seq 1521  0.055620 35 P
DPPRKPWPPNPVAPPPDPLWSWSPPPPHYQPLAPPKYPNEHHTRNPPPVPHDKPQTPYRSPPPPNQPPNRTPPPRPVWPL
>seqM1599 = M family seq 1599  0.063027 36 M
MMMMMHMHMTMVVRMRMMRMRMMMGMMFAGMRMEHMDCKECMTMQMHTQPPVMMVNMMTMMSPYQPMPMIPTMIMQVVYMMM
>seqA1665 = A family seq 1665  0.066690 34 A
TAGVVFALAAGAHAAGFTIAALAAAIPCYGTQWDWLADAAYNGAAAAARANMSYACAAMAACVDAAAARPAIAWFAA
>seqA1399 = A family seq 1399  0.068151 35 A
TAAERFAAAAKHAAYFAAAQANLAPAPPAFAEIQPWDALRTTALAPAAAAEAAPYEAAATCAAYIWLAAAQCAICNAC
>seqV1987 = V family seq 1987  0.069498 34 V
YVLYICPVVVVMVVGTVEVVFLCMAVLVVVEQSVRVPVVGCVNCDVMFVMNSAVLVSVPSKVNHVVVCWVPVYDPVCCVVMV
>seqV771 = V family seq 771  0.071671 34 V
VKGWLAVQHVCVVMRSTVIVQRVVSERVMNVVVTRVEWVVVWVVVVIWVVFVFVVVQGVVKVTHAGTVVVRPGV
>seqR1003 = R family seq 1003  0.073982 34 R
SHRRSRRRRRRQLRPVREAEAHVARRWPRTRNQRRTQQRRNRGARRVWWVHRMCRRGRRQRDRQRRRVQGRRR
>seqF1891 = F family seq 1891  0.077272 34 F
FECWCKIFEDFKDFFQRFYFFAYCFFFKCFEFFFPTWFEADCEFFFFYDGFALVFCFACFDWFCIQGCFFYFDFYDNFFFFFKQDDWE
>seqE1490 = E family seq 1490  0.078609 35 E
REEWFWETTREEEEQEEYREGETFYVREEWELSKEVNEEERYTESEEERREEEETEKTEPEWAFVELDSEAEEEVDKE
>seqR2005 = R family seq 2005  0.079873 35 R
RNARCWQRGRTSQRQARNLVLRRRQQQRRGRVRRRYRERRRRSRAAVQRIYRESRRRRGAQNHRCCRRRTGLGRIRKRTR
>seqE755 = E family seq 755  0.080442 34 E
EFEDGREEEPECEECDNEEEEFIEADHFFEWNWQAELKCEEEERESEEIGEEPVEEAKLEEKEEEESEMPEFSK
>seqD990 = D family seq 990  0.081420 35 D
KMGDDLRYRDDPDDDRGDVDDNDDWDDKCDDGDEDTADRDDFSDDVDCIPQADWDMDPLVPMCDGDLNDDSCMIPCDPDICDD
>seqH605 = H family seq 605  0.081959 35 H
GNSYHHHLIRHHHGHHAHLHHHNRHHHHHQHHHIHTHAHHIHAHHHHHVHPGHMLTHWVHVEHEW
>seqN740 = N family seq 740  0.082545 34 N
TFMPMVSENNKSVNPNNGANNNWNNGNNNRNNNNLNYEWMTNPKHHVANNNNINGITNKNNNNEKNVNDRNNSYNKCM
>seqA1924 = A family seq 1924  0.083499 34 A
AAEAAACAAAAEATFRAVFLRAAAAGARAEATLWAMDEATADSCVRAFSFRFIAAARCSSDAMHACFSEERIAASARAIAAA
>seqT1530 = T family seq 1530  0.085559 34 T
YTTQNTTDFYSTTTPYDFTGTITTPTTGQETRNYTTEACTTITWSTNTLATTWTMQSTTTPRTTGTTNTTCSSCRGNPTR
>seqN1949 = N family seq 1949  0.085827 35 N
ERVNNLHNNNHMINNPNFNDNKNRHDNMNNNNLKNMVNSNNNNNNYKLLNSQNDPNIYNDENNNNVRNNVVNV
>seqQ747 = Q family seq 747  0.090668 34 Q
KDETQQQQQQQQQYGFQQIQFQLQQKQAHYNQTQTQYMQQEQFFYQGQQTAYQNQQQTNMQNDAQWQQNQ
>seqM1682 = M family seq 1682  0.091202 34 M
MMFFMHMHMTQTMMMANMIMRITMMMMEFLFMMVMMMEHVFCDSMMTYMMHTQPPMMMVRVMTFMDSPVQMVMIVPTMMENFVYRMM
>seqR1260 = R family seq 1260  0.092013 34 R
ERRRWRRRRAQRINRRVEHRARWERCKRRRKRKQNRCLLARAVPARRICRRGRRRQCRRRRDPNRRRDYVNHRL
>seqQ896 = Q family seq 896  0.093201 34 Q
KEFYEQCQQQPQQFQWICGFQKQIQQMQGAQQQLAPQQNFTQTSYKVQQKTQFFYMIGQQQVYKQQTDMQNDQTQQQQFQQ
>seqI1827 = I family seq 1827  0.094250 34 I
PYNICICQDIQIIIKMYYYGCSIIIIKRCCISICCIIILVIHIAIDGTIWICIIIKNIHSIKIHNYCNIGIIISVIIFIWIC
>seqC1424 = C family seq 1424  0.097177 34 C
CCNVLRCQCYCQCDCFCCDCHCCCQEPSCRTVTDCSCGCCCDQCAHCCLCCCCLESILLACCWCICCHREQCASTRSEICC
>seqQ1928 = Q family seq 1928  0.103808 34 Q
QYGQQPWFNQQQGAFKELQDGKQPQQQFENDQFYKTTTRCYKQQWQQKNQYQQQIRQQQFNIQQNQVRQQWQHGQQIQQPAQGP
>seqD1971 = D family seq 1971  0.104303 34 D
PDKWDDFDPDDIDDDMDYDMDAYMVCDIYSDDIKKDDDHKDNDAIVDFDDYMIKDDMDNDDADDMSTDKNDKPPTDCICYD
>seqY445 = Y family seq 445  0.104322 42 Y
PWKAGAYSRYQYTLYYWDYYYYYYYHYYIYYYIYYRYYQYYYYYLNYYGYFYYYMYYYWYYYYMPYMYWWYFQ
>seqD1323 = D family seq 1323  0.111629 35 D
ALDDDTLYRDDTDTDDQEQLDKADEDDSDFDDDDEDKEGRFADIQDDKNDDKWDAHYDDLMRDDKEDDDQTDIKDMVTDEVD
>seqE1308 = E family seq 1308  0.112290 34 E
LEEPEEELEDICEEFEEEVFEEWLCEEMECKVEETWYEEYEILEQESEEVMELEENMEVVEEEEPAMPHWE
>seqF624 = F family seq 624  0.115363 34 F
CVIQEPPFVLFFNSQFFFSVLFFIFPFHFFFIYREFCFKMVFFFLDFFSDLGFFFVTSFFFAFTNFNFFFIFFIHPF
>seqL1187 = L family seq 1187  0.116302 34 L
LLLLLLLLRNPVLFYYLMELVLLLLEQLSNRLIMYFNHRMLGVLSLILTLTLSLHLPLLWLEKPLLGTYALWHLWALL
>seqH853 = H family seq 853  0.124967 34 H
HGSYIHPNHHHLYIHEHHHHHPHHTHNRHHSHSQHEHHHTAHHHHIFYHLGIHLTHHWLHGHERQHHSEH
>seqW1757 = W family seq 1757  0.125114 34 W
WLQGQDCVLDWFMNWDWWWWNWWWHYSLWYWWWIWWIWWWDQYWMLLWCMNNWFQLWWWWWWQWGGGNWWWHMGWWVPF
>seqL1328 = L family seq 1328  0.126305 35 L
KLFLLGNVSPLDLLMELFRLLLELSNNLMLLLHRSTAGLLLILTHLTTLCFNLFCLWEVLLLLLKDLSLLLLWLLT
>seqD1719 = D family seq 1719  0.129584 36 D
HPLCRDDDDDRDISFDDDDTDDDGAHGTTTNDIDDDDDLNDTDRIDFDDTYNGDLNDNVIDCDDVTDVNDEDDDDDCFV
>seqK1426 = K family seq 1426  0.130371 36 K
HYCKKWKRKSKQVKKVITKKKKKTSKKAKKKKKISKPQKKKKKWHVIRQHKKKCDWKKKKAGKNKSWNKKHF
>seqA1142 = A family seq 1142  0.130771 34 A
AAKAAARAKHADNAQAVAAMEARAPEAFAEHAARAAAATIFLAAAPNAELKDYAMAETANCYATAKLAQAAWLGAEK
>seqC609 = C family seq 609  0.133107 34 C
QMDCTCCIGCHPCCCYCCTECPMSIHCECMCCCCACMRGCVCCMCNGCCCCFCVTCCCHCILCCCSETSCTKL
>seqH1648 = H family seq 1648  0.136911 34 H
HHHSQEHCHRHNMHIMHHWCFGHHHHEHQNHNHQHNMPHHAQMHVHILADHHQLLKNFEHHHLHCHHKHHPHDFKWHHWNPT
>seqM1055 = M family seq 1055  0.139661 34 M
SWNQHNMMMQHMMHKYMMMMDYMMKMMRMMYMPMMFYIMMMMMGCMFMLQMSWCKNMMEARMMPLMADQMMWAYCPRHMPI
>seqA2000 = A family seq 2000  0.139731 35 A
ASIAAFAAAEASFCAAIFRLRAIRAAARAFFQAAMDEAAAAVAASAVRFSFRAIAARCSHAMAHASFEIAASYCARAAA
>seqV1782 = V family seq 1782  0.143881 34 V
YLVLTSRWVVVVVCWVVTAVKVAWCFVQSARKVVLVVVNVVVVALVSAVVQVWSKVVLVVHMWVHMNVVVKGVVCA
>seqN1761 = N family seq 1761  0.144040 34 N
NPENWNNINQNERYHINDPNSHCNWLNNDQFNNWKNANNITNVNNPMRNANYNLNSQDNLCNIYNVNNHNNINHWNENPPPVNV
>seqV1240 = V family seq 1240  0.146775 34 V
MMVCDVWTHVVVVCCVVTCVMVVWFYVLCVVVYIVVVQMFTVVDVVNVVNVVMVVVVGYGFNFVNPATANMIEVVVI
>seqA1264 = A family seq 1264  0.149147 34 A
TAAAKAAARAKHAYFQAQRMERARAPAAFAETAQRWMAARTIRLACQATAAEALAAYAMAAYECAYAKTYTLARQCCAWACGAAC
>seqT219 = T family seq 219  0.150800 61 T
KTTTKTTTTTTTTTTTTTTTTTDTTTTTTTTTTTTTTTTTTITATTTTTTMTTTTMTTTTTTTYTTTTTSVS
>seqI1740 = I family seq 1740  0.154052 34 I
WPYFIQIDIQIIIIYMGKSSIIIRICICSICCIIILIIHCDLTIKCIRIYIIIKWIHIIIIKISVVIIWII
>seqK762 = K family seq 762  0.159099 34 K
WVWNNKKKHGKKLWKFKKKKKIKKPYSKMGKCKYKYKRKKTAKLCMKAICSEPSLKHKKPTIPKKKKKSYKKKMFEYKA
>seqH1533 = H family seq 1533  0.160538 35 H
HHIYQHHCHNMHYMFHCFGHHHEHHPNHNHQVGMHHIQNHSVILDHRHLHHNDPHHHGHHQHHHHPHCHFHHHWNET
>seqM812 = M family seq 812  0.162376 35 M
SNMMNMMMFMMMAIMMNLVVTWLMMRMISMNMFMLMMPMMNMFMMLQTVSWVWMMRMTMMLIMMMWAVDMMMRHGPM
>seqR1712 = R family seq 1712  0.164902 34 R
RWERCWRRRRRNRRGSNHGRRRGMRKRPRRRERRRKLRSRAREKRIRKSRMYRLRRRCVQVRQDRTILSPWPRPR
>seqP1965 = P family seq 1965  0.169353 35 P
VPPFYLPYPPFPFPPNPPPVPFPPPWQRPFPCCPNMRFVMWNFQVPPTCPVKHMMMWNPPPPPPTEPCHYVPPPPVDPNPVP
>seqF833 = F family seq 833  0.172025 34 F
CVIDNREEFPFVLFFNFFFQWFFSFFPFHFFFFYRTEPFQKKVSKLLVDVYDFFFTFFFFMGFFAQNNFFFFIFFIPFPF
>seqA1530 = A family seq 1530  0.173723 35 A
RAYEVFALEANHAAAFTACATLNPAPAAAETQAWDALAATPMHAAAEARPLANMPACAAMYIALVVAAAAAPAIANAAA
>seqK1352 = K family seq 1352  0.175777 34 K
QYCKKKMKKKSYVKLKITGSKMKKTSRKKKKKVKWKKSKPCSKKKKWHVVKDHPKKKCDWFKKNGYKKSMMNKKH
>seqC1984 = C family seq 1984  0.176271 35 C
CECWCWIKCCILCMCKCGVECKCFCHICKCYLCCRRYLVCCCCCCFHCCCCCCFCCGQTCLCTCCCCLKKE
>seqV1053 = V family seq 1053  0.176750 34 V
VRCDVQVEVEVVTDEMTSVVQRVVLSMVLVWDHVVCMFRTVVVVVWVDTVVVDVVWYGVVVDVHPDTVPCVIVVVE
>seqQ1313 = Q family seq 1313  0.178573 35 Q
WQYQCAWMMYWDQQTELGQQLWQQQVQQSFCQQRTWQQQMTQHQWFQHPFQQDQVQVQAQNIFNPMQQFFQQQQLQQQQ
>seqC1652 = C family seq 1652  0.181071 35 C
SQCCCCCLDCCHCCCCCVHCCCNWYYKCSCWCCECCNPKKRCHRQYCCKCTWSSECCSYCDGQKDVCKLPCCCVMPGFCECPC
>seqC311 = C family seq 311  0.181291 59 C
QDCCCCCCCCCCCCCTECCCIHCCCCCCCSCCCCCCRCCCCCCCCCNCCCCCCCGCCCCCCICCCCCSCCSCK
>seqG1062 = G family seq 1062  0.184521 34 G
HGGLKWIIGGRGGEGGKSILGGGESGGEGGYYGSDVGTIGGTMPVGEYTIGIHKGHGGGFDGNNHRWGSGVGGGHPGDIDPTGGM
>seqN1401 = N family seq 1401  0.186345 34 N
GENDRPFEDNNNNPEQNNNNNVPVNFVLPNWNNDNNNNNNNNNVSNWNVTNLNNWNRIMNNNMFKHFQWNFN
>seqM932 = M family seq 932  0.186403 34 M
SMNIHNMMMFHMHKMMIMMDYVQKMMMRMMSMMMFMLMVHMMNMFFLIMVSWCKNMMMMRMMLTMDEMMWWAVDCPMRHGYPM
>seqC1852 = C family seq 1852  0.186858 34 C
WNNSWTCCCCAECICDCCCKNGVCCCICVCAKRVYVCCCELVCCKCCECICCVNCCCCCCYAGCIILCRCQCFLEKAL
>seqM1505 = M family seq 1505  0.187754 35 M
MMMMDQHHMTKVMMMRMMNMRMMMMMMMSSTMWMEEGCMEPMTMQCCTQPWMMVNMMTFMSPYDCPEMSMMMPMWEVVYMML
>seqD1872 = D family seq 1872  0.190590 38 D
PDKWQDDFSDDIDFDMDDDDDDGAKDSDSKDDDHDNDHDVFDDDDDNDDTNDNVDDDCDDVHSVGNDDVKKETPWCFDD
>seqM1187 = M family seq 1187  0.191045 34 M
MWNMDIHQMMPTKMHYQMCMMNISIMMMRMQSMMFMWIQMMMICMFPMQMMLWKNMMAKMYMPQCMDMMWMKPYCPMMMM
>seqL859 = L family seq 859  0.193328 35 L
TDVALGLFENLEYIWYNDLLLNHLLLSLHLKRATCFLLHLLLNNLLHLSHDTGLLLSLRLLLLLILVLLLTWATDIMLLHL
>seqQ1773 = Q family seq 1773  0.200957 34 Q
YHQQQPWHDGQQGQPKELQNQQGVQPMQKQEMQQKQKTDRYQQQWFKVQYQTPQDQQIQCQQQMQQQQTDKIQPQQRWLG
>seqP891 = P family seq 891  0.201711 35 P
PNYFYHYYYPPQGSWHPYTPPPVPQPPAASKSFPPYPFPSIRPPPPHMTPPDPFSPPPPDPPPPSDPIMPPDMTHPPP
>seqI268 = I family seq 268  0.218709 64 I
GIIIIIIIIIIIIIEIIIIAIIIIIIIIIIHIIIIIIIIIIIPIMIIIIIIIIGIIIIHIMIISIIIIIIIFIIDIEEMV
>seqP1324 = P family seq 1324  0.220934 34 P
DNCPRPNYEPIPGHVRSPPEPCPWQPPCSIPPPSQPPVPPPKPHQHHTRGLGPPIPVPPPQESPKPCVPLSQNPQKPWWPRKPHWPP
>seqN520 = N family seq 520  0.222242 37 N
FMSCSSNNKNNHRPINGANNNMNNANGNENANRNNCNNNTINNHKNHHVANNNNNGITNKNNNNECPNNNQNNSDGT
>seqT1159 = T family seq 1159  0.225187 35 T
SQGLMGTTTFTTMTTTTTWMTTCQMSQNHTTTPMTTLTHTTTDHVIKPTYTWWTTTWSTMTTVETNTTYCPQMQVRTLTTR
>seqM1327 = M family seq 1327  0.240582 34 M
MWNMDIHFMMPMMMQNMCFMNISMTMFRMMSEMFMLQMMMEMFPMQMMEWKMMMIMMKPKMTDPMMKIMPGANMVMM
>seqS2009 = S family seq 2009  0.241892 34 S
SCSHSSSDQSVCSRSSSSHSHRASEQICSILISVSSEVEFECSSSSCSILSLSSFSYWVSSEMDSLESKSHYPPVQSSDLSM
>seqL1779 = L family seq 1779  0.242676 35 L
LLLLQHLLIVTLLVPPHLGLLDYLLILCYILLLGCLGLSFLLLFASYGMLLLLPCLLVLHLSLFSFLILLHKKIL
>seqW1470 = W family seq 1470  0.245243 34 W
WWWDVTVWSWWADWWFWDWWYDWVLNKWCALWLQNANWCRWWWWYRSWMWGWCWWPQLWWWWDWVGTWVWDWMWWLT
>seqA1788 = A family seq 1788  0.249717 35 A
TAEDAAAAAPAAAFCRALYAAEAAGTAQLWSWDARPNGAAAAIYMAQAMAAEEMMAMAACEEAAIARAAAYIWAA
>seqN1610 = N family seq 1610  0.250907 34 N
NCRENLNHQEENNSNDNNCNNMSNGVLNNNCNSNMNYNNNNLGSCNLNNNYNHNNNENNAEIPNNN
>seqI1984 = I family seq 1984  0.259290 37 I
IWIIVIIIHYIWHTCIDFYIIWSKIREIIICIISCIIIIFIIYKIEIIWWIIIINIRIKENIVPINIIIASVEFFTIR
>seqI585 = I family seq 585  0.260312 35 I
VGIIMWIYIIIKEKIIWMAIQIRICIIRDHIVIVIIIIIIDQMACDILNIPGDMIISHAIIIIIIIIIFIDYEEVVS
>seqA802 = A family seq 802  0.260759 36 A
AWASAAWRDKAAFAEAAAAMIAGFATEASWFAFARVMEAAFAANDEATAAIAFVDAAEGAAAQNSDKAAAAIMAAWLGAK
>seqS1928 = S family seq 1928  0.267080 34 S
ISSWHSSSSSASISSRSQSECHIRLEESCSISLSVMPVENSRFFSQRHSLSSSFSSSWVNWSSSVLSSKVSASPPVAQSEQLSE
>seqC866 = C family seq 866  0.269196 35 C
ANECFTLNIIPMPTCCCCCCCPWWITEWCCWCCEMRHCMCICCCACFWGCCAFCVSCCCHCRFCCICSECCCCWCCCL
>seqR1477 = R family seq 1477  0.272752 34 R
RGRQERRRGNRRGINFRRRERWAGKNRERRGLRKRKMRRRGRRAKHKPREYGIRRRRRSRRQDEERTRRYVRGR
>seqP1200 = P family seq 1200  0.282018 34 P
PNCPQPNPYPSPKHPRSPPEPCPWQPPSPSPSQPVPKQHLHHTKHMPPICPPPPFEKWPPHPEWPLSPTNWQMPWPRKPPWPP
>seqE1973 = E family seq 1973  0.283797 35 E
LERACEEEEPFTANQFWCEEAEEIESEAKDEEEEEEQECIQEANAQEVISEENEEPLWQEEFEGCEEIEEEEQEPEINRNR
>seqT1336 = T family seq 1336  0.283886 34 T
TQTTQWMTTFNTMTTTDTGGTVTMGTYHYTKSTNTTCTETNTTYTAVGKPNTWNTTNMSTTTTTNVNYCPVTGVRGTTTR
>seqN989 = N family seq 989  0.290649 34 N
QKYPTPANNNSNGNNNEAECNENNAGNHNVNKNPNNLNQNGNPNKVHYVNGHNINNGNWQNNNEGNCVNDENNVSCFNNMA
>seqT1629 = T family seq 1629  0.298305 34 T
FTQIATDTSQSTTPYATTETWITAMTTTETRTYTTECWTTWTSMTTTTTTTQSTTPTHTQTTNVTQATRGQPQA
>seqL667 = L family seq 667  0.299981 34 L
TDAEFELFLLLSAWYLDIDLHLLVLLQCLLLHHLLNQLHNLHLLLLFMSLNYLLLLILLLTLLTCLLDLMHE
>seqQ1654 = Q family seq 1654  0.310054 35 Q
PQQQQPMVSGGYQGQFQQELQNQQQQHQPYKEMQCRQQQTDQGQQRWMQPYQYQDQTPQIPQQMQQEFKQDQQQPQSIYV
>seqL352 = L family seq 352  0.323997 55 L
FDNQCELLLLLCLLLQYLPLLLLLLLLLLLWLLLLLHLLLYLHLLLLLLLLSLLRLLLLLLLLLTLLTLLLLLHEY
>seqE1188 = E family seq 1188  0.327229 34 E
GEEEEEEKEELEDECEEMENEFVFEEWLCEMECKHVEFWEERYATALEREEPEEVMMLEENPEEEEKEEPIGMMH
>seqY1422 = Y family seq 1422  0.342791 34 Y
NYQTYHVTFYYRYNEYYHYPYQYRYKYYWENHEYTARGYMYYYYGIPYNSPYYYYERGIYQVYGHYEYTNYYYYGYY
>seqT1720 = T family seq 1720  0.343651 34 T
FTGTTIGTTMNNQSTTLYNAWTEETQITAMWTTTWKTYTTKIKCETTIPERTTTWTWPTGQSTTSTTQEWMVTNETATTTTQTQA
>seqE1745 = E family seq 1745  0.347978 35 E
YEEECVEEETENEETEEEEENRFGTFEEETASEKEETETIDMEHFEEETETMQTREDEEEAVEFSMLEEEER
>seqH1803 = H family seq 1803  0.349166 34 H
KHIFSHHCHQHDKHKHWKCHVHHDNKCHVVNHHHCRMPQHHVHMEHHIHHHEQHLKHIHERRHHHCHKKMHHVQHHKERRHNI
>seqF1586 = F family seq 1586  0.356494 34 F
YTFFNFQDFDMQFFPGFLFFYTDQFFKQTFFEAFDFTGDTHFFRHEVFEFHLCFYFFYFFFHMFFFDGYFFFDFAFFHDDIH
>seqK1549 = K family seq 1549  0.356595 36 K
YYCKAKKKKKAQKKSKKKIMKCRKKSCKKKKKMTSKEKKKKQWKVKFQKFKKASKKAFKKNSSAMKKKHF
>seqG920 = G family seq 920  0.358617 34 G
KGGLKWGGGRGEGGKGANGGGPGLGGEGGSYGSDVGVHLTMGEVDGTFGKRLKQGGWFYGNTRWNGGVGGGGGSCQGDGM
>seqW1844 = W family seq 1844  0.361530 34 W
WLQGKQWWLVDDWWANWDLDYWNWYIWWWWWWLVYWCIVLKWKWWWQYLWLGWMCMNNWIWLADWWLQWWGWMWWAVWGGWWVPVW
>seqY1633 = Y family seq 1633  0.361713 34 Y
YQTYYYAGSVMYFNMYYYSYWYYPYMYNHYFYYMYWRYHYYMYCYYYYYDYYDVYYCYTSMYQYYM
>seqF1805 = F family seq 1805  0.368201 34 F
FRCNCFIFVFFDFKQNGHFFYMKFADMIEFFFEFFLTWFEACEFFRFDGFALEVCFELFFEFYFIYHCCFFFYFFYNFAFFFRVHFK
>seqY1759 = Y family seq 1759  0.371438 34 Y
TDYIVYYYGNYIFVYFYYYHYYYDYFYRYLYYQAYNIPSDYTYLCDRFYRDSYDYLRCYIYYYSDDYDDMYYALYYKYLQRADYV
>seqY1071 = Y family seq 1071  0.377755 34 Y
YAYWYRYTQAYYRYGYYTHNYSAKYQQDYYYWGTEYYEFTAYHWDTGYYYWNAYSYYYEYWCHYVYECCKYTMFKSYWYAYYYMYPQ
>seqN1671 = N family seq 1671  0.381641 35 N
NNEKPNNKNHRQERRNNSNNVCNNANNVLNNANNCWSNNVVNNNRNNANYNLMSCNLCNNYNHNRNEINNATNPPPVWV
>seqW931 = W family seq 931  0.382134 34 W
RWWWMWTWWCWSIFWFWRPRWWLNFWYNFWNCWSWWALWWWYKWWWCHCMWQIPPIWLWLEINCILFAWWWVLAMFWWWMWLWWC
>seqG846 = G family seq 846  0.382465 35 G
KKGTKPIGGGGGELKGANGGPGLGLEGVSGGCGHNGGGTMGGGGGTWGKWNKQGGEWQYDNGRDNGGVGKGGGGNNCQLGH
>seqI1911 = I family seq 1911  0.385780 36 I
WKIWIIIYIWQIIIIMYYILILSDTIDIIVYCIISSCIIIPIKIIIEIMWCIIIINICRIKEHFFPINIIIASVIEFTWIC
>seqE1904 = E family seq 1904  0.389108 34 E
YERAYEFFKFTNENEEQFGAEKIESEEGDMEEEEVEEEQQQETNEQEVSEENEGEPLWEQCTFEGNEEAESEEQEPEEERNR
>seqK1098 = K family seq 1098  0.404782 35 K
NKKEKRKCALFKFKKKKTKFKPKCKKKMSKYCSQKMKKKKKDSIAWMKSCKHMKPKKKKKEKKSKKMMQHK
>seqL1959 = L family seq 1959  0.407956 34 L
LPNMPLLNLHINVLNESLMCLLMMLDLLLGLIESLLLRLLLMLNLTGLGLLYLVLQGFSPLPLARTTLDPSLSLLIEAMLHWLA
>seqW1931 = W family seq 1931  0.414810 34 W
VLWGQSTWWGWDWKWWVLHQWWWSYWWWQVLVSYWWCICKIKWWWWNLWLGWMNWTIWWTQWVLCWWFYWWLWTVWVWWNWVC
>seqG1759 = G family seq 1759  0.430347 34 G
CFGVGKISGGIALIRGGKGICVGGGHVKGLGILAGETFQGGLGEGGMGGNGKSIPEGGGGGGLGGYGMGGFVCGFFG
>seqF1363 = F family seq 1363  0.435433 36 F
FEIYFEFPFPFNNFSFTFETCFQFGPMMFQNFEFGPVFFFFCFFFVFFFNFFTIGFHFFVFLFFHMPMFFFDAAGFWMCPFG
>seqH1995 = H family seq 1995  0.435652 34 H
TIHFLHHHLQHHVDLMQECHSHHHHAHLEHHHHHPHVLGHNHDTAHHHHHCSHQYLHFTDKPRRYHSMEHEFHHHAKLHPAVRTGTHI
>seqW1331 = W family seq 1331  0.437363 36 W
VLNGSTKWWWRWWWFWFWNYLFLWWFVWWWQNWWCCFWQWWWWWWMWGLCPIWDQGWWWWQEWVGTWWEWTWWMWWR
>seqV1622 = V family seq 1622  0.439050 35 V
VPVQVEVVVEVCCVVTVKLLCVENVQVFVNFVAHYVVLVVHVVVVVGVVGVVQLVVVVWHRNVGVKHLVI
>seqK1761 = K family seq 1761  0.449755 37 K
DKDKKFSKKVDKFKKKKIKPHKWKHVHKKPNKKKIFKFFMDSKKKKWPQMKKNVAKKWKESMKISFGKKDKSKAKKHKK
>seqQ1550 = Q family seq 1550  0.462311 34 Q
WPFQQQMVMPWGQFCQELGNQKQMQQWAQQDEIQDCQRRHCTDQQQQQQWQPNQQIQDQDLQIDQQQQNQFHDQMQQMQGV
>seqR1790 = R family seq 1790  0.470126 35 R
RWERCWRRRIRRTRQRRKNLKRRRKFRMRKVPFRWRERRAKLGSHARREKRIKRRVRRMYHNDRRRRVNRHRVTIRVQSRMRHPV
>seqL1905 = L family seq 1905  0.474311 34 L
LLLPLLWHINVWNEVPCLMPLDLCLGLNELELLLLGMLNLLLGLLLYLVLSYGMPLPLLLWLPLSLSFIELSHWLL
>seqG1889 = G family seq 1889  0.490015 34 G
RFGWAKIIGNGGAKITVIDVGGGKCMVGGGGGCAGVGEGGQLGEVPCGGAGEGDGGGGGAIGPYGGGGVLGFGFG
>seqS1471 = S family seq 1471  0.494520 35 S
DSSYSSSNAPYPLVCVCSSDSSFYSSEPSSVSSTDSASYSSCSRSSQSSDYGCDSWVSQSLHTIDTKSSEYVLMSSTSQSSMSKLK
>seqS1857 = S family seq 1857  0.498332 34 S
ISSWSSSVISSISSRSQFECWIERLWESCSISLSSMPVSISFLNSYEQHSSSERKKWSSWSVWVNSSLSSKSAQSPVAQSSSQISE
>seqK2009 = K family seq 2009  0.510817 34 K
KKKPWNYMKRAKKFKKWLFKHWKKKKAKKKLKKKKCKTFKKKDNKYWGNMDVKTKDMVKQKMRVKFKTKTKKVT
>seqS1220 = S family seq 1220  0.512918 34 S
DVDSWWSINRSCISSQDCRSGASFYSSEPMSMMMSSTDFSSWSQSSMCAGSRPSDEQYQSSSSSSISATKSSSHIASFTLQYSSMSSI
>seqT1882 = T family seq 1882  0.518261 34 T
TTGCTTFTNTQTTTETYTTTCCEQITACSQTTTPTTPMTTTEGTITDRTTPTWIFGCNTTEDEITEPYICTTHCQTQSTQCK
>seqY1991 = Y family seq 1991  0.536700 35 Y
DCHVIFFYYQYKYVVCYYKIYICAWLPYGYHYYWNAYYISYNGKGKDCYFYYTMQYYYMYYHYVYYYNDYCQKYYYYNNYYYWQYMRV
>seqS1676 = S family seq 1676  0.555979 35 S
DNSSSSWNASGESVCSCHSSSAYLSSVSSSSSSSSPSYNFTNRSTQQSSSSISDKEVQSPIQNSAKHSSAMSPVASRSSIK
>seqR659 = R family seq 659  0.561433 38 R
NHRSQRRRQRRTFRCGRRHDTTRRRVKRPWSDKIRNRRSARQRRNRRRRRRRTWRRRCRKQRRRRIKDRRIRFRTCTMK
>seqR1653 = R family seq 1653  0.563618 34 R
RERRRERGWSNFRRMRRNRRRRRERRKLRSRARRKRGRRAKSRNWMYGRWFRRCVQVRQDRRTILVSVRRRR
>seqV1873 = V family seq 1873  0.580682 35 V
YVLYVVSVVVVVVVVVTVAVFQCMVVVLQSVRVKVYVNVVVVFVNAVRQWSKVNHVCNVMWVAYNVVMVFSVMA
>seqT1996 = T family seq 1996  0.587960 34 T
TTGTCTEFTTITTTTQYTLGWTPTTTLESYTCGQTKTPISTEGETTDRTGTTMLFGTCTTATTGICWTTMTCYTLTPQSIK
>seqT714 = T family seq 714  0.588183 34 T
STHGWQTTTKHTTTCYFGKTTDPWTNTKTPTCTHTTPTHTGIKTKYARTGTASTTTLTMTTTETTYYKTTNQVRTST
>seqL1027 = L family seq 1027  0.588756 34 L
LPLLLLMMLELSYWYLMELVLDLLESLSLHLRMTCFYKMLLVNLLILGDTSLSLPLLTLSLLPILGTLLDLWNILLL
>seqC1516 = C family seq 1516  0.595602 34 C
CCCRLACQCYCQCCCCCVDCHCNYQTPSCRCVTDCCRCCCHYQYACCCCCECQESILCAPEKINCTVAEQCCSMCRCECC
>seqM1991 = M family seq 1991  0.603770 34 M
KRFMMTMAMDMSMIMATGMMDAAMFYMMMQMKADMMMKMMMIMAMDMMTANQTHFMMGSHKMDATWMMMPMMMNQMRDV
>seqV1516 = V family seq 1516  0.603963 34 V
VPVQDVWVNEVCCVNVVVKVVYVVFENVVVCFVFNIQCHVRVVQYVVHVVVVVGVWVYQDFHTVWGTVNFCVKNKVVI
>seqN1836 = N family seq 1836  0.604112 35 N
ENWNNLNNENPINIPNFNNNWPWNNDFFNWKNNNLITGNVNSNMINNNYKLLSSQDFCNIYNVNENNNISWNGNNDVNNNV
>seqP1406 = P family seq 1406  0.615571 35 P
DNPPRKPWYPPINGPVASPPYPPPWWMWCSPPPWMQPLAPPPNPNPHPTRNNPIIHLPEQPQPKPPVPPSQPPPWWWPRKPHWPG
>seqR1568 = R family seq 1568  0.628559 34 R
EARRRERRHRGWRNFRRRQRRWNRRKRHRRRRKLRKRAHKRRGRRAKYHKWMYGIRLRRPARQDRTRHYVRARR
>seqF1997 = F family seq 1997  0.633634 35 F
FECGFFKIFEDKFDLPFFYPDAYGFGFHFFFFAHCEFYFFYGFALFFFFFCADGFFQGCFFFFYYWFVFFFKKKFFF
>seqC1143 = C family seq 1143  0.640213 34 C
CNCDIQQCICCMCQCYCFHRCWHPQCTPQGCCCPCWMCCCCCCCFCYIRACFCCCCIHCCCCTIELGVCCCL
>seqY1519 = Y family seq 1519  0.643520 34 Y
NYQTYMVCTSYYHNQDYYSQYWYTYYMNHYMTYRGYWYRYYIYDMYQYPYYYEYGQDYYDVYQMYYTYYMYQYYMY
>seqC1737 = C family seq 1737  0.723585 34 C
CSCCCCLCIVCICCSCCCCWNIYYVCSCCEVCPKRHYVCCCCELCCKSCECYSVCCQCCCCALPCALCRPGLECPL
>seqY1250 = Y family seq 1250  0.746915 34 Y
YAYKNYHEVAYHFPYRYNYYKAYPYQYYYKYTENHETAQHWEFGYYYYNRPSYMYAQWYRYEVCKYGMYYYYNYYYYYYAY
>seqP1618 = P family seq 1618  0.760619 35 P
PPPFPPPWPPWNWPPAPPVDVWPPPPHYWVPAPNYPNTHPQNPPVPIHIKPMGQIPPPSPCRQPNPPNPPCPHIDPVWGL
>seqG1541 = G family seq 1541  0.817073 34 G
CGGLYGGRGGHLVRGGLCGTPNGKGLGGNGGRGGPGPKRWGWCGGGTEGGMEGGGIYGLKGFMGHGGEKGPMG
>seqK1851 = K family seq 1851  0.829044 34 K
KVDNKFLVKEVDKFKFHKKIKKADWKHKKWNRKPCFNGVMDAKKKKNNKWPYQMKKNKKACKKKDEVKSITVVKKDNKVAKKKHKK
>seqE922 = E family seq 922  0.830671 34 E
EGFEEEDGEEEEEEVCLEEEMENEADYFDNWNWQCEDIEDSEEERYYEETRREEKEEEEMALRECKEEEPEMPWEFHR
>seqG1166 = G family seq 1166  0.848146 34 G
LGGGWGAGGGGRGGEGIGKIRWGKESGGGGGYGGGGTIGRMPGWEYMGKDDVGGEGGNAHRWGSGVGGHPVDIEPGM
>seqQ2009 = Q family seq 2009  0.861217 34 Q
PYGRPQFWNGWQAWKELQNGKQQPQAFHNDFYQKQQHCYQQWQHQNQDQMHIVQQQPQQNQQNQQQWQQGQQRQQHQHQQGP
>seqL1663 = L family seq 1663  0.864445 34 L
CMVQVLIVTLLVHLGLLDYSLLILHYLLLMLTLQLSCSLLLFLGYMLLPCLLLLLHSLLLMMLHACLLLL
>seqG650 = G family seq 650  0.868096 34 G
KGGMPIGGGGKPANGTPGPGLEQGVSGGCGVGGGMNGGGNGLMTWGWKQGEWGGLLGGGGGLGKGRGGQNCCQLHG
>seqC1276 = C family seq 1276  0.906000 35 C
NVCICQCICCCDCFCCDVHFCCWPQRTDQSGCCCCDCQFVCCCCCCFNYIVLACCCCCCCHCCCCLEVETRCC
>seqS658 = S family seq 658  0.910164 34 S
WHCTSISSCRSASSFQDWSRSHPLSSSWTSSSQSSSSSCSCPSESSFFPSNSSSPSSTPSIKSWSSSWAEDW
>seqP1715 = P family seq 1715  0.925565 34 P
PPPSGPPPPWYPQLEPPPPPWWCPPPQHYWAPVYPNTEPQPPPVPKPIMPGGKPPSSPRQPPPPPVHDAPCD
>seqH1235 = H family seq 1235  0.943386 34 H
HHECTAGFHGHPAKHHTSTHHHNHHDQGHPGGHAHHTTRHYFDRHSVFHVHAHQHHHHIFFFLGHHHTHHWLHHAPHHHWSE
>seqM646 = M family seq 646  0.974600 34 M
SMCMMFMMMMAMMNLSVTWMMYRMNMGHMMGMMNMMMLGCSWMMWMMIGMCTCLIMMMMWAMDMMMRMV
>seqD1214 = D family seq 1214  0.976998 34 D
DMDDDTRLYRDEDRQEQYLDADWDDDLDDDDDGDETADEGDDLADDQDDKNAEDWDEHMDPLMPFQKGDEDDDHDIKCMVHDCVD
>seqN1536 = N family seq 1536  0.987275 34 N
RNENNNQENSNDNNNRGNNMVNGVLPNNNNIGDGNNVNYNVNNSGNTNNLNNYWNNNNNMAPLIPQNRN
>seqI909 = I family seq 909  0.995352 34 I
IVAWHGIAINYIIMIDNEVIIDMIQIRICIIIHGIWIIIPIIIIITIAADAQPIIPGDKIHADGIIIIIIIWGELFHPLCP
