>seqY295 = Y family seq 295  0.000114 41 Y
APLCYMDYYYDYYTYYYPYYSYLYMIFYYWYYYYYYYYYGITYYYYYYYYYYSYHVWYCYYYIYLPYALWGW
>seqD409 = D family seq 409  0.002070 34 D
DDLDSDDADDCDDLDMANDDIDPWDWDEDVDRRNDCSDSYDDRIHDKDYQASADRIWHIMDIDMDIRDDDDDRDD
>seqC598 = C family seq 598  0.002471 34 C
CKYACCCGCCCICNCCCCCCNRCCCCCCPVTHFCFCCVNKDAHCNCMNCKYNCHCCACNCCACC
>seqI424 = I family seq 424  0.002790 34 I
NIWGVCIKMITYGIIIIIIFPVIIKIIVIIIITPISIEIPIKVIIQTMIISINQVVILIMIPRISIIGIIVYE
>seqP74 = P family seq 74  0.005087 69 P
PPPPPPWPPPPPPPPPPPPPPPPPPPPPPPPPPPPPPPPPPPPPPPPPPPPPPPPPPPPPPPPPPPPPPP
>seqN47 = N family seq 47  0.005802 72 N
YNNNNNNNNNNNNNNNNNNNNNNNINNNNNNNNNNNNNNNNNNNNNNNNNNNNNNNNNNNNNNNNNNNNNNNNN
>seqI519 = I family seq 519  0.005806 34 I
INIQIVIIIVIEMTYIIIIPFPMVFKIIEKVIIIQTVIVEENTIIKPNIIILIIINCVVDILIRMICIIISIIGIRDVE
>seqH63 = H family seq 63  0.006001 69 H
HHHHHHMHHHHHHHHHHHHHHHHHHHHHHHHHHHHHHHHHHHHRHHHHHHHHHHHHHHHHHHHHHHHHHHHM
>seqQ402 = Q family seq 402  0.006989 34 Q
GMHVQQQQVTSQELHHVFMQQQQDQFQRYQQQMQQNQWRQQQQKMWDSQLQQADFQHQQQQQQQQEQDRRTGPG
>seqN484 = N family seq 484  0.007393 35 N
NHNNHRNNNCNDNNPFNNPNNNIETNANQQWHQCNEINIVNNNSQNINGFCENEMNNNRNVFNNNSNMFISYNILSNNM
>seqI279 = I family seq 279  0.007653 40 I
NCVVIRMMIIEIIINIRILISGAVWIIIIVMIIEPIIIIIIWIIIIIMIIIINQIICILIMINIIRIIIGFR
>seqN218 = N family seq 218  0.008552 53 N
YNENNQNNNNNNNNNNNNENNNNIRLNMENNNNPNNNNNQNNNNNNNYNCNNVENNNDNNNNSNVNNNQNQNN
>seqT178 = T family seq 178  0.009715 66 T
PAICTTTTTLTTTTTTTTTTTITTTYTTWTTTVTTTTRTTTTTTTTTTTTTTTTTTTTTTTTTTTTTTNTTTTTYTTTV
>seqM120 = M family seq 120  0.010638 71 M
MKMMMMMMMMMMMMMMMMMVMMMMWMMMMMMMMMMMMMLMMMMMMMMMMMMMMMMMMMMMMMMMMMMMMMMMMMM
>seqC58 = C family seq 58  0.011272 70 C
CCCCCCCCCCCCCCCCCCCCCCCCCCCCRCCCCCCCCCCCCCCDCCCCTCCCCCCCCCCCCCCCCCCCCCCCC
>seqK41 = K family seq 41  0.013765 77 K
FKKKKKKKKKKKKKKKKKKKKKKKKKKKKKKKKKKKKKKKKKKKKKKKKKKKKKKKKKKKKKKKKKKKKKKKKKKKKK
>seqQ1 = Q family seq 1  0.014346 75 Q
QQQQQQQQQQQQQQQQQQQQQQQQQQQQQQQQQQQQQQQQQQQQQQQQQQQQQQQQQQQQQQQQQQQQQQQQQQQ
>seqM261 = M family seq 261  0.015076 50 M
MKPMMRPMMMMMMSCMMMEMMVMMMWWMMTSMMMMMMMMMTWQMMMCMWSPMMIMMMMMMMVMMMRMMMMMARMHQPDD
>seqA207 = A family seq 207  0.015456 49 A
RNKYANKAAHAAAAAIAYAAAAAHAAKAAVATAAAAVAAAVAYAAAIAAAAYADNAAAAAAEAAATAAAAAY
>seqY598 = Y family seq 598  0.017382 34 Y
YMERLELYYYYYYYLQAYYYYKSYYYGEQIYDYYLETAYYEYDTHHIYEETYQHHYGQGYYTYEAYYGEMRYEYYYYN
>seqR484 = R family seq 484  0.017813 34 R
QVRSKDRRRRRNNRRMFNECRRIERRARKDRRAPGARRIRPTRRDHRRKRRRQRFARRMVMYNRQRRKLVGRRPRQK
>seqY396 = Y family seq 396  0.018581 34 Y
ARYRRYFKYDYTYYYYYYYSYNVSFYYYYTYYYYGIYEYYYYHYYYYYMWYYYIYLPFQEWEWN
>seqS258 = S family seq 258  0.018635 45 S
FRNVSELSTGSSSRSKSWSSLSRSSSSSSRSSSKWMSLKSSSSSISYQSSSSLSSSSNSSSSGSSTESRASSSSYVN
>seqG544 = G family seq 544  0.018777 35 G
GPGGGGGGQTHTGALGGGWAWSSHLPGGPGSHGGGGGHGKNGRGPSLRGGGHGPGHGGGGGFGYGFG
>seqE596 = E family seq 596  0.018960 36 E
DKEEEHHYDCWENGEGTEVEEAEEESEENNEREEEWEPQKDEECEETEWEHEVAETTKVYEENEEIEIEIQEELEEAKYW
>seqE265 = E family seq 265  0.018974 44 E
KCGHLEEDEEEEFEGECEENVDMEEEWEEEQEEEEEKIPEEFEEEQLTVEEEEEEEECEWETLVENEWEEEFEYEELQFK
>seqA28 = A family seq 28  0.019433 74 A
RAAAAAAAAAAAAAAAAAAAAAAAAAAAAAAAAAAAAAAAAAAAAAAAAAAAAAAAAAAAAAAAAAAAAAAAAAA
>seqE496 = E family seq 496  0.021080 34 E
FEEEHHEEEEEPEEEGTIVIIHAQESTFEEVEYEEEEEPEKIECCTKEVEHIVPEQTEVDEENDQIEEIELEEAKE
>seqY213 = Y family seq 213  0.021769 54 Y
APNCYALYYYYYYYYTYYYYPYYPYYLYYYFYYYWYYYYYYYYYVYTYYYYYYYYYYYYYYVWYYYYYIYLPYALWKW
>seqG104 = G family seq 104  0.022877 67 G
YGGGGGGGGGGGGGGGGGGGGGGGGGGGGGGGGGGGGGGGSGGGGGMGGGGGGWGGGGPGGGGGGGGGGGGGYL
>seqN364 = N family seq 364  0.023553 34 N
NANNNNLNNRFNNNNNNNENCNQRNQLNKNPENNGSQNWQCELWMNNVENNNNSMNNNQNQNPNSPRCM
>seqV324 = V family seq 324  0.026238 34 V
VGVWWNVLVHVVVVVHTVVDVTTVFLVLAVDVVVNVVTTHVHTVVYVLWCDVWVFQNVVVFRVWVVVIRNGV
>seqF272 = F family seq 272  0.026557 51 F
KKWFFFFFYFFFFFKYFFFFFFFMFKFGFFFIFLRFNFTFFDFFDWAFKYFFFFFFFFFFVFFFDFFFFFFFFKW
>seqK190 = K family seq 190  0.027803 54 K
IFKKKKILKKKKKKKKSNDKKKKRKKKEKKSKKKKKKKKKKKKGKKKHKKKKKKDKKKKKKKVEKKKKYKE
>seqV466 = V family seq 466  0.029478 36 V
GVVRVWVNVLCVENVEHSNVVVTVVVLGAVRVVRQFVHPDVTVVVVVVWPKDVVFVNVVVVVSVESRNGAVVV
>seqL587 = L family seq 587  0.030079 34 L
LQIIALDLLLLHELLTRCLMCWQVLLLELLCERLHQLTAQWLLKLLYLLLLQHLLLGFLLLYPLQLYHLLTW
>seqL442 = L family seq 442  0.030627 35 L
ETLLEFWLLLGAELLLELCLLVMCGYLVDCLLYLERLSALLLQGLLLSGLLLLHLLLCLYLLYGKYLLLKP
>seqK248 = K family seq 248  0.031938 38 K
IHPKKKRIYKKKPIKKKKSNDKQKKKETYSKKKIKKKKKKKKKHKKSKKDKKKKIKVKKIYKWEE
>seqV24 = V family seq 24  0.032825 75 V
VVVVVVVVVVVVVVVVVVVVVVVVVVVVVVVVVVVVVVVVVVVVVVVVVVVVVVVVVVVVVVVVVVVVVVVVVVV
>seqS169 = S family seq 169  0.038930 64 S
FNSESSSSSSSSSSSSSSSLSSSSSSSSSSSSSWASSKSSSSSSSSSSQSSSSLSSSSNSSSSSSSTESSSSSSSSVN
>seqS348 = S family seq 348  0.042170 34 S
FRSNSVVSELSIGSSSSKSSSSLFRSHWQSRGSKFILKGLKSSSLSSYQYSSSLYSIGNSGSSLGSSSSIASSSYAFVN
>seqM340 = M family seq 340  0.045554 34 M
WIDPGMRMMIMHMMMCMMMEMMVMMIWWAMTSGMMMMMMIWQPVDMNMWSPAIMNFMMSMVMMMMMNMVARMHYHQPND
>seqH563 = H family seq 563  0.048426 34 H
PRVDWHHPLHHRHHHWHQHRCHHHFHGVHTHHHHHDIPHTHCHCCHHHRHYFFAHIYHHPGMHHNAFLHTKTHHT
>seqE379 = E family seq 379  0.050080 34 E
KIEHEEDFEPEEYEGTEEEIHAQESWQEEVEEEEEKIPEEFEEIATVQDEEEHIEPEYTEESEKNTEEYELQEANKI
>seqH592 = H family seq 592  0.054113 34 H
HPRHDWHHCPLHHRHHHHQHHCHHCHGVTHHHHHDIEPHTHCHNECDHHHNYDFAHIYHHPGYMHHHNAFHYLTHDT
>seqA526 = A family seq 526  0.054551 35 A
FARYHAKYAALANALAAAGAALAAAAAARAAFMAAEYAKEVAMADRAVAYACKLHQAAYSEAQLSAAGRSSYNLTARIGAA
>seqP472 = P family seq 472  0.054910 35 P
NLNPMFLKNPPPQPPQPPFPQFNLNWLGPSQPWGLLPYNQHTPPVHPFLPPLPQPPPTEPPPPPWPPPKPSKPPPPP
>seqR370 = R family seq 370  0.056344 35 R
IYFTDMPLRRPSTRMRARRRRDYIERKRVLRKDRRTTPGRRRIRVTIDRKRRRMQRRRRMVNRRYERRRMRRKVGLRPRQR
>seqL365 = L family seq 365  0.058535 36 L
MTLLEFWLLAELLFEELCLLVNWLMCGYLLLLQLNMLEALSLLIQDLPLLLSKLLLMHLHLCLLQLHYGLLYLLMQLQ
>seqS304 = S family seq 304  0.060512 39 S
FRNVSELSIGSSSRSKSWSSLSRSSSWQSRDSSKSMILKSSSSLSSYQYSSSLSSINNSSSSAGSSKSYASSSSYAVN
>seqQ185 = Q family seq 185  0.061187 56 Q
RQQSGQQVQQQQQVQHSQMQQQQAQCYQQQQQQQQQMQQQQRQQRQQQQQQQQDSQVEQQQQQQQQSQQQQQEQQQPT
>seqY567 = Y family seq 567  0.061504 34 Y
YMERLEKYYYFHDYLRYYYYSSYYYGAIYDYYYYYTQYYEYDTVYIYEMTYYHHYGIGQYTYEGYYGEMRYEYYYLN
>seqG274 = G family seq 274  0.061652 42 G
YNGPGGGWGGGGAGGGHGEGWGNSLAQMGGGGGSPGGGGGGSKGGCGMGAGGGGWGGRGLGGGPGKGIPFGPF
>seqF390 = F family seq 390  0.062097 34 F
QFPKWFFFFFFVFDFKYFYFFFFFMFLTFQLAFIQLRSNFGFMLDFFDWAWFYFTFRSFFFLFFVFKYYTIMQFFLFPQRW
>seqC246 = C family seq 246  0.063783 50 C
CCCACCHRPCCCCLCCRCCWCCCCCRCCCMCCCCCCVCDCCCSCCCCCCCCWCCCCACCCACLCCCER
>seqE427 = E family seq 427  0.063793 36 E
SIEEHHESEPEEEEEGTIEIIHAQESWEEEVEEEEENIPEEFEEIATVQDEEEHIEPEYTEESENDCEEELEEANK
>seqM393 = M family seq 393  0.064986 34 M
YTWQDGGMRMIMMMMFMMMEMMMMIWWAMTSFMMMMMMIAWPVMMNMWSLAWIMRFMMMMMMMMMNMVARHYHQTPN
>seqI169 = I family seq 169  0.066892 64 I
CTIIIIIIIIIIIIIILIIIIIIIIIEIIIIIPIIIIIIIIWIIIIIIIIIIIIIIIIILIIIMIIIIIIIIGAF
>seqC359 = C family seq 359  0.067600 36 C
PGCCCACCARKCNLCACCRCFMRCCHCCACCCNMSCDCCCCCPCDCNCSCCCSCWWCNCNCAANNCLQCCTYLR
>seqK403 = K family seq 403  0.069028 34 K
MCKKRKGKRIKKVITKPKMKKKTKEKKFKKDTYSSIKIKMKKKGHMCKKHHKKPSKIDKKTKIKVNKKCKKDEAECM
>seqM594 = M family seq 594  0.071724 34 M
QMLMMCQHLDYMMMMWHMMKPRMEPELMWPMISFMMMMKMRMMMNMLLAKVHVMMMMMAWCHMMMMQMMMMPGSN
>seqA571 = A family seq 571  0.074108 36 A
FARYYAYKAYAALNNAAAAAGACLAAAAARAAFQAAEYAAIICKVAIDRAVAYACKLAQAAYSEAQNSALGRSLANLCAAAGA
>seqG420 = G family seq 420  0.074110 34 G
FYGGGGGGGGQHHTGAGGHGGEWSQHQGNPGGRSPGGGGGTKGGTNNGGGWGLRGGGQHGPEHKGGPFQFQG
>seqE145 = E family seq 145  0.075331 64 E
KIEEEEEEFEGEEEEEEWEEEEEEEEEEWEEEEEKEEEEEEEEEEEVEEEEEEEEKEEEEEEEEWEEEEFEEEEEQK
>seqD236 = D family seq 236  0.083281 47 D
NIMEWDDDDDDCRIDDIDDDIDTWDWDDDSDDDDNDCPDDDDTWDTDDDCDDDDWDDDDWDIMDDDDDDIDDDKY
>seqS595 = S family seq 595  0.089147 34 S
SSSRFSYSSSENSFGSNNAFSNSTYMIVSSITSKSMSGSFSSSSSSTVSIYAKDSGSSLISSLSSTHSISNSN
>seqI476 = I family seq 476  0.090358 34 I
INIPMIVIIEMTYIIIIIPFPMVTIKIIKVIIIQTPISEEITIIKPNIIIMIISNQVVDILIMIPIISIIGIIVDYE
>seqF327 = F family seq 327  0.094018 35 F
QKKWFFFFFYFFRDFKYFFFFFFMFLKFLAFIDLRFNFGPGLDFFDWAWKYFTFFSFFFLFFVFKYYFIMFFFNFQKW
>seqF540 = F family seq 540  0.095715 34 F
DFFFFWVFIFLFFDVFFFSFFNFFRFMQFPFFFRLFFFFCDFTWFIWYFQPFFNFLFEFKEETMQPFLLFPQRWQ
>seqI594 = I family seq 594  0.095723 34 I
WIIIWKGIKIVICEMYIIIIIIFRIVILIEVIIMIIVNIEENTNIKPLIIIFILNAVVDILGIRFICIIIIIKIRDVE
>seqY506 = Y family seq 506  0.096083 34 Y
YMYYGRYYYFKYDYRYYYGSYYYYIYDKYYYYTQYYYDVYIENYYHHHIYYYYCGGYYGYLMREHYELN
>seqW540 = W family seq 540  0.099026 35 W
WWKWWWPQWWWWNWWFFWWSTQFLWWWLWPNNACPWWFRWKVMFWWWWPPQCWWFVWWNWDFENCWWGEWWGWFIWPM
>seqL198 = L family seq 198  0.106961 60 L
MTMTWLLLLLLLLLLLLLLLLLLLLCLGLLLLLLLLLLLELLLLLIWLLLPLLVLLKLLLDLLLLCMLKLLLLLYLLLKW
>seqV372 = V family seq 372  0.107828 34 V
GMVKVWWNVLVCVVVVSTVVVTTVVVLWAVDVVNVTVHVHTVVGYVLWCKDVVVFQNVVVFRVVVVSRNGAVW
>seqL250 = L family seq 250  0.110599 42 L
MTMTWLLLLLLLLLLLCLLVLWMCLGLLLLLLLLLMLELLLLIWQALPLVSSKLLLMHLHLCMLKLHHLLYLLMDW
>seqW163 = W family seq 163  0.115366 64 W
WWWWWNWWWEWWAWWIWWWVWWWWWWWHWWWWAWWWWWWWWWWWLWWWWWWWSWWWWWWWWWWWPWAWWWWWWWWH
>seqR597 = R family seq 597  0.117120 35 R
VCRRFDFSRRMCYRRRRNTFVQVIRRHRARKDRMFAWGARYRWRRRRRRRAKVRRQRFATRHRVEFTRRRFRRTVRRTFPRQK
>seqT461 = T family seq 461  0.117601 34 T
TMTCTFLTTRTTLDATGTHTTPTLWTTDTYTRTCHTRNKYTTLTSTTTTKTPTTELTTNMKMRTYTYTCTVMMFIG
>seqF573 = F family seq 573  0.117670 34 F
DFFFFFVIFLFFTVFFNSFFNFFRMTQFPFFFLFFFFHCFFIWFIWYFQAFMFLFEFKEEVMQFFLLFPCQFWQ
>seqK562 = K family seq 562  0.125314 34 K
MIKKKKKWKGKKKKPKKEVVKKKKHKEKYVKVYSKKDQNMKTNHVCSDHQKSSDQDTDTIQKVNKDKCKKKKNKKKK
>seqC489 = C family seq 489  0.127199 37 C
CKYACCRGACECLCCCCRCCCCRCCCCCACLNSCCCCCCCCDHCSRCCMNRKYYNACCQWCCCCLC
>seqN570 = N family seq 570  0.127200 34 N
NHNNHRNDNCNWQNPNNNNPNNIVETHANQHWHMNLNNVANNNSNINGHENELNNNRLNVNDWNTNANFAEYNTWSNFN
>seqM543 = M family seq 543  0.127534 35 M
QMYMCQQQDYMFMMWMMMKMRSCPHMMMWAMISFMMMMMRMSMNMLLLARKDHWMMMMMMMCMMMMQRMVMHMGSN
>seqH504 = H family seq 504  0.129529 34 H
PTRHWHWHLHHRHLQHWHHRCAHHIHVHHHHHDIWPHTHHACHHHHGFHIAHIAMGHHMPGRMHHHNAHTIHTKAHGM
>seqD451 = D family seq 451  0.133209 34 D
DDLDSDASDFCDLDMANDDDDPWDQDEDVDRRADCLDFSDDDRIHDDKDYQASADDDWQIMDIDMDIRQDSDRDDD
>seqC305 = C family seq 305  0.134071 44 C
GCCCACCHRCCCCLCCRCCWCCCCCACCCMSCCCCCCCPCDCCSCCCCCCWCNCCCAAACLCCTPWR
>seqW420 = W family seq 420  0.135434 34 W
WPPWWNQWCWWNWWGVLVGWMIWWCWWKWLHWKNAWWRWWRWKWWWEPPQCIWWWKDWNWDVFWNCWWWWVGWFIG
>seqP241 = P family seq 241  0.139677 46 P
DDYPPPPLPWPPPPPPPDFPPPPPRPKPPPPPPPPFPYPPPQPTMYFPPPLPKQFPPPTEPPPPYIPPPPQL
>seqW494 = W family seq 494  0.148003 35 W
WPPWWFQWCWWNWFFFWWSIFWWWWWWLWWNNAWWWFRWKWEWWWPPQCWWFVWWNWDFENCWKWEWGWFIWM
>seqR323 = R family seq 323  0.148887 34 R
IYFTDMPLRRPSTRMRRRRRDRIERKRVRKSTRTTPGRRRRIRVTIVRRRRRYQQRRRRVRCRYVERRRRRKVGLEPQ
>seqP528 = P family seq 528  0.151584 35 P
NNPGFPGNPPPPTPPPFPQFPFINCLNWLPSQPWGLLPYNQCTPPVPPFLPPPPQPFPTPPPPPKWPPRKCSPPPMP
>seqW590 = W family seq 590  0.153578 34 W
WWKWWHLQWWWCCWWFYWWWQLWWWWWPNNACWAEWYRKKVMFWWCWFQCWWLVWWNWWDENCWWGEWWGWFLWPM
>seqG377 = G family seq 377  0.154756 35 G
FYGNGGGGGGGNWGGHTGAPGGHGGEWGWSQQGCPGGRSPGGGGGTKGGCMNNGGLRWGGRGGLAGPELKQGPFQPFQG
>seqT597 = T family seq 597  0.155428 34 T
MTPPFRTTLCTTDTTETRGTTTDPTCWTWTTTYSTTCHMNRPTTAPFTENTPFTTELTTTTETRQNTSTMHCDTTT
>seqL488 = L family seq 488  0.158303 37 L
ELTLEFWLLLLDELLLLELLDVDMCGYLVLLLYLERLSLLLAQCDLLLLSGLLSHLLLCIYLLYGKYLLLLLP
>seqT558 = T family seq 558  0.162091 36 T
MTQEFTTTLCTRTSDTTETRGTTTTDPTCWTTTQYRTTCHCTNRCTTLPFTETPFTTETLTMTCTETRQTTSCTMHCDTT
>seqA256 = A family seq 256  0.163760 41 A
SYKYANKAVHAAAAATAYLAAHAAKAAVATAAAFAAAVAYAYAAIAAAAADNAAAAAAECAVCAAAAQYYFNN
>seqY151 = Y family seq 151  0.165077 63 Y
MYCYYLYYYYYYYYTYYYYYYYYYYYYYFYYYIYYYYYYYYYSYYYYYYYYYYYYYYYYYVYYYYYYIYYYYLIR
>seqA477 = A family seq 477  0.167856 34 A
AQHAKYAALANALAASGAALAAASAARAAVGAAEAKEVCMAAAYKAYACKLHQAAAAMQEAIAGRSSYTAIGAA
>seqW227 = W family seq 227  0.175391 50 W
ILWWWCHWWWEWWGWWIRWWPWWWWHWHWWWAWWWWWWWWWWWWWPWRWWWWAWWWWWWPWACYWWWWWCIRH
>seqS424 = S family seq 424  0.181362 34 S
VTRSNSVVELSSGFNSVSSSMSSWSSRDSTQSSMSSKSFILIGSKSVSLSSYQYSGSDMGVAGSSLSSSVSCASSYASVN
>seqY471 = Y family seq 471  0.193279 34 Y
YMYYGRYFKYDYRTYYSYYYYVNISDYYYYTYYYYDVYIYYYYHHHYYYYYCRGYYGYLMRGHYELN
>seqD514 = D family seq 514  0.204814 34 D
DLDIASDDDFDIMALRDDDQMQESVKDRDIDCLDQSDDIDRIDDDDQYDADADQWEIMDDDDMDIDSQDDIDDD
>seqI362 = I family seq 362  0.204943 34 I
NICGVCAIKMIFTEIIIIRPLIFIYKIIIIEIIIEPIIEIEYIIIQTMIISINQIICILIMIIRISIGIFYE
>seqR454 = R family seq 454  0.216649 36 R
QVRFTDMRRRRPIRRMRAECRRDIERRARKDRRRAPGARRIRVTRHDHRRKRRRQRARVRMVMYNRQARERDLRGRRPRQR
>seqD573 = D family seq 573  0.222011 36 D
MDDDDMSASDDTDDIEDLRCDDIQMQESVDDEDTTCLDTSQDDDDIDDDQYDAPADQDEDMDHDMDKIDDQDDIDDD
>seqI249 = I family seq 249  0.223936 48 I
NCTIMIIIEIIINIIILIIGIIIIIEIIIIEPIIIIGIIIWIIIIIIIIINIIICILIMINIIWIIIGFK
>seqQ588 = Q family seq 588  0.225145 35 Q
LQGVRRQVPQQQELNLQQQQQGDRQQQVQQQQSDQGAQQWQIQQEQVMQDVYQYAGQQTQQQCQQRQDRTVQPGY
>seqV207 = V family seq 207  0.227293 48 V
WWNVVVHVVDVVVVVVVVVPDVTWVVVVVVAVVDVVVNVVVYVHVHTVVYVVWCVDVWVVWNVVVHVVWVVVIVN
>seqC444 = C family seq 444  0.227604 35 C
CKAGCRGACKMNLCCCRCFMRCCQCCACCLNMSCCCCCCCCDHCSCCCMCCRINCNCAAYCCLQCKTCCYLC
>seqK354 = K family seq 354  0.229685 36 K
MLKKKKRIYKVKTKPKAKKSKTKEKKKDTYSKKKIKKKKKHMKKHHKKSKKDKKTRIKVNKKIKKDEAECM
>seqR163 = R family seq 163  0.229938 61 R
FIRRRRPRRRRPRRRRRDRRRRRRYDTSRRRRRRRRRRRRRRRRGRRRRRRRRGRRRRRRRRCRRRRYRRRRRRD
>seqS577 = S family seq 577  0.233759 34 S
SSRFSYSSSESNSFGFNRFGNSTLMSVSSITSKSMSGSSFSSSSKSTVSMYSKDMGGGSSLSSLSSTASISSSN
>seqT277 = T family seq 277  0.236499 46 T
PAKILTTTTTTCDTTTTKTITTTATLWTTTGPTTRTWHTTTTTTCLTWTTTKTTTTTTTEITTTNTTTNAYTTHVA
>seqT391 = T family seq 391  0.236609 34 T
TKCITFLTTTTTLDTTTGTTITPPMTLWTTTGYNTRTIHTTNKYTTLTSWTTTKTITTTEILTTNMKTNAYHPHGVMFIG
>seqN281 = N family seq 281  0.237917 38 N
CYEAENNQLNPNNNNNNNNENCNIQRNGELNNNPENNGSQNNNNNNESWCNNVENNNNNNSVNNNQNQNPSPL
>seqI557 = I family seq 557  0.240380 34 I
IIIIIVIIKIVIEMMYIIIIPFRIVIKIEVIIIIYVIIEENTIIKPLNIILNAVVDILGREICIIISIIKIRDVE
>seqG197 = G family seq 197  0.242544 52 G
YNSGGGRWGGGGGGGGHGSGGGGLLKGGGGGGGGGGGGGGGGSGGGGMGPGGGGWGGGQGLGGGPGKGGIPFGYL
>seqH533 = H family seq 533  0.243157 35 H
PRVHWHWHLHHRHLHHWHRCHHHHIHVHHHHHDIPHTHCHHCHHHRYFHIAHIYGHHMPGMHHNAHIHVKTHGM
>seqF167 = F family seq 167  0.247961 64 F
RDFFFFFFFFFFFFLFFFFFWFFFFFFFFFFLFNFFFFFMFFFFSFFFKFFFFFFFFFFFFFFFFDFFFFFFFFYC
>seqR533 = R family seq 533  0.248142 34 R
QCRSFDRSRRNYRRMFNEFRRVIRRRARKDRFARGARYTRPTRRRCRYKRRRQRFARRMVMYRRFRRTVRRDRPRQK
>seqV572 = V family seq 572  0.257443 34 V
NYVEVKTTHECEVVVHCNVVVVIVVLGTVPVVVVVVNVCVQTVRPFVDVNVQTPVVVVVSSVNGAVVVV
>seqR436 = R family seq 436  0.259066 34 R
QVRFTDMLRRPIRRMRAACRRDIERARKDRRRAPGRRRIRVTRDPDRKRRRMRARRVRMVNMYNRRRLRDLRGLRPRQR
>seqM453 = M family seq 453  0.264858 34 M
YMYMWCQDYEMRWMMWMMNTIMREMMHMMWWAIISFMMMMMMMHWPVMMNMMSLARWDMRFMMMSMMMMMMVARMYHQTN
>seqR565 = R family seq 565  0.267047 34 R
VCRRFDFSRRCYRRRANEFVQVIRHRRARKMRMFARGARYTRRTRRRRRYKVRRQCFARRRMVFARRRFRRTVRRDFPRQK
>seqR258 = R family seq 258  0.272780 53 R
IYFIRPPRRRPRRRRRRRRRDRIRKRRRSRRRRFRRRRRRRRMRRRRRRRRSQRRRRRRRRCRYVRYRRRRRKVGVQ
>seqK445 = K family seq 445  0.276123 34 K
MIKKKRKGRKKKVIKKPKMKKKIKVKIEKKDTLSSKKIKMKLKGHMCKKKNHRKPSIDEKTKIKNVNKKKKKDVNECM
>seqD470 = D family seq 470  0.282599 35 D
DDLFSDDASDDDFDMALDDDDPVMQDEDVKRDADCLDFSDDDRIDDDKDYAVADQDWVIMDIDMDIQDDDRDDD
>seqF498 = F family seq 498  0.290347 34 F
DFFFFWFIFFFFDFFFYFFGFFRFMQFAFFSRLFFFFFDDFRWFIWFTPFFNFLFSKSTMQPILFPQRWF
>seqM486 = M family seq 486  0.312235 34 M
QMYMCMQQDYEMMWMMWMMNKIGRSMPHMMWWAIISFMMMMMMHWSPVMMNMMSLARKDHWMMMMSMMMCYMMMQRMWEHQTNM
>seqQ551 = Q family seq 551  0.314750 34 Q
LQGQRQKVPQQQELQQQQFFKGDRQQQQQQQDQGNKQWGQQQEQKMQDVQQFAGQQTLQQCQQRQDRTLQPGK
>seqP367 = P family seq 367  0.319171 35 P
RYMLKPPPPQLPTPPPPPQFNPLPRPKIWPPQPPHGPLPPQHTPYPHPFLQFGPPTEIPPPPFIPPSPPPSMHP
>seqY348 = Y family seq 348  0.320435 34 Y
AYRCYKYDYYTYYYPYYSFLNVIFYYYYYYYYYYYGITYEYYYYHYYYSYMKWCYYYIYLPFAEWGWN
>seqP433 = P family seq 433  0.327594 34 P
NRPMFLKPPPPQPLQPPFPQFLQNRRWIWPPQPGPLLPYNQHTPPPHPFPLLPQFPPTEPPPPPPPSPPSMHPPP
>seqV534 = V family seq 534  0.331809 35 V
GYVEVWVVVTLECCVEVVVHCNVVVTIVVLGYRPVVQFVVVNVTVVQVVRPFVDVVQTNVVVVSSRNGAVVVV
>seqQ467 = Q family seq 467  0.335427 35 Q
QQGQVQQQEVQQQELQFMFQGDRQRYQQCQDQNQWQGQQEQKMWDSQQQQADGQQHQQQCQQQDQDRTQPGK
>seqP332 = P family seq 332  0.338278 34 P
DRDNLKPPPPQLPTPPPPPQFNPLDPRPKPKPPQPPHFPLPPQHTTYPPPPWKQFPPPTEIPLPPFIPSPPSQL
>seqW296 = W family seq 296  0.351242 35 W
IPPLWWCHEWWWQLKGWWIWWWWWKWHWWAFAWWWHWCWTWWWIWPWRVWWAWWMHWAPWACYWWWWHCIR
>seqK319 = K family seq 319  0.351780 34 K
LIHPKKKRIYKKTKPKAKKSNDKQKKKETYSKKKIKKKKKMKKKHHKKSKTKDKKRIKVNKKIWKDCAERD
>seqR293 = R family seq 293  0.354383 40 R
IYFIRPLRRPRTRMRRRRRDRIRKRVRSRRTPFRRRRRRRRMVRRRRRYQQRRRRVRCRYVYRRRRRKVGLVPQ
>seqS525 = S family seq 525  0.356883 35 S
SSRFSNSSESLSSGFNSFGNSTSSSVSSITQKSMSSSSFTTSSKSVLSSSQYGKDMGGGSSLSRQSSSTSYISSN
>seqI320 = I family seq 320  0.362079 34 I
NCVVAIKMMIFTEIIINIRILIIWAYFIIIIVMIIEPIIIIIIIIIQTMIISINQIICILMIIARISIGFY
>seqH237 = H family seq 237  0.371672 54 H
MCVHHHHHMHHHHHHHHHHHHHHHHHHHVHHHHPHHHHRHKHHHHHHFHHHHHNTHHHHGFHHHKHHPHRMRK
>seqA395 = A family seq 395  0.374828 34 A
QAKYANKPAAAAAAATVALAACSAQAAAVGAAAAASVCPAYAYAACIAQSGIAAAAAECAVAGACSMTYVIGNT
>seqV599 = V family seq 599  0.379219 35 V
NYVMVSQTHQCEVVVHCNVVVTVHVVLGVSVPVLVVVVVVCHQTVRCFVDVVNVVVPVVSVLSSVHSGVVWVV
>seqT505 = T family seq 505  0.396160 34 T
MTMEFTFTLTTRTSDTAESGTTTTDPTCWTTDTYTTMCHTTNSCTTLMFTTTTKTPHTTHELTMTNTKHRTYTYCTMHFKIG
>seqA349 = A family seq 349  0.397122 34 A
YKYANKAAHAAKAATALAASAQAAAVGAAAAAVCYAYAAIAAIIAASGIAAAAAECVCAAAMMYDIFNH
>seqP561 = P family seq 561  0.416833 34 P
NPNPPPGNPPPTPPPLFPQFPPIPCLPWPMHQNWGLPYNQCTPPVPPFPLPPPPQPFMTPPPPKWPHCSLMPMP
>seqH475 = H family seq 475  0.416910 35 H
HPHRHWNHWHLHKHHHLQHWTHCAHHIHHHHHWHDIWPHTHHACHHHFHIAHAAMGHHHNGRAMHHHNAHLTIRTKAHK
>seqQ504 = Q family seq 504  0.422949 34 Q
LQGQRQQKVVQQQELQQFMFFQGDRQRYQQCQQDQNKQWQGQKEQKMWDVQQQFQADGQQTQQQCQQRQQDRTLQPGK
>seqA593 = A family seq 593  0.426105 34 A
FARYAYAKALAALNAAAAAGAALAAACAAAAFQAAEYAIICNVAIDPAAAYCKLAQASEAQNSSLGSLANLCAAIGA
>seqH355 = H family seq 355  0.435655 35 H
PMEWVPHHHHMHHKHHHHMIHHHHWHDHHPHHRWKHHHHHHFHHHHTAHHGRDHKHNAHHMRNKK
>seqG495 = G family seq 495  0.441216 34 G
GGNGGGGGQTTGAGGGDKAAEWSMHLGPGGYSGGGGKGGTNGGGWGLRGPGQHGGPHAGGPGFGYGKFG
>seqV419 = V family seq 419  0.443974 35 V
GVVKVWTGNVLCVVVVPSTVVVTVVVLWAVRVVRVTVHPAVTVVVYVLWCKDVVPFVNVVFVVVVSRNGAVV
>seqS485 = S family seq 485  0.479307 34 S
SSRSNSVESLSSGFNSEVGSSMSSSVNSITQQSMSSSSSSILIGSKSVPLSSYQYGSDMGGGSSLSSQVSCSSYISVN
>seqF437 = F family seq 437  0.483209 34 F
DFFFKWFIFFFFVFDKYFYFFFFFRFLTQLAFQLRSNFFFMFDDFRWWAWFFTFLFFFFLFFKYTMQFFLFPQRWV
>seqG596 = G family seq 596  0.488609 34 G
GEGYGGGGGGTGLGYWPEGGSHPGGKPGSSHGGGGGCGKNKPTGSLFLGGGHGPGHGGGGGYGEFG
>seqH413 = H family seq 413  0.496832 34 H
PHHWHPHKHHHLHHHKKAMIHHHHWHDIHPHHAWKHHHHHFHKHHAAMGHHHGRDMHHKKNAHLHTMRKHK
>seqE297 = E family seq 297  0.496923 37 E
KICIHREEDFEEEFEGECENVDMEEESWEEEVEEEWEKIPEWFEEATVQEEEEWEECEYETLVESEWEEEFEYEELQAK
>seqC523 = C family seq 523  0.504018 34 C
CKYACCRGPCCCLTCCCRCCCRCCCCACVCNSCVCCVCCDAHCSCCMNPKYYPCAHCCQCCCCLC
>seqG522 = G family seq 522  0.512779 34 G
GGGGGGGQTHTGALGGGDKAEWSSHLPGGPGYSHGGGGKGGSNGDGPGLRGPGGHGGPNHGGGPFGYGFG
>seqG334 = G family seq 334  0.523057 34 G
FYNGGPGGGNWGGHTGAGGGHHGEWGNSQQGYGGGASPGGGGGGGKGGCMGNGGLGWGGRGLAGPELKQIPFQPQF
>seqK533 = K family seq 533  0.532641 35 K
MIKKKKGKKKKKPHKKVVKKKKKKEKYQTVLSKKKNMKTNHMCSANHKKSSDEKTDTIDKVNKDKCKKKKNKKK
>seqD131 = D family seq 131  0.544802 67 D
NIWDDDDDDDDDDDDDDDDDDIDDDWDDDDDDDDDDDDCDDDDDTDDDDDDCDDDDDDDDDDDDDDDDDDDDDDDY
>seqW360 = W family seq 360  0.559319 35 W
WPPWLPWCHEEWWWQLVGWWITWWGWWKLHWRNAFWWRWWRWKWWWIPPWRCIWWKWWMWDVPWWCPWWWWHVGWWIR
>seqQ259 = Q family seq 259  0.609861 45 Q
QQVLQQVTWQQQVHSQMQQQVDAQCYQQQQQQQQQMQAQARQWRQQQQQKQMQDSQLEQQQYFQQQSQQQQQEQHTQPL
>seqN403 = N family seq 403  0.633863 34 N
NINNVNNNCNLNNRFNNNPNNNNENCNQRWHQCNENPIVNNNNSQNIWQCELEMNNVRNNNNNSMMISQNINPHSCRHM
>seqT322 = T family seq 322  0.635493 35 T
AKILTTTTTTPDTTGKTITPTATLWTTTGYNTRTWHTTNTTTCLTWTTTKTTTTTTEIATTNMKFNAYTHPHGVMLG
>seqQ353 = Q family seq 353  0.642107 34 Q
QHVGQQQVTSQELHHVYMQQQVDAFCRYQQSQLQQQNQASARQQQKQKMQDSQLEQMQADFQHQQSQQQQQEQHRTQQPL
>seqF593 = F family seq 593  0.647475 35 F
DFQHFFFVILFFTVFFNVFFNQFFMTFQFPFFFLNFFFHCFFIFVIWYFQFFMFLFQFKFTEVFMQFLLFPCQFWQF
>seqE549 = E family seq 549  0.660062 35 E
EKEEWEHHYENEGEEEGTEVEEAEESTENNEREEEEPEKDECEETEVEHVAQTKVYEENDEIEEIEHLEEAKYE
>seqA426 = A family seq 426  0.665350 34 A
AQSAKYANKAAAAAAAAVAFLAACSAQAAAVGAAAAASVCMAANYMAACIKQGIAAAMAECAVAGRSSMSTAVIGMT
>seqD328 = D family seq 328  0.691511 36 D
SIMCSDDDDDCDDDINDIDTWDWEDSDDRDNDCSDDDSYKDTIHDKDDQWDADRHWHIMDIDDDDIDDDDDKED
>seqH384 = H family seq 384  0.727204 34 H
PTMWHPHHHHTLHHKHHAMIHHHWHDIHPHHRWKHHHHHFHHHHATAHHGRDWHHKHNAHLHHMRKHK
>seqS394 = S family seq 394  0.739591 34 S
FRSNSVVELSIGSNSSSSSSMMSSLSFRDSWQSRMSSKFILKGSKSSSLSSYQYSGSLDMIGNAGSSLGSSSVSCASSCYASVN
>seqN507 = N family seq 507  0.745134 35 N
NHNNHRNNNCNDQNPNNNYPNNIETNANQNWHQHNENIVANNNNSQNIGFQENEMNNRHNVFNDNNSNNFASYNILSNMN
>seqL553 = L family seq 553  0.787440 35 L
LQIIAIDLKLELLELTRLMCQVLLELLLEILTLLTAQCLLLLLDLLLLQLLLCGFLLLLYPLQLLTILF
>seqL527 = L family seq 527  0.800939 34 L
LTSEFLTDLKLELLLLLTRLDMCYLVLLLYLEILTLLTAQCLLLLLDLLLHLLLCIYFLYLKYPLLLTPF
>seqH288 = H family seq 288  0.810358 43 H
PMMSVPHHHHMHHHHHHMHHMIHHHHHHHWHTHHPHHHHRKKHHHHHFHHHHHNTHHHGFIHKHNHPHRMRKK
>seqK475 = K family seq 475  0.844192 34 K
MIKKKRKGKKKKVKKPMKKKKKVKIEKKYQTKLSSTLKNMKLKHMCKKANHLKPSKDEKTDIKNVNKKKKKDKNECM
>seqD535 = D family seq 535  0.852193 34 D
DDDDISASDDDKDIEALRDDIQDQESVDDEDITCLDNSDDDDRIDDDQYDAPADQWEIMDHDDMDKIDSQDDIDDD
>seqH444 = H family seq 444  0.910302 35 H
HPHRHWHWHPHKHHHLHHWKHKATITHTHWHDIWPHHAHKHHHHHFHKAHAAMGHHHHGRDMHHHNAHLTMRTKHH
>seqY535 = Y family seq 535  0.932740 36 Y
YMYRLGKYYYYFHYDYLRYFYYSSYYYYAIYDYYYYYTQYYYYDTVYIETYYHHYIYQYTYGGYYGELMRYEHYELN
>seqC545 = C family seq 545  0.941423 38 C
CKYCACCCGPCICCLTCCCCCCCCRCCCCCPVCTNFCFCCVCDAHCCCCMNPKYYQCAHCQCCCCCLC
>seqK590 = K family seq 590  0.951817 34 K
MIKFKYKVWKGVFKKVPKKKEVVKKKKKKEKYKKVPKSKKDKNMKTNHVWQLSNHQKKSDQDTDTKQVNNDKCKKKKINYKKK
>seqW333 = W family seq 333  0.985937 35 W
IPPLPWCHEWWWQLVGWWITWWWWKWHWRNAFAWRWHWRWWWWIWPWRCWWWAWWMWWPPWWCYWWWWHVWIR
>seqW465 = W family seq 465  0.996717 35 W
WPPWQWCWWNWGVWGMIWWWCWWWWLHWNNAWWWWRWKWEWWEPPQCWWWWWWWNWDFWNCWKWEVGWFIM
