>seqI519 = I family seq 519  0.005806 34 I
INIQIVIIIVIEMTYIIIIPFPMVFKIIEKVIIIQTVIVEENTIIKPNIIILIIINCVVDILIRMICIIISIIGIRDVE
>seqM261 = M family seq 261  0.015076 50 M
MKPMMRPMMMMMMSCMMMEMMVMMMWWMMTSMMMMMMMMMTWQMMMCMWSPMMIMMMMMMMVMMMRMMMMMARMHQPDD
>seqS222 = S family seq 222  0.016140 55 S
FNVSESSTSSSSRSSKSSSSLSSSSSSSSSSSKWASSKSSSSSSSSQSSSSLSSSSNSSSSSSSTESSASSSSFVN
>seqY598 = Y family seq 598  0.017382 34 Y
YMERLELYYYYYYYLQAYYYYKSYYYGEQIYDYYLETAYYEYDTHHIYEETYQHHYGQGYYTYEAYYGEMRYEYYYYN
>seqE596 = E family seq 596  0.018960 36 E
DKEEEHHYDCWENGEGTEVEEAEEESEENNEREEEWEPQKDEECEETEWEHEVAETTKVYEENEEIEIEIQEELEEAKYW
>seqE265 = E family seq 265  0.018974 44 E
KCGHLEEDEEEEFEGECEENVDMEEEWEEEQEEEEEKIPEEFEEEQLTVEEEEEEEECEWETLVENEWEEEFEYEELQFK
>seqY213 = Y family seq 213  0.021769 54 Y
APNCYALYYYYYYYYTYYYYPYYPYYLYYYFYYYWYYYYYYYYYVYTYYYYYYYYYYYYYYVWYYYYYIYLPYALWKW
>seqV24 = V family seq 24  0.032825 75 V
VVVVVVVVVVVVVVVVVVVVVVVVVVVVVVVVVVVVVVVVVVVVVVVVVVVVVVVVVVVVVVVVVVVVVVVVVVV
>seqP472 = P family seq 472  0.054910 35 P
NLNPMFLKNPPPQPPQPPFPQFNLNWLGPSQPWGLLPYNQHTPPVHPFLPPLPQPPPTEPPPPPWPPPKPSKPPPPP
>seqR370 = R family seq 370  0.056344 35 R
IYFTDMPLRRPSTRMRARRRRDYIERKRVLRKDRRTTPGRRRIRVTIDRKRRRMQRRRRMVNRRYERRRMRRKVGLRPRQR
>seqF390 = F family seq 390  0.062097 34 F
QFPKWFFFFFFVFDFKYFYFFFFFMFLTFQLAFIQLRSNFGFMLDFFDWAWFYFTFRSFFFLFFVFKYYTIMQFFLFPQRW
>seqC359 = C family seq 359  0.067600 36 C
PGCCCACCARKCNLCACCRCFMRCCHCCACCCNMSCDCCCCCPCDCNCSCCCSCWWCNCNCAANNCLQCCTYLR
>seqA571 = A family seq 571  0.074108 36 A
FARYYAYKAYAALNNAAAAAGACLAAAAARAAFQAAEYAAIICKVAIDRAVAYACKLAQAAYSEAQNSALGRSLANLCAAAGA
>seqK88 = K family seq 88  0.082393 72 K
FKKKKKLKKKKKKKKKKKNKKKKKRKKKKKKKKKKKKKKKKKKKKKKKGKKKHKKKKKKKKKKKKKKKKKKKKKKKKK
>seqW540 = W family seq 540  0.099026 35 W
WWKWWWPQWWWWNWWFFWWSTQFLWWWLWPNNACPWWFRWKVMFWWWWPPQCWWFVWWNWDFENCWWGEWWGWFIWPM
>seqL198 = L family seq 198  0.106961 60 L
MTMTWLLLLLLLLLLLLLLLLLLLLCLGLLLLLLLLLLLELLLLLIWLLLPLLVLLKLLLDLLLLCMLKLLLLLYLLLKW
>seqR597 = R family seq 597  0.117120 35 R
VCRRFDFSRRMCYRRRRNTFVQVIRRHRARKDRMFAWGARYRWRRRRRRRAKVRRQRFATRHRVEFTRRRFRRTVRRTFPRQK
>seqP241 = P family seq 241  0.139677 46 P
DDYPPPPLPWPPPPPPPDFPPPPPRPKPPPPPPPPFPYPPPQPTMYFPPPLPKQFPPPTEPPPPYIPPPPQL
>seqF599 = F family seq 599  0.148052 35 F
DSQHFFVIFLFFTVFFNVFFNSFFMTFQFPFFLFFFFHCFFIFVIWYFQFFMFLFQFKFTEFFMQFLLFPCQFWQF
>seqG377 = G family seq 377  0.154756 35 G
FYGNGGGGGGGNWGGHTGAPGGHGGEWGWSQQGCPGGRSPGGGGGTKGGCMNNGGLRWGGRGGLAGPELKQGPFQPFQG
>seqN213 = N family seq 213  0.173363 54 N
YNENNQNNNNNNNNNNNNENNNNIRLNMENNNNPNNNNNQNNNNNNNNNCNNVENNNDNNNNSNVNNNQNQNN
>seqL445 = L family seq 445  0.177194 34 L
ETLLEFWLLLGAELLLELCLCVMCGYLVDLLYLERLSALLLQGLLLSGLLLLHLLLCLYLLYGKYLLLKP
>seqD573 = D family seq 573  0.222011 36 D
MDDDDMSASDDTDDIEDLRCDDIQMQESVDDEDTTCLDTSQDDDDIDDDQYDAPADQDEDMDHDMDKIDDQDDIDDD
>seqQ578 = Q family seq 578  0.227982 34 Q
LQGQRRQVPQQQELNLQQQQKGDRQQQQQQVDQGAQQWQIQQEQVMQDVQQFAGQQTNQQCQQRQDRTVQPGY
>seqS577 = S family seq 577  0.233759 34 S
SSRFSYSSSESNSFGFNRFGNSTLMSVSSITSKSMSGSSFSSSSKSTVSMYSKDMGGGSSLSSLSSTASISSSN
>seqW295 = W family seq 295  0.234465 35 W
IPPLWWCHEWWWQLKGWWIWWWWWKWHWWAFAWWWHWCWTWWWIWPWRWWAWWMHWAPWACYWWWWHCIR
>seqI286 = I family seq 286  0.267230 39 I
NCVVIRMMIIEIIINIRILISGAVWIIIIVMIIEPIIIIIIWIIIIIMIIIINQIICILIMINIARIIIGFA
>seqD172 = D family seq 172  0.284442 61 D
NIWDDDDDDDDDDDKDDDDIDTWDDDDDDDDDDDDCDDDDDTDDTDDDCDDDDDDDDDDDDDDDDDDDDDDDKY
>seqM486 = M family seq 486  0.312235 34 M
QMYMCMQQDYEMMWMMWMMNKIGRSMPHMMWWAIISFMMMMMMHWSPVMMNMMSLARKDHWMMMMSMMMCYMMMQRMWEHQTNM
>seqT505 = T family seq 505  0.396160 34 T
MTMEFTFTLTTRTSDTAESGTTTTDPTCWTTDTYTTMCHTTNSCTTLMFTTTTKTPHTTHELTMTNTKHRTYTYCTMHFKIG
>seqH475 = H family seq 475  0.416910 35 H
HPHRHWNHWHLHKHHHLQHWTHCAHHIHHHHHWHDIWPHTHHACHHHFHIAHAAMGHHHNGRAMHHHNAHLTIRTKAHK
>seqQ353 = Q family seq 353  0.642107 34 Q
QHVGQQQVTSQELHHVYMQQQVDAFCRYQQSQLQQQNQASARQQQKQKMQDSQLEQMQADFQHQQSQQQQQEQHRTQQPL
>seqA426 = A family seq 426  0.665350 34 A
AQSAKYANKAAAAAAAAVAFLAACSAQAAAVGAAAAASVCMAANYMAACIKQGIAAAMAECAVAGRSSMSTAVIGMT
>seqS394 = S family seq 394  0.739591 34 S
FRSNSVVELSIGSNSSSSSSMMSSLSFRDSWQSRMSSKFILKGSKSSSLSSYQYSGSLDMIGNAGSSLGSSSVSCASSCYASVN
>seqN507 = N family seq 507  0.745134 35 N
NHNNHRNNNCNDQNPNNNYPNNIETNANQNWHQHNENIVANNNNSQNIGFQENEMNNRHNVFNDNNSNNFASYNILSNMN
>seqG594 = G family seq 594  0.824516 34 G
GEGYGGGGGGTGLGYWPEGGSHPGGKPGSSHGGGGGCGKNKPTGSLFGGGHGPGHGGGGGYGEFG
>seqK590 = K family seq 590  0.951817 34 K
MIKFKYKVWKGVFKKVPKKKEVVKKKKKKEKYKKVPKSKKDKNMKTNHVWQLSNHQKKSDQDTDTKQVNNDKCKKKKINYKKK
