>seqG1614 = G family seq 1614  0.000706 35 G
CQGLGGGRGGHLQRGGGLCTCGGSPNGHVLLGGQGGRGGPGTKQWGGSGCGFGGELGSMGVHWGSGIQLGTHMGLGGERQPGG
>seqM142 = M family seq 142  0.000860 70 M
MMMMMMMMMMMMMMMMMMMMMMMMMMMMMMMMMMMMMLMMMMCMMMMMMMMMMMMMMCMMMMMMMMMMMMMMM
>seqR458 = R family seq 458  0.000918 50 R
NMSWRRRQRRTKRRRRRRRTRRRRRLRPERDKSRRRRRRRRRARRRRRRRTRRRRCRKRRRRSRDRTRRRFRACYFK
>seqV17 = V family seq 17  0.001496 74 V
VVVVVVVVVVVVVVVVVVVVVVVVVVVVVVVVVVVVVVVVVVVVVVVVVVVVVVVVVVVVVVVVVVVVVVVVVV
>seqF1067 = F family seq 1067  0.001709 34 F
LVIFFFQEFFPFCFNFFFDHWEFFFRYPGFFFFFTGPMSFECSDVFFFAFTQHFFMVFFNQMFFFFFWAGWQDFYF
>seqL1459 = L family seq 1459  0.001713 34 L
KLFLILLGINTMSPYTELMELLILLLEILLYINGLLLLTLSTAGPLLDYTHELYMCFLLLPLAVLGLLLDLMMHLWLTLLL
>seqV1698 = V family seq 1698  0.001752 34 V
YVLVLVEVVVERVVCVVVTVKLLCVNVLQDARFWMNVAAVAVNEVVPWVNVVGVPYQVPVVLVVHMWVHNNVVVKHVVCA
>seqW1162 = W family seq 1162  0.002285 35 W
RLWWSWTGWWYWSIFPWFWRPWLNWWWWFVWSECWDWKWLEYWKGWWDWWCMNGWPPIWWGMWCWDLEVGTWWDLWKMWWMWWLWRH
>seqF536 = F family seq 536  0.003991 37 F
CVIQPVFGLFMNSFFFFSFLFFFIFFFHFFSYREFCFFMFFKLFFFKDFGFHFFVNSFAFAFTNFNFFFIFFIHPF
>seqS1764 = S family seq 1764  0.004374 34 S
DSNSFASSVNGSESVCSMHEMSSARLSAESSVISSSMVPSYFSNSSLQSSSSSMDKEWVLSSVQQNSSLHSSSAQSPVAQSQSQIDK
>seqS169 = S family seq 169  0.005992 68 S
SSSSSSSSSSSSSSSSSSVSSSSSSSSSSSSSSQSSSSSSSKSSSSSSSSDSSSSSSSSSSSSSWSSSSSSSS
>seqK1678 = K family seq 1678  0.006297 34 K
CDKSFKPKKKKADFKSKKIKPHGWLHKHKKENKHPAGKFFSKKKKWPQKWHVKGKKWKSKISFKPKVNSKAMKKKKKK
>seqV1822 = V family seq 1822  0.007282 34 V
YLYLVSVWVVVVVKVVTVAVFVAWVCVVQSVRKVVYVVVVVVEAVNSAVRQVWSKVVLDNEMWVAYNVVMVGVCA
>seqG1446 = G family seq 1446  0.008335 35 G
CGWGCLYGGGGHDQGFEGLGCGLFHSGKGLGLYGGGTGEPGPKEWGGGCGGGGNELGEQGGGMHGYQGKGRCIGGEKGQM
>seqD760 = D family seq 760  0.009265 34 D
NMGDSTRNDRDDINDDDTDGVDDDNCACDDKDWDDGDDEDNDVWDCDPDDDDSNDPLDGDCDDDLMRRCGDDTCCQ
>seqN13 = N family seq 13  0.009293 74 N
NNNNNNNNNNNNNNNNNNNNNNNNNNNNNNNNNNNNNNNNNNNNNNNNNNNNNNNNNNNNNNNNNNNNNNNNNN
>seqY171 = Y family seq 171  0.009511 69 Y
YYTYYYYYYYYYYYYYYYYYYYYYYYYYYYYYYYYYQYYYYYYYLYYYYYYYYYYYYYYYYYYYYYPYYYYYY
>seqM1938 = M family seq 1938  0.010567 34 M
KRMMMTMVQMDSMRMAMAMGQMQAAMFVMMMMKIMMMMMEMMHIWMMGMSGITNQVSFMDKGSHMMFMVTWMMPTMMNQMRNV
>seqA171 = A family seq 171  0.011656 66 A
AAPAAAAAAAAAAAAAAAAAAAAAAAAAAAAAAAAAAAAAAAAAAAAAAAAAAAAASASAAAKAAAAAAAYWL
>seqP1013 = P family seq 1013  0.011700 34 P
PNPPPYYPYPKQPNSDHVPPKPPAPASPPSLPSKSSFPPKESILPTPKHMPPIHPDFPSPPDPSPPLSWTNIPPPDMKNPNPP
>seqI1574 = I family seq 1574  0.012585 35 I
VIYFAINRDMIIYGMMSYMIIISIDIWLIIVICCIIQIIIIMIRDLIIIMDIFAIDIIYWIRHQILIIIRIILSYII
>seqS933 = S family seq 933  0.013100 34 S
FDSWWSSISCRSASSFKSTGSAFSWCMLSDSSHKMSEQPGSRQCSSRMWTSFFYSSSMSNSSSKSSVSNSSSSPSWAGSCQH
>seqV942 = V family seq 942  0.014115 34 V
VRHDVQVVVVHVTVVMVSTVIYQRPLSVDLVHPNNVVLFHVTVVVVVWHVVIWVVHNYVVVGVVKDTHPTVSCVRIPDVV
>seqF1712 = F family seq 1712  0.014848 34 F
FYTFLYIFQFFDFKQNGNFYADFFFFSFRYLTWFEAFRFRTNFFALEVFTFNLCFDFFYFHYHMFFFFISFYFNFAFFFRHFQ
>seqE1641 = E family seq 1641  0.016692 34 E
RGEEWIVEWETERSEAEMEEEEGETFGVTFWEELTSKESELEATIEEESELEELTEEDEEEVEFSYLEEGEEE
>seqF18 = F family seq 18  0.016749 75 F
FFFFFFFFFFFFFFFFFFFFFFFFFFFFFFFFFFFFFFFFFFFFFFFFFFFFFFFFFFFFFFFFFFFFFFFFFFFA
>seqW675 = W family seq 675  0.017775 34 W
EQTYGWFKWKRMWNWIWPPWWYWFWYWNWWYKCSEWALWWWYWWAWCLHCGWQIWWPIWWEWMWWWWWWSIAWWSFWKMG
>seqQ1025 = Q family seq 1025  0.018513 34 Q
KQNYEQCQQRVQQTICGFQKQIQQQMQGAQQRSQLYQCNGKQQTSQQQQRQKTNFFMIQQVNKKGQHQTDWMNDQTQQQQQQ
>seqI1340 = I family seq 1340  0.019111 34 I
GIRIVAIQINCIMISMIMNIMEMFIAYIIIFWILIHIKSCIIIMTIHIICADISIIAFDIFHDIIMIEIIISLQIDDIESNDICH
>seqV1357 = V family seq 1357  0.019629 34 V
MMVVMVWHNNSCCVVTVVKVFVFVWECKYFGPVVVQMTSVVDVVVVNVVVCWRVVVGEFMTVVVATVNAVVIEVVVI
>seqC1029 = C family seq 1029  0.021252 34 C
GNCCNFQCNICTMPTCYFHRWCPCICTPGDCGCENWWNMCCCCCCFWCCHGACICCCCIHNCCCCICTEECCCGCCCL
>seqW51 = W family seq 51  0.022288 78 W
TWWWWWWWWWWWWWWWWWWWWWWWWWWWWWWWWWWWWWWWWWWWWWWWWWWWWWWWWWWWWWWWWWWWWWWWWWWWWWW
>seqD431 = D family seq 431  0.022334 48 D
MAMRNRTDDDDDDVGVDDDYDCDDDDDDDDDDDMADEDDHDDDDDDHDDDDDDMDDLDDDDDDDDMMRDDFNITCE
>seqQ553 = Q family seq 553  0.022843 40 Q
KQEMQMQQQQQQMQYGDQQHFQASQQQSQAHYQLQQKQTQQYVQQEGQQFGQQQQNMQNQQQLCNIQSQQQQWQC
>seqN1866 = N family seq 1866  0.023848 34 N
ENWHNNLHENPINIPNFNNNWKWRNDNWMNNNLRKNMVNSNMINNNYKLLSSQNDNIYNNNENNNISNGNNAVNNNV
>seqT903 = T family seq 903  0.025894 35 T
STQACTWDVTHMKTTPNTTPGTTQPWTTNKTTETRTTTTTDHFTIKTKYAATTRSTTTLTTTETTYYTTATQVRTIR
>seqD1400 = D family seq 1400  0.029436 34 D
ALDDDTTTYDTDDTDDQGLDADDSCFDDDEDAKEEDDKAWFEDDQNDDDKWDATYDMDDDKEDDWDQDIKDMQTPDVD
>seqL1584 = L family seq 1584  0.031940 34 L
KLVVLGIVTLPTLYLKMKYLLLLILYKLNLCLLTLQLLGCKLLLFHGHMLWLLPYLHLLLHYLLLMMLWVALTLL
>seqD1520 = D family seq 1520  0.032019 34 D
APPHDTTETYYDTCDQDLDQDDDDDYDADHGDDTNDFDDDDYEDLDQLDKTAVFDQNGGLKWRADYCWDLDDKEDDDDDKADIRPDV
>seqG1245 = G family seq 1245  0.032228 35 G
RLDGLPGGHGGGRDGEGIGSGGEWGKESGGGGGYGGGTDERMPLQEGVIGEENGGEEGGNAHDGGGGTGCIGGIEPGGM
>seqE1402 = E family seq 1402  0.032491 34 E
EEKECEEEDEQEEESEFVEEEWECEGQCKKVNYREYEEHEEEEQEWEEKKELEEWMAVELEMEPAFEPDKE
>seqE1836 = E family seq 1836  0.032869 34 E
HERAYEAVEEFTNGEEEEFGEPEPIETAFQDGEEGEKEEPTETAEEQEPFEEEHPEPEMRQTREDGEEEAESSEEMPYEERR
>seqK284 = K family seq 284  0.035067 61 K
WVWRKYKKKTNLKKKYKKKKKKKKPKKKKKKKKKKKKKKKKKKKKKLKKMKKKKKHKKYEKKLGKKKKEKKKKKSKKKKKNA
>seqS1118 = S family seq 1118  0.035620 34 S
FVSWWSSISRSCAWSQCCSSGASFYSQESMDSMSSSSFHKSWEQCGSCCGSRRSELEEQSSSSFSSSSATKSFQSWHSFTQYTSWSSFC
>seqP296 = P family seq 296  0.036370 56 P
FRPHPWNPPPWAPPPPPPPPPPPPPDSPFPPPPPPPPPPPPPPPRNPYNPPPPPPPPLPPPLPPPPPPPPPPF
>seqQ1165 = Q family seq 1165  0.037351 34 Q
KQQYQCEQPQPYPVPQQTQGFQLYQVQWQGQQCLTERTCTEQQTYRQQLQHPNVQDMIVQQVQKQGQHQMPFWMFDQMQYQLQQQQQ
>seqA776 = A family seq 776  0.038382 34 A
AWASCAWRDKAAAEAAAAMIAGHATEAASWFAFWRVMEAAFAANDLATAAIAFVDAAAGAAAQNSDKAAAIMACWLGAK
>seqH1898 = H family seq 1898  0.039047 36 H
KHIFHHHLHQHDKDHMASEFCHHHMHDKHIWHNEHHWCVDQHHHHHNHKIVHHHCHHHAHITDKRQHHSVEKKEEMHHQMHHKERVRHHI
>seqG429 = G family seq 429  0.040639 54 G
MMDAGGGGGKPAGGTGGGGGLGGQGGSGGGGWGGGGGGGGGGLGGGGLGQCGGGGGGGGGGGGGPGKGRGGGQCIFGH
>seqA1022 = A family seq 1022  0.041523 34 A
DAAALAAIRDKAAAANAEAVAAMMYEFAPEAFALFAMARVMPAAIFLARRFAEAVKDQVAVAEAATCAWAKAPAAQDAWLGAYK
>seqR841 = R family seq 841  0.042202 35 R
SHRRRRSEQRRCRQRRTVRCRDAHATHRYRARMWPWSMKIRNRRTQRQRRNRRARRVWTMHMCRKGRRRLRRKDRWQRFRLCCGRRK
>seqM1762 = M family seq 1762  0.042356 34 M
WMFMMMMVAMGYSMMMMNIILIMMMAMMMFLMMMGMMEHGPCESMHTMMGTYMLMVSMMMDFGMMPPIMVHGYVPTMSARMW
>seqH1027 = H family seq 1027  0.042422 34 H
WWEAHIHPHHHLNHSAHEHHPHVRHHPLHHHHTHNRVYFHSHHNFHHVALCHHHDYHELGINFTHWLHHELHHHHSEH
>seqE365 = E family seq 365  0.044883 58 E
HEEEECEEEEAEEEYEEEEEDHEEEEEEEEEEEEEVEEEEEEEESEAEEEEEEESVEAMKIEEEENEEEEEEEEVN
>seqR1903 = R family seq 1903  0.045154 35 R
RNARCRSTRRQTSQRRNLVRRQRQRRRNRTRRRRERSRGLGSTASVESAIKRRVRRHYARNHCCRCRRRRTSIRVQRRQARR
>seqN1304 = N family seq 1304  0.047141 34 N
NKENNDWRNYDVGNNNPENNENNAICGVCFVWPFNWNNNNENMNNNNVYNDWNCTQLNNWWNNIMNNNMNDCNNCTTWNA
>seqK1958 = K family seq 1958  0.047151 36 K
KPNPWNYMKAMKFWKKKILKKLWKDKKDKKKKRKKPKKNMKPDKKKDNKKYKWKMDKKACKVDMVKSKMWVKDTKTKKRHT
>seqK1018 = K family seq 1018  0.048282 34 K
NFKKAKYHKCKLFKFKKKGIKFFKFFPKGKCKMKKVGKQKLIKNKKDSIAQWPKSKHKPKKKKKKKKKMMQHK
>seqM1412 = M family seq 1412  0.048363 34 M
MMMDIHHMMMMMMSLRQMNISMSMFMMWCSEMWMEDGMCMEGMNTMQCLMQKMMMDMMVKPNMPADPNMSMMMPGANMVYMML
>seqP1828 = P family seq 1828  0.048996 34 P
MPPKPPPWYPLEPPPPPPPLPWPPPPHRWPNPVPWWNTWPPPPNPPKWLIMWNKPWWSSPCYSPVPWVHDPNPPD
>seqG1947 = G family seq 1947  0.050773 34 G
RMQGWAKIHCGNGGASGIVIDDVGGQGKCGGGGHGGAGLGDGHQGKWGCCGGACGEGDDGIIGGAWSMGGGGGVGFSGG
>seqI1145 = I family seq 1145  0.050899 35 I
GIVAIQINAWRLINYCSANDNEIIFIIKIIIDIIHIKFSVIHIIKIIIIIADRIPIIFDDKGHIIIGEPIQDIIWMIIIKPIC
>seqN1996 = N family seq 1996  0.051113 34 N
ADRNNAHDNNNMNNNDHFCDNANRHNNNMNNNNLDNGRSNNNNNNDCLNFIINDNNIYNNIENNDNRRNV
>seqQ788 = Q family seq 788  0.053745 34 Q
KDEQCQQQQTQQQQYGFQQIQQLAQQKQAQNQTQTSYMWQEQFFYQGQQQAYQKQQQTNMQNDAQQQNQ
>seqD1658 = D family seq 1658  0.061080 34 D
CPLCRHDTDDLDIDDFDDNDSEDDGAHGDVDTNDIDDDDLQTDTDDFDDQNGDLKDNVILDCDDDWVGNDEDDKDDRCFV
>seqS1256 = S family seq 1256  0.064286 34 S
DVDSTSSINQAYPSSCDCNSGASFYSSEPMSMNMSSTDFSSWSQSSMQAGSSPSDEQSQSVSSSSTATKSSSYVMSFTLQYSSMSSI
>seqV1987 = V family seq 1987  0.069498 34 V
YVLYICPVVVVMVVGTVEVVFLCMAVLVVVEQSVRVPVVGCVNCDVMFVMNSAVLVSVPSKVNHVVVCWVPVYDPVCCVVMV
>seqF1891 = F family seq 1891  0.077272 34 F
FECWCKIFEDFKDFFQRFYFFAYCFFFKCFEFFFPTWFEADCEFFFFYDGFALVFCFACFDWFCIQGCFFYFDFYDNFFFFFKQDDWE
>seqE1490 = E family seq 1490  0.078609 35 E
REEWFWETTREEEEQEEYREGETFYVREEWELSKEVNEEERYTESEEERREEEETEKTEPEWAFVELDSEAEEEVDKE
>seqR2005 = R family seq 2005  0.079873 35 R
RNARCWQRGRTSQRQARNLVLRRRQQQRRGRVRRRYRERRRRSRAAVQRIYRESRRRRGAQNHRCCRRRTGLGRIRKRTR
>seqD990 = D family seq 990  0.081420 35 D
KMGDDLRYRDDPDDDRGDVDDNDDWDDKCDDGDEDTADRDDFSDDVDCIPQADWDMDPLVPMCDGDLNDDSCMIPCDPDICDD
>seqN740 = N family seq 740  0.082545 34 N
TFMPMVSENNKSVNPNNGANNNWNNGNNNRNNNNLNYEWMTNPKHHVANNNNINGITNKNNNNEKNVNDRNNSYNKCM
>seqA1924 = A family seq 1924  0.083499 34 A
AAEAAACAAAAEATFRAVFLRAAAAGARAEATLWAMDEATADSCVRAFSFRFIAAARCSSDAMHACFSEERIAASARAIAAA
>seqT1530 = T family seq 1530  0.085559 34 T
YTTQNTTDFYSTTTPYDFTGTITTPTTGQETRNYTTEACTTITWSTNTLATTWTMQSTTTPRTTGTTNTTCSSCRGNPTR
>seqM1682 = M family seq 1682  0.091202 34 M
MMFFMHMHMTQTMMMANMIMRITMMMMEFLFMMVMMMEHVFCDSMMTYMMHTQPPMMMVRVMTFMDSPVQMVMIVPTMMENFVYRMM
>seqR1260 = R family seq 1260  0.092013 34 R
ERRRWRRRRAQRINRRVEHRARWERCKRRRKRKQNRCLLARAVPARRICRRGRRRQCRRRRDPNRRRDYVNHRL
>seqI1827 = I family seq 1827  0.094250 34 I
PYNICICQDIQIIIKMYYYGCSIIIIKRCCISICCIIILVIHIAIDGTIWICIIIKNIHSIKIHNYCNIGIIISVIIFIWIC
>seqC1424 = C family seq 1424  0.097177 34 C
CCNVLRCQCYCQCDCFCCDCHCCCQEPSCRTVTDCSCGCCCDQCAHCCLCCCCLESILLACCWCICCHREQCASTRSEICC
>seqQ1928 = Q family seq 1928  0.103808 34 Q
QYGQQPWFNQQQGAFKELQDGKQPQQQFENDQFYKTTTRCYKQQWQQKNQYQQQIRQQQFNIQQNQVRQQWQHGQQIQQPAQGP
>seqD1971 = D family seq 1971  0.104303 34 D
PDKWDDFDPDDIDDDMDYDMDAYMVCDIYSDDIKKDDDHKDNDAIVDFDDYMIKDDMDNDDADDMSTDKNDKPPTDCICYD
>seqA1691 = A family seq 1691  0.110162 36 A
TAGAVFALAAGPAAAFFTCAALADAIACAGTAQWSWLADAAYNGAAAALRAVMSYAEAAMAACVDAAAAREAIAWAA
>seqL1187 = L family seq 1187  0.116302 34 L
LLLLLLLLRNPVLFYYLMELVLLLLEQLSNRLIMYFNHRMLGVLSLILTLTLSLHLPLLWLEKPLLGTYALWHLWALL
>seqL1004 = L family seq 1004  0.130879 34 L
LVLLMLYLEASYWYLMELVLLLESLSLHLRMTCFYKMLDLVNLLILLDTSLSLLLTLSLLPILVLTLLDLDNILLL
>seqE669 = E family seq 669  0.130907 34 E
EEGREEEPECEECWPNEKKEFIEADHEEECWNWNAELCEYEEERESEAIEEEPVEAKLEEKFEEEEHMETEVEK
>seqH1648 = H family seq 1648  0.136911 34 H
HHHSQEHCHRHNMHIMHHWCFGHHHHEHQNHNHQHNMPHHAQMHVHILADHHQLLKNFEHHHLHCHHKHHPHDFKWHHWNPT
>seqN1761 = N family seq 1761  0.144040 34 N
NPENWNNINQNERYHINDPNSHCNWLNNDQFNNWKNANNITNVNNPMRNANYNLNSQDNLCNIYNVNNHNNINHWNENPPPVNV
>seqA1264 = A family seq 1264  0.149147 34 A
TAAAKAAARAKHAYFQAQRMERARAPAAFAETAQRWMAARTIRLACQATAAEALAAYAMAAYECAYAKTYTLARQCCAWACGAAC
>seqT219 = T family seq 219  0.150800 61 T
KTTTKTTTTTTTTTTTTTTTTTDTTTTTTTTTTTTTTTTTTITATTTTTTMTTTTMTTTTTTTYTTTTTSVS
>seqP1503 = P family seq 1503  0.153566 34 P
DPPPRKPWPPNPVAPPPDPLWISWSPCPPHYQPLAPPKYPNEHHTRNPNPVPHDKPQTPYSPPPPNQPPNWTPWPRPPWPG
>seqK762 = K family seq 762  0.159099 34 K
WVWNNKKKHGKKLWKFKKKKKIKKPYSKMGKCKYKYKRKKTAKLCMKAICSEPSLKHKKPTIPKKKKKSYKKKMFEYKA
>seqP1965 = P family seq 1965  0.169353 35 P
VPPFYLPYPPFPFPPNPPPVPFPPPWQRPFPCCPNMRFVMWNFQVPPTCPVKHMMMWNPPPPPPTEPCHYVPPPPVDPNPVP
>seqF833 = F family seq 833  0.172025 34 F
CVIDNREEFPFVLFFNFFFQWFFSFFPFHFFFFYRTEPFQKKVSKLLVDVYDFFFTFFFFMGFFAQNNFFFFIFFIPFPF
>seqA1530 = A family seq 1530  0.173723 35 A
RAYEVFALEANHAAAFTACATLNPAPAAAETQAWDALAATPMHAAAEARPLANMPACAAMYIALVVAAAAAPAIANAAA
>seqK1352 = K family seq 1352  0.175777 34 K
QYCKKKMKKKSYVKLKITGSKMKKTSRKKKKKVKWKKSKPCSKKKKWHVVKDHPKKKCDWFKKNGYKKSMMNKKH
>seqC1984 = C family seq 1984  0.176271 35 C
CECWCWIKCCILCMCKCGVECKCFCHICKCYLCCRRYLVCCCCCCFHCCCCCCFCCGQTCLCTCCCCLKKE
>seqQ1313 = Q family seq 1313  0.178573 35 Q
WQYQCAWMMYWDQQTELGQQLWQQQVQQSFCQQRTWQQQMTQHQWFQHPFQQDQVQVQAQNIFNPMQQFFQQQQLQQQQ
>seqC1652 = C family seq 1652  0.181071 35 C
SQCCCCCLDCCHCCCCCVHCCCNWYYKCSCWCCECCNPKKRCHRQYCCKCTWSSECCSYCDGQKDVCKLPCCCVMPGFCECPC
>seqC311 = C family seq 311  0.181291 59 C
QDCCCCCCCCCCCCCTECCCIHCCCCCCCSCCCCCCRCCCCCCCCCNCCCCCCCGCCCCCCICCCCCSCCSCK
>seqG1062 = G family seq 1062  0.184521 34 G
HGGLKWIIGGRGGEGGKSILGGGESGGEGGYYGSDVGTIGGTMPVGEYTIGIHKGHGGGFDGNNHRWGSGVGGGHPGDIDPTGGM
>seqY660 = Y family seq 660  0.186096 34 Y
PEYYECRANIMREYTTYYWDLPYYYYYHYYIYYYIYYRYYRTGYPYLNYYGNYFYYYMYYVWCYMTPYYYQYFQ
>seqM932 = M family seq 932  0.186403 34 M
SMNIHNMMMFHMHKMMIMMDYVQKMMMRMMSMMMFMLMVHMMNMFFLIMVSWCKNMMMMRMMLTMDEMMWWAVDCPMRHGYPM
>seqC1852 = C family seq 1852  0.186858 34 C
WNNSWTCCCCAECICDCCCKNGVCCCICVCAKRVYVCCCELVCCKCCECICCVNCCCCCCYAGCIILCRCQCFLEKAL
>seqD1872 = D family seq 1872  0.190590 38 D
PDKWQDDFSDDIDFDMDDDDDDGAKDSDSKDDDHDNDHDVFDDDDDNDDTNDNVDDDCDDVHSVGNDDVKKETPWCFDD
>seqM1187 = M family seq 1187  0.191045 34 M
MWNMDIHQMMPTKMHYQMCMMNISIMMMRMQSMMFMWIQMMMICMFPMQMMLWKNMMAKMYMPQCMDMMWMKPYCPMMMM
>seqL859 = L family seq 859  0.193328 35 L
TDVALGLFENLEYIWYNDLLLNHLLLSLHLKRATCFLLHLLLNNLLHLSHDTGLLLSLRLLLLLILVLLLTWATDIMLLHL
>seqQ1773 = Q family seq 1773  0.200957 34 Q
YHQQQPWHDGQQGQPKELQNQQGVQPMQKQEMQQKQKTDRYQQQWFKVQYQTPQDQQIQCQQQMQQQQTDKIQPQQRWLG
>seqN1652 = N family seq 1652  0.205867 34 N
NAEKENLNHQERNNSNNNCNNNMVLNNANCWSNNVMNNYRNNENYNLMSCNLCNNYNHNNNEINNATIPNNVWN
>seqW918 = W family seq 918  0.207325 34 W
RWWWMWTWWCWSIFWFWWPPWWLNFWYNFWNCWSWWALWWWYVWWWCHCMWQIPPIWLWLEINCILFAWWWVLAMFWWWMWLWC
>seqV1206 = V family seq 1206  0.214332 35 V
MMVCDVATHVVVVTEVTFSVVVWFVWLCVVVYIVVVQMFRVVDVVNVVVVVVVVVVGYGFNFVNPATAMIEVVVI
>seqI268 = I family seq 268  0.218709 64 I
GIIIIIIIIIIIIIEIIIIAIIIIIIIIIIHIIIIIIIIIIIPIMIIIIIIIIGIIIIHIMIISIIIIIIIFIIDIEEMV
>seqP1324 = P family seq 1324  0.220934 34 P
DNCPRPNYEPIPGHVRSPPEPCPWQPPCSIPPPSQPPVPPPKPHQHHTRGLGPPIPVPPPQESPKPCVPLSQNPQKPWWPRKPHWPP
>seqT1159 = T family seq 1159  0.225187 35 T
SQGLMGTTTFTTMTTTTTWMTTCQMSQNHTTTPMTTLTHTTTDHVIKPTYTWWTTTWSTMTTVETNTTYCPQMQVRTLTTR
>seqS2009 = S family seq 2009  0.241892 34 S
SCSHSSSDQSVCSRSSSSHSHRASEQICSILISVSSEVEFECSSSSCSILSLSSFSYWVSSEMDSLESKSHYPPVQSSDLSM
>seqL1779 = L family seq 1779  0.242676 35 L
LLLLQHLLIVTLLVPPHLGLLDYLLILCYILLLGCLGLSFLLLFASYGMLLLLPCLLVLHLSLFSFLILLHKKIL
>seqW1470 = W family seq 1470  0.245243 34 W
WWWDVTVWSWWADWWFWDWWYDWVLNKWCALWLQNANWCRWWWWYRSWMWGWCWWPQLWWWWDWVGTWVWDWMWWLT
>seqR1477 = R family seq 1477  0.272752 34 R
RGRQERRRGNRRGINFRRRERWAGKNRERRGLRKRKMRRRGRRAKHKPREYGIRRRRRSRRQDEERTRRYVRGR
>seqY918 = Y family seq 918  0.283021 34 Y
YAGYCRYTAYIMYETYNYMYGPIQYYYYHYITYAEYTYYYYKTQGPYTNYYVNYFYWMYYVYYCCKYEMSYSYYAYYLWMQ
>seqT1336 = T family seq 1336  0.283886 34 T
TQTTQWMTTFNTMTTTDTGGTVTMGTYHYTKSTNTTCTETNTTYTAVGKPNTWNTTNMSTTTTTNVNYCPVTGVRGTTTR
>seqV1063 = V family seq 1063  0.289234 34 V
VRCDVQVEVEVVTDEGTSVVQRVVLSMVLVGDDVVCMFRTVVVVVWVDTVVVDVVWYGVVVDVNPDTVPCVIVVVE
>seqN989 = N family seq 989  0.290649 34 N
QKYPTPANNNSNGNNNEAECNENNAGNHNVNKNPNNLNQNGNPNKVHYVNGHNINNGNWQNNNEGNCVNDENNVSCFNNMA
>seqQ1654 = Q family seq 1654  0.310054 35 Q
PQQQQPMVSGGYQGQFQQELQNQQQQHQPYKEMQCRQQQTDQGQQRWMQPYQYQDQTPQIPQQMQQEFKQDQQQPQSIYV
>seqH1781 = H family seq 1781  0.317309 34 H
QVIFSHHCHQHDKHKNWHCHVHHDNHHHVVNHHHRMPQHHVHMEHHIHHEQYLKHIHEHRHHHMKMHHVQHHKERRHNHI
>seqL352 = L family seq 352  0.323997 55 L
FDNQCELLLLLCLLLQYLPLLLLLLLLLLLWLLLLLHLLLYLHLLLLLLLLSLLRLLLLLLLLLTLLTLLLLLHEY
>seqE1188 = E family seq 1188  0.327229 34 E
GEEEEEEKEELEDECEEMENEFVFEEWLCEMECKHVEFWEERYATALEREEPEEVMMLEENPEEEEKEEPIGMMH
>seqT1720 = T family seq 1720  0.343651 34 T
FTGTTIGTTMNNQSTTLYNAWTEETQITAMWTTTWKTYTTKIKCETTIPERTTTWTWPTGQSTTSTTQEWMVTNETATTTTQTQA
>seqH1435 = H family seq 1435  0.345231 34 H
HHCYQHCHHHMFHMCSCHGHGMEHGQHNGQVTMHRHYHQNHSVHHEHHNDHHHHHHHHQHHTHHHCYFHHWNET
>seqW1665 = W family seq 1665  0.359854 34 W
WPQVQEWWWQDWFMWDWQWWEYKHWPLRYWWWWAWIWWWMQWMLWWDCMGVWFWLWWWWWWQWGGGPGHWHGWWWYLT
>seqW1844 = W family seq 1844  0.361530 34 W
WLQGKQWWLVDDWWANWDLDYWNWYIWWWWWWLVYWCIVLKWKWWWQYLWLGWMCMNNWIWLADWWLQWWGWMWWAVWGGWWVPVW
>seqY1759 = Y family seq 1759  0.371438 34 Y
TDYIVYYYGNYIFVYFYYYHYYYDYFYRYLYYQAYNIPSDYTYLCDRFYRDSYDYLRCYIYYYSDDYDDMYYALYYKYLQRADYV
>seqY1071 = Y family seq 1071  0.377755 34 Y
YAYWYRYTQAYYRYGYYTHNYSAKYQQDYYYWGTEYYEFTAYHWDTGYYYWNAYSYYYEYWCHYVYECCKYTMFKSYWYAYYYMYPQ
>seqM1572 = M family seq 1572  0.382305 34 M
MMMMDHMHMTMVRRMRMMNMRMMMGMMFGMRMETGDCMECTMQCCTQPGMMVNMMTFMSPYQMPMIMTMIMMVYMMM
>seqG846 = G family seq 846  0.382465 35 G
KKGTKPIGGGGGELKGANGGPGLGLEGVSGGCGHNGGGTMGGGGGTWGKWNKQGGEWQYDNGRDNGGVGKGGGGNNCQLGH
>seqI1911 = I family seq 1911  0.385780 36 I
WKIWIIIYIWQIIIIMYYILILSDTIDIIVYCIISSCIIIPIKIIIEIMWCIIIINICRIKEHFFPINIIIASVIEFTWIC
>seqE1904 = E family seq 1904  0.389108 34 E
YERAYEFFKFTNENEEQFGAEKIESEEGDMEEEEVEEEQQQETNEQEVSEENEGEPLWEQCTFEGNEEAESEEQEPEEERNR
>seqL1959 = L family seq 1959  0.407956 34 L
LPNMPLLNLHINVLNESLMCLLMMLDLLLGLIESLLLRLLLMLNLTGLGLLYLVLQGFSPLPLARTTLDPSLSLLIEAMLHWLA
>seqW1931 = W family seq 1931  0.414810 34 W
VLWGQSTWWGWDWKWWVLHQWWWSYWWWQVLVSYWWCICKIKWWWWNLWLGWMNWTIWWTQWVLCWWFYWWLWTVWVWWNWVC
>seqC1538 = C family seq 1538  0.428026 35 C
CCCRACLCYCHCCCCCVDCHCNYQTCSCRCCVTCCCRCCCHYQYACCCCECCESILCAPECINDTVAEQCSMCRCEC
>seqG1759 = G family seq 1759  0.430347 34 G
CFGVGKISGGIALIRGGKGICVGGGHVKGLGILAGETFQGGLGEGGMGGNGKSIPEGGGGGGLGGYGMGGFVCGFFG
>seqF1363 = F family seq 1363  0.435433 36 F
FEIYFEFPFPFNNFSFTFETCFQFGPMMFQNFEFGPVFFFFCFFFVFFFNFFTIGFHFFVFLFFHMPMFFFDAAGFWMCPFG
>seqH1995 = H family seq 1995  0.435652 34 H
TIHFLHHHLQHHVDLMQECHSHHHHAHLEHHHHHPHVLGHNHDTAHHHHHCSHQYLHFTDKPRRYHSMEHEFHHHAKLHPAVRTGTHI
>seqV731 = V family seq 731  0.461524 34 V
VVKWVAVQHVCVAMRSTVIVQRVVSERVMNVVVTRVEWVVVWVVVQIVVVVFVVVQKVKKVTNAGTVVVRPGV
>seqQ1550 = Q family seq 1550  0.462311 34 Q
WPFQQQMVMPWGQFCQELGNQKQMQQWAQQDEIQDCQRRHCTDQQQQQQWQPNQQIQDQDLQIDQQQQNQFHDQMQQMQGV
>seqR1790 = R family seq 1790  0.470126 35 R
RWERCWRRRIRRTRQRRKNLKRRRKFRMRKVPFRWRERRAKLGSHARREKRIKRRVRRMYHNDRRRRVNRHRVTIRVQSRMRHPV
>seqY1871 = Y family seq 1871  0.473088 34 Y
YTYYIVFQYKYFVYFYSYYCYWYYYYMYNYAYNINYMGYMDCFTRLSQVQWMYFEIYYYYDNCQCYMLYYYYNNYYYYYWDMV
>seqP893 = P family seq 893  0.473397 35 P
PNYFHYYYPPQGSWHPYTPPPVPQPPAASKSFPPYPFPSIRPPPPHMTPPDPFSPPPPDPPPPSTPIMPPDMTHPPP
>seqS1471 = S family seq 1471  0.494520 35 S
DSSYSSSNAPYPLVCVCSSDSSFYSSEPSSVSSTDSASYSSCSRSSQSSDYGCDSWVSQSLHTIDTKSSEYVLMSSTSQSSMSKLK
>seqS1857 = S family seq 1857  0.498332 34 S
ISSWSSSVISSISSRSQFECWIERLWESCSISLSSMPVSISFLNSYEQHSSSERKKWSSWSVWVNSSLSSKSAQSPVAQSSSQISE
>seqT1882 = T family seq 1882  0.518261 34 T
TTGCTTFTNTQTTTETYTTTCCEQITACSQTTTPTTPMTTTEGTITDRTTPTWIFGCNTTEDEITEPYICTTHCQTQSTQCK
>seqM1854 = M family seq 1854  0.519299 34 M
KFMMMMVMDYMMMMEMMMMDMMQMFVQQMMMHHMMEGPEMHMMGSSMMTNQVSMKGSHESPQMMMMMPTMQFRMN
>seqY1668 = Y family seq 1668  0.531980 34 Y
YQTVYYQGLSVMYYFYMYYYSYWSYYYRYNHYYYYLWRYHYLYYMRCYYYYYTDYYDVYYSCYWQNYQYMM
>seqA1825 = A family seq 1825  0.533603 34 A
AAEDAAAAAPAAFAFRALASAAEAADTAQLWSADCINGNAAASCYMAAPMAAWECMMAMACEESAIARSAAYIAAA
>seqY1991 = Y family seq 1991  0.536700 35 Y
DCHVIFFYYQYKYVVCYYKIYICAWLPYGYHYYWNAYYISYNGKGKDCYFYYTMQYYYMYYHYVYYYNDYCQKYYYYNNYYYWQYMRV
>seqR1690 = R family seq 1690  0.543022 37 R
RERGRRRRRNRRGSNHGRRRGMRRKRRRRRERRKLRSRAREKRGRKSRNRMYRLFRRRCVQVRQDRTILSVWRRR
>seqK1543 = K family seq 1543  0.579025 34 K
YYCKAKKKKKAQKKSVKKIMKCRKKSCSKKKKMTSKEKKKKQWHVKFQKFKKASKKAFKKNSSAKKKKHF
>seqT1996 = T family seq 1996  0.587960 34 T
TTGTCTEFTTITTTTQYTLGWTPTTTLESYTCGQTKTPISTEGETTDRTGTTMLFGTCTTATTGICWTTMTCYTLTPQSIK
>seqP1609 = P family seq 1609  0.595399 36 P
PPPFPPPWPPWNWPPAPPPDVWPPPPHYWVPAPNYPNTHPQNPPVPISHKPMGQLPPPSPVRQPNPPNPPPHIVPVWGL
>seqV1516 = V family seq 1516  0.603963 34 V
VPVQDVWVNEVCCVNVVVKVVYVVFENVVVCFVFNIQCHVRVVQYVVHVVVVVGVWVYQDFHTVWGTVNFCVKNKVVI
>seqC802 = C family seq 802  0.620300 34 C
AECFTLNCIPMPTCCCCCCCPMWITEWCMWCRCEMRHCCGCICCCAFWGCCAFCVSCCCHCRFCCCSECCCCWCCKL
>seqY1519 = Y family seq 1519  0.643520 34 Y
NYQTYMVCTSYYHNQDYYSQYWYTYYMNHYMTYRGYWYRYYIYDMYQYPYYYEYGQDYYDVYQMYYTYYMYQYYMY
>seqE2005 = E family seq 2005  0.732404 34 E
LERACEEEHEFANSFWEEEAEEGESEAKELEEEEELQECILLAHAQEVIEEMNEEEPMWQEEFEGCEEEIEEGVPEINRNR
>seqM699 = M family seq 699  0.805056 34 M
SNMSMMFMMMAMMNLVVTWLMYRMSMNMFHLMGMMNMMMLGCVSWQMMWMMIGMTMMLIMMMMWAMDMMMRGM
>seqK1851 = K family seq 1851  0.829044 34 K
KVDNKFLVKEVDKFKFHKKIKKADWKHKKWNRKPCFNGVMDAKKKKNNKWPYQMKKNKKACKKKDEVKSITVVKKDNKVAKKKHKK
>seqE922 = E family seq 922  0.830671 34 E
EGFEEEDGEEEEEEVCLEEEMENEADYFDNWNWQCEDIEDSEEERYYEETRREEKEEEEMALRECKEEEPEMPWEFHR
>seqS1635 = S family seq 1635  0.874748 34 S
DNSSSSWNASGPSVCSCHSSSSYLSSTSSSHSPSYNFTSSSSQSDIGPDKSSQSPSTSAKSSIMSPWSRSSPK
>seqT694 = T family seq 694  0.896481 35 T
STHGWQTTTKETTTCYFGTTTDPWTNTDTPTCEHTLPTTGIKTKYATTGTASTTTLTMTTTTTRYKTTTQVMTST
>seqS658 = S family seq 658  0.910164 34 S
WHCTSISSCRSASSFQDWSRSHPLSSSWTSSSQSSSSSCSCPSESSFFPSNSSSPSSTPSIKSWSSSWAEDW
>seqH1235 = H family seq 1235  0.943386 34 H
HHECTAGFHGHPAKHHTSTHHHNHHDQGHPGGHAHHTTRHYFDRHSVFHVHAHQHHHHIFFFLGHHHTHHWLHHAPHHHWSE
>seqH773 = H family seq 773  0.946275 35 H
GSYIHNHLYIHHEHGHHHNPHHTWHNRHHHHHQHEHIHTAHHHHWIHHHHLGHHLTHHWLIHRHHHSEW
>seqF1583 = F family seq 1583  0.963700 34 F
YTNFNFQDFDMQFFPGFLFFYTDQFFKQTFFEAFDFFGDTHFFRHEVFEFHLCFYFFYFFFHMFFFDGYFFFDFAFFHDIH
>seqY1299 = Y family seq 1299  0.964475 36 Y
YAKNYHEVAYFYYYRNYYKAYPYQYYYKYWENHEYTAQYWYGYYYYNRPSYMYAQWYREVCKYDYGMYEYYNYYYYYYAY
>seqD1214 = D family seq 1214  0.976998 34 D
DMDDDTRLYRDEDRQEQYLDADWDDDLDDDDDGDETADEGDDLADDQDDKNAEDWDEHMDPLMPFQKGDEDDDHDIKCMVHDCVD
>seqN1536 = N family seq 1536  0.987275 34 N
RNENNNQENSNDNNNRGNNMVNGVLPNNNNIGDGNNVNYNVNNSGNTNNLNNYWNNNNNMAPLIPQNRN
>seqI909 = I family seq 909  0.995352 34 I
IVAWHGIAINYIIMIDNEVIIDMIQIRICIIIHGIWIIIPIIIIITIAADAQPIIPGDKIHADGIIIIIIIWGELFHPLCP
