>seqI424 = I family seq 424  0.002790 34 I
NIWGVCIKMITYGIIIIIIFPVIIKIIVIIIITPISIEIPIKVIIQTMIISINQVVILIMIPRISIIGIIVYE
>seqP74 = P family seq 74  0.005087 69 P
PPPPPPWPPPPPPPPPPPPPPPPPPPPPPPPPPPPPPPPPPPPPPPPPPPPPPPPPPPPPPPPPPPPPPP
>seqN47 = N family seq 47  0.005802 72 N
YNNNNNNNNNNNNNNNNNNNNNNNINNNNNNNNNNNNNNNNNNNNNNNNNNNNNNNNNNNNNNNNNNNNNNNNN
>seqI519 = I family seq 519  0.005806 34 I
INIQIVIIIVIEMTYIIIIPFPMVFKIIEKVIIIQTVIVEENTIIKPNIIILIIINCVVDILIRMICIIISIIGIRDVE
>seqD330 = D family seq 330  0.005872 35 D
SIMCSDDDDDCDDDINDIDTWDWEDSDDRDNDCSDDSYKDTIHDKDDQWDADRHWHIMDIDDDDIDDDDDKED
>seqT178 = T family seq 178  0.009715 66 T
PAICTTTTTLTTTTTTTTTTTITTTYTTWTTTVTTTTRTTTTTTTTTTTTTTTTTTTTTTTTTTTTTTNTTTTTYTTTV
>seqI308 = I family seq 308  0.010531 34 I
NCVVAIKMMITEIIINIRILISWAVFIIIIVMIIEPIIIIIIWIIIITMIISINQIICILMIIARISIGFY
>seqK41 = K family seq 41  0.013765 77 K
FKKKKKKKKKKKKKKKKKKKKKKKKKKKKKKKKKKKKKKKKKKKKKKKKKKKKKKKKKKKKKKKKKKKKKKKKKKKKK
>seqC101 = C family seq 101  0.013990 67 C
CCCCCCCCPCCCCCCCCCCCCCCCCCCRCCCCCCCCCCCCVCDCCCCTCCCCCCCCCCCCCCCCCCCCCCCCI
>seqM261 = M family seq 261  0.015076 50 M
MKPMMRPMMMMMMSCMMMEMMVMMMWWMMTSMMMMMMMMMTWQMMMCMWSPMMIMMMMMMMVMMMRMMMMMARMHQPDD
>seqY598 = Y family seq 598  0.017382 34 Y
YMERLELYYYYYYYLQAYYYYKSYYYGEQIYDYYLETAYYEYDTHHIYEETYQHHYGQGYYTYEAYYGEMRYEYYYYN
>seqE596 = E family seq 596  0.018960 36 E
DKEEEHHYDCWENGEGTEVEEAEEESEENNEREEEWEPQKDEECEETEWEHEVAETTKVYEENEEIEIEIQEELEEAKYW
>seqE265 = E family seq 265  0.018974 44 E
KCGHLEEDEEEEFEGECEENVDMEEEWEEEQEEEEEKIPEEFEEEQLTVEEEEEEEECEWETLVENEWEEEFEYEELQFK
>seqA28 = A family seq 28  0.019433 74 A
RAAAAAAAAAAAAAAAAAAAAAAAAAAAAAAAAAAAAAAAAAAAAAAAAAAAAAAAAAAAAAAAAAAAAAAAAAA
>seqY213 = Y family seq 213  0.021769 54 Y
APNCYALYYYYYYYYTYYYYPYYPYYLYYYFYYYWYYYYYYYYYVYTYYYYYYYYYYYYYYVWYYYYYIYLPYALWKW
>seqV324 = V family seq 324  0.026238 34 V
VGVWWNVLVHVVVVVHTVVDVTTVFLVLAVDVVVNVVTTHVHTVVYVLWCDVWVFQNVVVFRVWVVVIRNGV
>seqN377 = N family seq 377  0.027375 35 N
NANNNCNLNNRFNNNNNNNENCNQRNQLNENPIVNNNNSQNWQCELEMNNVRNNNNSMNNNQNQNPHSPRCM
>seqV466 = V family seq 466  0.029478 36 V
GVVRVWVNVLCVENVEHSNVVVTVVVLGAVRVVRQFVHPDVTVVVVVVWPKDVVFVNVVVVVSVESRNGAVVV
>seqL587 = L family seq 587  0.030079 34 L
LQIIALDLLLLHELLTRCLMCWQVLLLELLCERLHQLTAQWLLKLLYLLLLQHLLLGFLLLYPLQLYHLLTW
>seqV24 = V family seq 24  0.032825 75 V
VVVVVVVVVVVVVVVVVVVVVVVVVVVVVVVVVVVVVVVVVVVVVVVVVVVVVVVVVVVVVVVVVVVVVVVVVVV
>seqP472 = P family seq 472  0.054910 35 P
NLNPMFLKNPPPQPPQPPFPQFNLNWLGPSQPWGLLPYNQHTPPVHPFLPPLPQPPPTEPPPPPWPPPKPSKPPPPP
>seqR370 = R family seq 370  0.056344 35 R
IYFTDMPLRRPSTRMRARRRRDYIERKRVLRKDRRTTPGRRRIRVTIDRKRRRMQRRRRMVNRRYERRRMRRKVGLRPRQR
>seqF390 = F family seq 390  0.062097 34 F
QFPKWFFFFFFVFDFKYFYFFFFFMFLTFQLAFIQLRSNFGFMLDFFDWAWFYFTFRSFFFLFFVFKYYTIMQFFLFPQRW
>seqI169 = I family seq 169  0.066892 64 I
CTIIIIIIIIIIIIIILIIIIIIIIIEIIIIIPIIIIIIIIWIIIIIIIIIIIIIIIIILIIIMIIIIIIIIGAF
>seqC359 = C family seq 359  0.067600 36 C
PGCCCACCARKCNLCACCRCFMRCCHCCACCCNMSCDCCCCCPCDCNCSCCCSCWWCNCNCAANNCLQCCTYLR
>seqA571 = A family seq 571  0.074108 36 A
FARYYAYKAYAALNNAAAAAGACLAAAAARAAFQAAEYAAIICKVAIDRAVAYACKLAQAAYSEAQNSALGRSLANLCAAAGA
>seqW540 = W family seq 540  0.099026 35 W
WWKWWWPQWWWWNWWFFWWSTQFLWWWLWPNNACPWWFRWKVMFWWWWPPQCWWFVWWNWDFENCWWGEWWGWFIWPM
>seqT347 = T family seq 347  0.106327 34 T
AKIFLTTTTTTPDTTGTTITPTATLWTTTGYNTRTWHTTNKYTTLTWTTTKTTTTTTEIATTNMKFNAYHPHGVMLG
>seqL198 = L family seq 198  0.106961 60 L
MTMTWLLLLLLLLLLLLLLLLLLLLCLGLLLLLLLLLLLELLLLLIWLLLPLLVLLKLLLDLLLLCMLKLLLLLYLLLKW
>seqW163 = W family seq 163  0.115366 64 W
WWWWWNWWWEWWAWWIWWWVWWWWWWWHWWWWAWWWWWWWWWWWLWWWWWWWSWWWWWWWWWWWPWAWWWWWWWWH
>seqR597 = R family seq 597  0.117120 35 R
VCRRFDFSRRMCYRRRRNTFVQVIRRHRARKDRMFAWGARYRWRRRRRRRAKVRRQRFATRHRVEFTRRRFRRTVRRTFPRQK
>seqE422 = E family seq 422  0.119041 35 E
SIEEHHESEPEEEEGTIEIIHAQESWEEEVEEEEENIPEEFEEIATVQDEEEHIEPEYTEESENDCEEELEEANKI
>seqQ151 = Q family seq 151  0.121187 64 Q
RQQSGQQVQQQQQQQHSQQQQQQQQYQQQQQQQQQQQQQQQQQQQQQQQQQDSQEQQQQQQQQQQQQQQQWQQQQPT
>seqD451 = D family seq 451  0.133209 34 D
DDLDSDASDFCDLDMANDDDDPWDQDEDVDRRADCLDFSDDDRIHDDKDYQASADDDWQIMDIDMDIRQDSDRDDD
>seqG377 = G family seq 377  0.154756 35 G
FYGNGGGGGGGNWGGHTGAPGGHGGEWGWSQQGCPGGRSPGGGGGTKGGCMNNGGLRWGGRGGLAGPELKQGPFQPFQG
>seqL488 = L family seq 488  0.158303 37 L
ELTLEFWLLLLDELLLLELLDVDMCGYLVLLLYLERLSLLLAQCDLLLLSGLLSHLLLCIYLLYGKYLLLLLP
>seqD573 = D family seq 573  0.222011 36 D
MDDDDMSASDDTDDIEDLRCDDIQMQESVDDEDTTCLDTSQDDDDIDDDQYDAPADQDEDMDHDMDKIDDQDDIDDD
>seqR163 = R family seq 163  0.229938 61 R
FIRRRRPRRRRPRRRRRDRRRRRRYDTSRRRRRRRRRRRRRRRRGRRRRRRRRGRRRRRRRRCRRRRYRRRRRRD
>seqG197 = G family seq 197  0.242544 52 G
YNSGGGRWGGGGGGGGHGSGGGGLLKGGGGGGGGGGGGGGGGSGGGGMGPGGGGWGGGQGLGGGPGKGGIPFGYL
>seqF167 = F family seq 167  0.247961 64 F
RDFFFFFFFFFFFFLFFFFFWFFFFFFFFFFLFNFFFFFMFFFFSFFFKFFFFFFFFFFFFFFFFDFFFFFFFFYC
>seqK445 = K family seq 445  0.276123 34 K
MIKKKRKGRKKKVIKKPKMKKKIKVKIEKKDTLSSKKIKMKLKGHMCKKKNHRKPSIDEKTKIKNVNKKKKKDVNECM
>seqF498 = F family seq 498  0.290347 34 F
DFFFFWFIFFFFDFFFYFFGFFRFMQFAFFSRLFFFFFDDFRWFIWFTPFFNFLFSKSTMQPILFPQRWF
>seqM486 = M family seq 486  0.312235 34 M
QMYMCMQQDYEMMWMMWMMNKIGRSMPHMMWWAIISFMMMMMMHWSPVMMNMMSLARKDHWMMMMSMMMCYMMMQRMWEHQTNM
>seqP332 = P family seq 332  0.338278 34 P
DRDNLKPPPPQLPTPPPPPQFNPLDPRPKPKPPQPPHFPLPPQHTTYPPPPWKQFPPPTEIPLPPFIPSPPSQL
>seqK319 = K family seq 319  0.351780 34 K
LIHPKKKRIYKKTKPKAKKSNDKQKKKETYSKKKIKKKKKMKKKHHKKSKTKDKKRIKVNKKIWKDCAERD
>seqS525 = S family seq 525  0.356883 35 S
SSRFSNSSESLSSGFNSFGNSTSSSVSSITQKSMSSSSFTTSSKSVLSSSQYGKDMGGGSSLSRQSSSTSYISSN
>seqH237 = H family seq 237  0.371672 54 H
MCVHHHHHMHHHHHHHHHHHHHHHHHHHVHHHHPHHHHRHKHHHHHHFHHHHHNTHHHHGFHHHKHHPHRMRK
>seqV599 = V family seq 599  0.379219 35 V
NYVMVSQTHQCEVVVHCNVVVTVHVVLGVSVPVLVVVVVVCHQTVRCFVDVVNVVVPVVSVLSSVHSGVVWVV
>seqS151 = S family seq 151  0.382160 65 S
FNSESSSSSSSSSSSSSSSLSSSSSSSSSSSSSSWASSSSSSSSSSSSQSSSSLSSSSNSSSSSSSTESSSSSSSSVN
>seqT505 = T family seq 505  0.396160 34 T
MTMEFTFTLTTRTSDTAESGTTTTDPTCWTTDTYTTMCHTTNSCTTLMFTTTTKTPHTTHELTMTNTKHRTYTYCTMHFKIG
>seqH475 = H family seq 475  0.416910 35 H
HPHRHWNHWHLHKHHHLQHWTHCAHHIHHHHHWHDIWPHTHHACHHHFHIAHAAMGHHHNGRAMHHHNAHLTIRTKAHK
>seqQ504 = Q family seq 504  0.422949 34 Q
LQGQRQQKVVQQQELQQFMFFQGDRQRYQQCQQDQNKQWQGQKEQKMWDVQQQFQADGQQTQQQCQQRQQDRTLQPGK
>seqG495 = G family seq 495  0.441216 34 G
GGNGGGGGQTTGAGGGDKAAEWSMHLGPGGYSGGGGKGGTNGGGWGLRGPGQHGGPHAGGPGFGYGKFG
>seqG596 = G family seq 596  0.488609 34 G
GEGYGGGGGGTGLGYWPEGGSHPGGKPGSSHGGGGGCGKNKPTGSLFLGGGHGPGHGGGGGYGEFG
>seqD131 = D family seq 131  0.544802 67 D
NIWDDDDDDDDDDDDDDDDDDIDDDWDDDDDDDDDDDDCDDDDDTDDDDDDCDDDDDDDDDDDDDDDDDDDDDDDY
>seqW360 = W family seq 360  0.559319 35 W
WPPWLPWCHEEWWWQLVGWWITWWGWWKLHWRNAFWWRWWRWKWWWIPPWRCIWWKWWMWDVPWWCPWWWWHVGWWIR
>seqY473 = Y family seq 473  0.571145 34 Y
YMYYGRYFKYDYRTYYGSYYYYVNISDYYYYTYYYYDVYIYYYYHHHYYYYYCRGGYYGYLMRGHYELN
>seqQ353 = Q family seq 353  0.642107 34 Q
QHVGQQQVTSQELHHVYMQQQVDAFCRYQQSQLQQQNQASARQQQKQKMQDSQLEQMQADFQHQQSQQQQQEQHRTQQPL
>seqF593 = F family seq 593  0.647475 35 F
DFQHFFFVILFFTVFFNVFFNQFFMTFQFPFFFLNFFFHCFFIFVIWYFQFFMFLFQFKFTEVFMQFLLFPCQFWQF
>seqA426 = A family seq 426  0.665350 34 A
AQSAKYANKAAAAAAAAVAFLAACSAQAAAVGAAAAASVCMAANYMAACIKQGIAAAMAECAVAGRSSMSTAVIGMT
>seqS394 = S family seq 394  0.739591 34 S
FRSNSVVELSIGSNSSSSSSMMSSLSFRDSWQSRMSSKFILKGSKSSSLSSYQYSGSLDMIGNAGSSLGSSSVSCASSCYASVN
>seqN507 = N family seq 507  0.745134 35 N
NHNNHRNNNCNDQNPNNNYPNNIETNANQNWHQHNENIVANNNNSQNIGFQENEMNNRHNVFNDNNSNNFASYNILSNMN
>seqK590 = K family seq 590  0.951817 34 K
MIKFKYKVWKGVFKKVPKKKEVVKKKKKKEKYKKVPKSKKDKNMKTNHVWQLSNHQKKSDQDTDTKQVNNDKCKKKKINYKKK
